******************************************************************************
             TMS320C2000 Linker PC v22.6.1                     
******************************************************************************
>> Linked Tue Dec 10 16:41:58 2024

OUTPUT FILE NAME:   <AC_Battery_CPU1.out>
ENTRY POINT SYMBOL: "code_start"  address: 00000000


MEMORY CONFIGURATION

         name            origin    length      used     unused   attr    fill
----------------------  --------  ---------  --------  --------  ----  --------
PAGE 0:
  BEGIN                 00000000   00000002  00000002  00000000  RWIX
  RAMM0                 00000122   000002de  000002dd  00000001  RWIX
  RAMLS12345            00008800   00002800  0000205a  000007a6  RWIX
  RAMD0                 0000b000   00000800  00000800  00000000  RWIX
  RAMD1                 0000b800   00000800  00000800  00000000  RWIX
  RAMGS1                0000d000   00001000  000008ab  00000755  RWIX
  RESET                 003fffc0   00000002  00000000  00000002  RWIX

PAGE 1:
  BOOT_RSVD             00000002   00000121  00000000  00000121  RWIX
  RAMM1                 00000400   000003f8  00000100  000002f8  RWIX
  ADCARESULT            00000b00   00000018  00000018  00000000  RWIX
  ADCBRESULT            00000b20   00000018  00000018  00000000  RWIX
  ADCCRESULT            00000b40   00000018  00000018  00000000  RWIX
  ADCDRESULT            00000b60   00000018  00000018  00000000  RWIX
  CPUTIMER0             00000c00   00000008  00000008  00000000  RWIX
  CPUTIMER1             00000c08   00000008  00000008  00000000  RWIX
  CPUTIMER2             00000c10   00000008  00000008  00000000  RWIX
  PIECTRL               00000ce0   0000001a  0000001a  00000000  RWIX
  PIEVECTTABLE          00000d00   00000200  000001c0  00000040  RWIX
  DMA                   00001000   00000200  000000e0  00000120  RWIX
  CLA1                  00001400   00000080  0000003e  00000042  RWIX
  CLA1_MSGRAMLOW        00001480   00000080  00000074  0000000c  RWIX
  CLA1_MSGRAMHIGH       00001500   00000080  0000003c  00000044  RWIX
  CLB1LOGICCFG          00003000   00000052  0000003e  00000014  RWIX
  CLB1LOGICCTRL         00003100   00000040  00000040  00000000  RWIX
  CLB1DATAEXCH          00003200   00000200  00000108  000000f8  RWIX
  CLB2LOGICCFG          00003400   00000052  0000003e  00000014  RWIX
  CLB2LOGICCTRL         00003500   00000040  00000040  00000000  RWIX
  CLB2DATAEXCH          00003600   00000200  00000108  000000f8  RWIX
  CLB3LOGICCFG          00003800   00000052  0000003e  00000014  RWIX
  CLB3LOGICCTRL         00003900   00000040  00000040  00000000  RWIX
  CLB3DATAEXCH          00003a00   00000200  00000108  000000f8  RWIX
  CLB4LOGICCFG          00003c00   00000052  0000003e  00000014  RWIX
  CLB4LOGICCTRL         00003d00   00000040  00000040  00000000  RWIX
  CLB4DATAEXCH          00003e00   00000200  00000108  000000f8  RWIX
  EPWM1                 00004000   00000100  00000100  00000000  RWIX
  EPWM2                 00004100   00000100  00000100  00000000  RWIX
  EPWM3                 00004200   00000100  00000100  00000000  RWIX
  EPWM4                 00004300   00000100  00000100  00000000  RWIX
  EPWM5                 00004400   00000100  00000100  00000000  RWIX
  EPWM6                 00004500   00000100  00000100  00000000  RWIX
  EPWM7                 00004600   00000100  00000100  00000000  RWIX
  EPWM8                 00004700   00000100  00000100  00000000  RWIX
  EPWM9                 00004800   00000100  00000100  00000000  RWIX
  EPWM10                00004900   00000100  00000100  00000000  RWIX
  EPWM11                00004a00   00000100  00000100  00000000  RWIX
  EPWM12                00004b00   00000100  00000100  00000000  RWIX
  ECAP1                 00005000   00000020  0000001a  00000006  RWIX
  ECAP2                 00005020   00000020  0000001a  00000006  RWIX
  ECAP3                 00005040   00000020  0000001a  00000006  RWIX
  ECAP4                 00005060   00000020  0000001a  00000006  RWIX
  ECAP5                 00005080   00000020  0000001a  00000006  RWIX
  ECAP6                 000050a0   00000020  0000001a  00000006  RWIX
  EQEP1                 00005100   00000022  00000022  00000000  RWIX
  EQEP2                 00005140   00000022  00000022  00000000  RWIX
  EQEP3                 00005180   00000022  00000022  00000000  RWIX
  DACA                  00005c00   00000008  00000007  00000001  RWIX
  DACB                  00005c10   00000008  00000007  00000001  RWIX
  DACC                  00005c20   00000008  00000007  00000001  RWIX
  CMPSS1                00005c80   00000020  0000001b  00000005  RWIX
  CMPSS2                00005ca0   00000020  0000001b  00000005  RWIX
  CMPSS3                00005cc0   00000020  0000001b  00000005  RWIX
  CMPSS4                00005ce0   00000020  0000001b  00000005  RWIX
  CMPSS5                00005d00   00000020  0000001b  00000005  RWIX
  CMPSS6                00005d20   00000020  0000001b  00000005  RWIX
  CMPSS7                00005d40   00000020  0000001b  00000005  RWIX
  CMPSS8                00005d60   00000020  0000001b  00000005  RWIX
  SDFM1                 00005e00   00000080  00000048  00000038  RWIX
  SDFM2                 00005e80   00000080  00000048  00000038  RWIX
  MCBSPA                00006000   00000024  00000024  00000000  RWIX
  MCBSPB                00006040   00000024  00000024  00000000  RWIX
  SPIA                  00006100   00000010  00000010  00000000  RWIX
  SPIB                  00006110   00000010  00000010  00000000  RWIX
  SPIC                  00006120   00000010  00000010  00000000  RWIX
  UPP                   00006200   00000048  00000048  00000000  RWIX
  WD                    00007000   0000002b  0000002b  00000000  RWIX
  NMIINTRUPT            00007060   00000007  00000007  00000000  RWIX
  XINT                  00007070   0000000b  0000000b  00000000  RWIX
  SCIA                  00007200   00000010  00000010  00000000  RWIX
  SCIB                  00007210   00000010  00000010  00000000  RWIX
  SCIC                  00007220   00000010  00000010  00000000  RWIX
  SCID                  00007230   00000010  00000010  00000000  RWIX
  I2CA                  00007300   00000022  00000022  00000000  RWIX
  I2CB                  00007340   00000022  00000022  00000000  RWIX
  ADCA                  00007400   00000080  0000007c  00000004  RWIX
  ADCB                  00007480   00000080  0000007c  00000004  RWIX
  ADCC                  00007500   00000080  0000007c  00000004  RWIX
  ADCD                  00007580   00000080  0000007c  00000004  RWIX
  INPUTXBAR             00007900   00000020  00000020  00000000  RWIX
  XBAR                  00007920   00000020  0000000e  00000012  RWIX
  SYNCSOC               00007940   00000006  00000006  00000000  RWIX
  DMACLASRCSEL          00007980   0000001a  0000001a  00000000  RWIX
  EPWMXBAR              00007a00   00000040  00000040  00000000  RWIX
  CLBXBAR               00007a40   00000040  00000040  00000000  RWIX
  OUTPUTXBAR            00007a80   00000040  00000040  00000000  RWIX
  GPIOCTRL              00007c00   00000180  00000180  00000000  RWIX
  GPIODATA              00007f00   00000030  00000030  00000000  RWIX
  RAMLS0                00008000   00000800  0000040d  000003f3  RWIX
  RAMLS2_1              00009000   00000400  00000000  00000400  RWIX
  RAMLS2_2              00009400   00000400  00000000  00000400  RWIX
  RAMLS3_1              00009800   00000400  00000000  00000400  RWIX
  RAMLS3_2              00009c00   00000400  00000000  00000400  RWIX
  RAMGS0                0000c000   00001000  00000be8  00000418  RWIX
  RAMGS2                0000e000   00001000  0000009a  00000f66  RWIX
  RAMGS3                0000f000   00001000  000001c0  00000e40  RWIX
  RAMGS4                00010000   00001000  00000000  00001000  RWIX
  RAMGS5                00011000   00001000  00000000  00001000  RWIX
  RAMGS6                00012000   00001000  00000000  00001000  RWIX
  RAMGS7                00013000   00001000  00000000  00001000  RWIX
  RAMGS8                00014000   00001000  00000000  00001000  RWIX
  RAMGS9                00015000   00001000  00000000  00001000  RWIX
  RAMGS10               00016000   00001000  00000000  00001000  RWIX
  RAMGS11               00017000   00001000  00000000  00001000  RWIX
  RAMGS12               00018000   00001000  00000000  00001000  RWIX
  RAMGS13               00019000   00001000  00000000  00001000  RWIX
  RAMGS14               0001a000   00001000  00000000  00001000  RWIX
  RAMGS15               0001b000   00000ff8  00000000  00000ff8  RWIX
  EMIF1                 00047000   00000070  00000028  00000048  RWIX
  EMIF2                 00047800   00000070  00000028  00000048  RWIX
  CANA                  00048000   00000200  00000164  0000009c  RWIX
  CANB                  0004a000   00000200  00000164  0000009c  RWIX
  IPC                   00050000   00000024  00000024  00000000  RWIX
  FLASHPUMPSEMAPHORE    00050024   00000002  00000002  00000000  RWIX
  DEVCFG                0005d000   0000012e  0000012e  00000000  RWIX
  ANALOGSUBSYS          0005d180   00000048  0000003e  0000000a  RWIX
  CLKCFG                0005d200   00000032  00000032  00000000  RWIX
  CPUSYS                0005d300   00000082  00000082  00000000  RWIX
  ROMPREFETCH           0005e608   00000002  00000002  00000000  RWIX
  DCSMZ1                0005f000   00000024  00000022  00000002  RWIX
  DCSMZ2                0005f040   00000024  00000022  00000002  RWIX
  DCSMCOMMON            0005f070   00000008  00000006  00000002  RWIX
  MEMCFG                0005f400   00000080  00000076  0000000a  RWIX
  EMIF1CONFIG           0005f480   00000020  0000000a  00000016  RWIX
  EMIF2CONFIG           0005f4a0   00000020  0000000a  00000016  RWIX
  ACCESSPROTECTION      0005f4c0   00000040  0000002e  00000012  RWIX
  MEMORYERROR           0005f500   00000040  0000003a  00000006  RWIX
  ROMWAITSTATE          0005f540   00000002  00000002  00000000  RWIX
  FLASH0CTRL            0005f800   00000182  00000182  00000000  RWIX
  FLASH0ECC             0005fb00   00000028  00000028  00000000  RWIX
  UID                   000703c0   00000010  00000010  00000000  RWIX


SECTION ALLOCATION MAP

 output                                  attributes/
section   page    origin      length       input sections
--------  ----  ----------  ----------   ----------------
codestart 
*          0    00000000    00000002     
                  00000000    00000002     F2837xD_CodeStartBranch.obj (codestart)

.cinit     0    00000122    000000de     
                  00000122    00000034     sdfm_filter_sync_cla_cpu01.obj (.cinit)
                  00000156    00000021     F2837xD_struct.obj (.cinit:_TRIP_SEL)
                  00000177    0000001d     F2837xD_struct.obj (.cinit:_EPWM)
                  00000194    00000011     F2837xD_struct.obj (.cinit:_ECAP)
                  000001a5    0000000e     rts2800_fpu32.lib : exit.c.obj (.cinit)
                  000001b3    0000000d     F2837xD_struct.obj (.cinit:_ADC)
                  000001c0    0000000b     F2837xD_struct.obj (.cinit:_EQEP)
                  000001cb    0000000b     F2837xD_struct.obj (.cinit:_SPI)
                  000001d6    00000009     F2837xD_struct.obj (.cinit:_SDFM)
                  000001df    00000007     F2837xD_struct.obj (.cinit:_I2C)
                  000001e6    00000007     F2837xD_struct.obj (.cinit:_MCBSP)
                  000001ed    00000007     F2837xD_struct.obj (.cinit:_SCI)
                  000001f4    00000005     rts2800_fpu32.lib : _lock.c.obj (.cinit:__lock)
                  000001f9    00000005                       : _lock.c.obj (.cinit:__unlock)
                  000001fe    00000002     --HOLE-- [fill = 0]

.pinit     0    00000122    00000000     UNINITIALIZED

.reset     0    003fffc0    00000002     DSECT
                  003fffc0    00000002     rts2800_fpu32.lib : boot28.asm.obj (.reset)

.TI.ramfunc 
*          0    00000200    00000004     
                  00000200    00000004     F2837xD_usDelay.obj (.TI.ramfunc)

Cla1Prog   0    00008800    0000205a     
                  00008800    00001e0c     sdfm_filter_sync.obj (Cla1Prog:_Cla1Task1)
                  0000a60c    000001a6     sdfm_filter_sync.obj (Cla1Prog:_Cla1Task8)
                  0000a7b2    00000038     cla1_math_library_fpu32.lib : CLAcosPU.obj (Cla1Prog:_CLAcosPU)
                  0000a7ea    00000038                                 : CLAsinPU.obj (Cla1Prog:_CLAsinPU)
                  0000a822    00000010     sdfm_filter_sync.obj (Cla1Prog:_Cla1Task2)
                  0000a832    00000008     sdfm_filter_sync.obj (Cla1Prog:_Cla1Task3)
                  0000a83a    00000008     sdfm_filter_sync.obj (Cla1Prog:_Cla1Task4)
                  0000a842    00000008     sdfm_filter_sync.obj (Cla1Prog:_Cla1Task5)
                  0000a84a    00000008     sdfm_filter_sync.obj (Cla1Prog:_Cla1Task6)
                  0000a852    00000008     sdfm_filter_sync.obj (Cla1Prog:_Cla1Task7)

.stack     1    00000400    00000100     UNINITIALIZED
                  00000400    00000100     --HOLE--

AdcaResultRegsFile 
*          1    00000b00    00000018     UNINITIALIZED
                  00000b00    00000018     F2837xD_GlobalVariableDefs.obj (AdcaResultRegsFile)

AdcbResultRegsFile 
*          1    00000b20    00000018     UNINITIALIZED
                  00000b20    00000018     F2837xD_GlobalVariableDefs.obj (AdcbResultRegsFile)

AdccResultRegsFile 
*          1    00000b40    00000018     UNINITIALIZED
                  00000b40    00000018     F2837xD_GlobalVariableDefs.obj (AdccResultRegsFile)

AdcdResultRegsFile 
*          1    00000b60    00000018     UNINITIALIZED
                  00000b60    00000018     F2837xD_GlobalVariableDefs.obj (AdcdResultRegsFile)

Cla1ToCpuMsgRAM 
*          1    00001480    00000074     UNINITIALIZED
                  00001480    00000074     sdfm_filter_sync.obj (Cla1ToCpuMsgRAM)

CpuToCla1MsgRAM 
*          1    00001500    0000003c     UNINITIALIZED
                  00001500    0000003c     sdfm_filter_sync.obj (CpuToCla1MsgRAM)

AdcaRegsFile 
*          1    00007400    0000007c     UNINITIALIZED
                  00007400    0000007c     F2837xD_GlobalVariableDefs.obj (AdcaRegsFile)

AdcbRegsFile 
*          1    00007480    0000007c     UNINITIALIZED
                  00007480    0000007c     F2837xD_GlobalVariableDefs.obj (AdcbRegsFile)

AdccRegsFile 
*          1    00007500    0000007c     UNINITIALIZED
                  00007500    0000007c     F2837xD_GlobalVariableDefs.obj (AdccRegsFile)

AdcdRegsFile 
*          1    00007580    0000007c     UNINITIALIZED
                  00007580    0000007c     F2837xD_GlobalVariableDefs.obj (AdcdRegsFile)

CLADataLS0 
*          1    00008000    000001a9     UNINITIALIZED
                  00008000    000001a9     sdfm_filter_sync.obj (CLADataLS0)

.ebss      1    0000e000    0000009a     UNINITIALIZED
                  0000e000    0000001e     F2837xD_struct.obj (.ebss:_TRIP_SEL)
                  0000e01e    0000001d     sdfm_filter_sync_cla_cpu01.obj (.ebss)
                  0000e03b    00000001     --HOLE--
                  0000e03c    00000004     F2837xD_struct.obj (.ebss:_I2C)
                  0000e040    0000001a     F2837xD_struct.obj (.ebss:_EPWM)
                  0000e05a    0000000e     F2837xD_struct.obj (.ebss:_ECAP)
                  0000e068    0000000a     F2837xD_struct.obj (.ebss:_ADC)
                  0000e072    00000008     F2837xD_struct.obj (.ebss:_EQEP)
                  0000e07a    00000006     F2837xD_struct.obj (.ebss:_SDFM)
                  0000e080    00000008     F2837xD_struct.obj (.ebss:_SPI)
                  0000e088    00000006     rts2800_fpu32.lib : exit.c.obj (.ebss)
                  0000e08e    00000004     F2837xD_struct.obj (.ebss:_MCBSP)
                  0000e092    00000004     F2837xD_struct.obj (.ebss:_SCI)
                  0000e096    00000002     rts2800_fpu32.lib : _lock.c.obj (.ebss:__lock)
                  0000e098    00000002                       : _lock.c.obj (.ebss:__unlock)

.econst    1    0000f000    000001c0     
                  0000f000    000001c0     F2837xD_PieVect.obj (.econst:_PieVectTableInit)

CLA1mathTables 
*          1    000081aa    00000156     
                  000081aa    00000156     cla1_math_library_fpu32.lib : CLASinCosTable.obj (CLA1mathTables)

CLAscratch 
*          1    00008300    00000100     UNINITIALIZED
                  00008300    00000100     --HOLE--

.scratchpad 
*          1    00008400    0000000c     UNINITIALIZED
                  00008400    0000000a     sdfm_filter_sync.obj (.scratchpad:Cla1Prog:_Cla1Task1)
                  0000840a    00000002     cla1_math_library_fpu32.lib : CLAcosPU.obj (.scratchpad:Cla1Prog:_CLAcosPU)
                  0000840a    00000002                                 : CLAsinPU.obj (.scratchpad:Cla1Prog:_CLAsinPU)

.bss_cla   1    0000840c    00000002     UNINITIALIZED
                  0000840c    00000002     sdfm_filter_sync.obj (.bss_cla)

.reset     0    003fffc0    00000000     DSECT

CpuTimer0RegsFile 
*          1    00000c00    00000008     UNINITIALIZED
                  00000c00    00000008     F2837xD_GlobalVariableDefs.obj (CpuTimer0RegsFile)

CpuTimer1RegsFile 
*          1    00000c08    00000008     UNINITIALIZED
                  00000c08    00000008     F2837xD_GlobalVariableDefs.obj (CpuTimer1RegsFile)

CpuTimer2RegsFile 
*          1    00000c10    00000008     UNINITIALIZED
                  00000c10    00000008     F2837xD_GlobalVariableDefs.obj (CpuTimer2RegsFile)

PieCtrlRegsFile 
*          1    00000ce0    0000001a     UNINITIALIZED
                  00000ce0    0000001a     F2837xD_GlobalVariableDefs.obj (PieCtrlRegsFile)

PieVectTableFile 
*          1    00000d00    000001c0     UNINITIALIZED
                  00000d00    000001c0     F2837xD_GlobalVariableDefs.obj (PieVectTableFile)

EmuKeyVar 
*          1    00000d00    00000000     UNINITIALIZED

EmuBModeVar 
*          1    00000d00    00000000     UNINITIALIZED

EmuBootPinsVar 
*          1    00000d00    00000000     UNINITIALIZED

FlashCallbackVar 
*          1    00000d00    00000000     UNINITIALIZED

FlashScalingVar 
*          1    00000d00    00000000     UNINITIALIZED

DmaRegsFile 
*          1    00001000    000000e0     UNINITIALIZED
                  00001000    000000e0     F2837xD_GlobalVariableDefs.obj (DmaRegsFile)

Cla1RegsFile 
*          1    00001400    0000003e     UNINITIALIZED
                  00001400    0000003e     F2837xD_GlobalVariableDefs.obj (Cla1RegsFile)

Clb1LogicCfgRegsFile 
*          1    00003000    0000003e     UNINITIALIZED
                  00003000    0000003e     F2837xD_GlobalVariableDefs.obj (Clb1LogicCfgRegsFile)

Clb1LogicCtrlRegsFile 
*          1    00003100    00000040     UNINITIALIZED
                  00003100    00000040     F2837xD_GlobalVariableDefs.obj (Clb1LogicCtrlRegsFile)

Clb1DataExchRegsFile 
*          1    00003200    00000108     UNINITIALIZED
                  00003200    00000108     F2837xD_GlobalVariableDefs.obj (Clb1DataExchRegsFile)

Clb2LogicCfgRegsFile 
*          1    00003400    0000003e     UNINITIALIZED
                  00003400    0000003e     F2837xD_GlobalVariableDefs.obj (Clb2LogicCfgRegsFile)

Clb2LogicCtrlRegsFile 
*          1    00003500    00000040     UNINITIALIZED
                  00003500    00000040     F2837xD_GlobalVariableDefs.obj (Clb2LogicCtrlRegsFile)

Clb2DataExchRegsFile 
*          1    00003600    00000108     UNINITIALIZED
                  00003600    00000108     F2837xD_GlobalVariableDefs.obj (Clb2DataExchRegsFile)

Clb3LogicCfgRegsFile 
*          1    00003800    0000003e     UNINITIALIZED
                  00003800    0000003e     F2837xD_GlobalVariableDefs.obj (Clb3LogicCfgRegsFile)

Clb3LogicCtrlRegsFile 
*          1    00003900    00000040     UNINITIALIZED
                  00003900    00000040     F2837xD_GlobalVariableDefs.obj (Clb3LogicCtrlRegsFile)

Clb3DataExchRegsFile 
*          1    00003a00    00000108     UNINITIALIZED
                  00003a00    00000108     F2837xD_GlobalVariableDefs.obj (Clb3DataExchRegsFile)

Clb4LogicCfgRegsFile 
*          1    00003c00    0000003e     UNINITIALIZED
                  00003c00    0000003e     F2837xD_GlobalVariableDefs.obj (Clb4LogicCfgRegsFile)

Clb4LogicCtrlRegsFile 
*          1    00003d00    00000040     UNINITIALIZED
                  00003d00    00000040     F2837xD_GlobalVariableDefs.obj (Clb4LogicCtrlRegsFile)

Clb4DataExchRegsFile 
*          1    00003e00    00000108     UNINITIALIZED
                  00003e00    00000108     F2837xD_GlobalVariableDefs.obj (Clb4DataExchRegsFile)

EPwm1RegsFile 
*          1    00004000    00000100     UNINITIALIZED
                  00004000    00000100     F2837xD_GlobalVariableDefs.obj (EPwm1RegsFile)

EPwm2RegsFile 
*          1    00004100    00000100     UNINITIALIZED
                  00004100    00000100     F2837xD_GlobalVariableDefs.obj (EPwm2RegsFile)

EPwm3RegsFile 
*          1    00004200    00000100     UNINITIALIZED
                  00004200    00000100     F2837xD_GlobalVariableDefs.obj (EPwm3RegsFile)

EPwm4RegsFile 
*          1    00004300    00000100     UNINITIALIZED
                  00004300    00000100     F2837xD_GlobalVariableDefs.obj (EPwm4RegsFile)

EPwm5RegsFile 
*          1    00004400    00000100     UNINITIALIZED
                  00004400    00000100     F2837xD_GlobalVariableDefs.obj (EPwm5RegsFile)

EPwm6RegsFile 
*          1    00004500    00000100     UNINITIALIZED
                  00004500    00000100     F2837xD_GlobalVariableDefs.obj (EPwm6RegsFile)

EPwm7RegsFile 
*          1    00004600    00000100     UNINITIALIZED
                  00004600    00000100     F2837xD_GlobalVariableDefs.obj (EPwm7RegsFile)

EPwm8RegsFile 
*          1    00004700    00000100     UNINITIALIZED
                  00004700    00000100     F2837xD_GlobalVariableDefs.obj (EPwm8RegsFile)

EPwm9RegsFile 
*          1    00004800    00000100     UNINITIALIZED
                  00004800    00000100     F2837xD_GlobalVariableDefs.obj (EPwm9RegsFile)

EPwm10RegsFile 
*          1    00004900    00000100     UNINITIALIZED
                  00004900    00000100     F2837xD_GlobalVariableDefs.obj (EPwm10RegsFile)

EPwm11RegsFile 
*          1    00004a00    00000100     UNINITIALIZED
                  00004a00    00000100     F2837xD_GlobalVariableDefs.obj (EPwm11RegsFile)

EPwm12RegsFile 
*          1    00004b00    00000100     UNINITIALIZED
                  00004b00    00000100     F2837xD_GlobalVariableDefs.obj (EPwm12RegsFile)

ECap1RegsFile 
*          1    00005000    0000001a     UNINITIALIZED
                  00005000    0000001a     F2837xD_GlobalVariableDefs.obj (ECap1RegsFile)

ECap2RegsFile 
*          1    00005020    0000001a     UNINITIALIZED
                  00005020    0000001a     F2837xD_GlobalVariableDefs.obj (ECap2RegsFile)

ECap3RegsFile 
*          1    00005040    0000001a     UNINITIALIZED
                  00005040    0000001a     F2837xD_GlobalVariableDefs.obj (ECap3RegsFile)

ECap4RegsFile 
*          1    00005060    0000001a     UNINITIALIZED
                  00005060    0000001a     F2837xD_GlobalVariableDefs.obj (ECap4RegsFile)

ECap5RegsFile 
*          1    00005080    0000001a     UNINITIALIZED
                  00005080    0000001a     F2837xD_GlobalVariableDefs.obj (ECap5RegsFile)

ECap6RegsFile 
*          1    000050a0    0000001a     UNINITIALIZED
                  000050a0    0000001a     F2837xD_GlobalVariableDefs.obj (ECap6RegsFile)

EQep1RegsFile 
*          1    00005100    00000022     UNINITIALIZED
                  00005100    00000022     F2837xD_GlobalVariableDefs.obj (EQep1RegsFile)

EQep2RegsFile 
*          1    00005140    00000022     UNINITIALIZED
                  00005140    00000022     F2837xD_GlobalVariableDefs.obj (EQep2RegsFile)

EQep3RegsFile 
*          1    00005180    00000022     UNINITIALIZED
                  00005180    00000022     F2837xD_GlobalVariableDefs.obj (EQep3RegsFile)

DacaRegsFile 
*          1    00005c00    00000007     UNINITIALIZED
                  00005c00    00000007     F2837xD_GlobalVariableDefs.obj (DacaRegsFile)

DacbRegsFile 
*          1    00005c10    00000007     UNINITIALIZED
                  00005c10    00000007     F2837xD_GlobalVariableDefs.obj (DacbRegsFile)

DaccRegsFile 
*          1    00005c20    00000007     UNINITIALIZED
                  00005c20    00000007     F2837xD_GlobalVariableDefs.obj (DaccRegsFile)

Cmpss1RegsFile 
*          1    00005c80    0000001b     UNINITIALIZED
                  00005c80    0000001b     F2837xD_GlobalVariableDefs.obj (Cmpss1RegsFile)

Cmpss2RegsFile 
*          1    00005ca0    0000001b     UNINITIALIZED
                  00005ca0    0000001b     F2837xD_GlobalVariableDefs.obj (Cmpss2RegsFile)

Cmpss3RegsFile 
*          1    00005cc0    0000001b     UNINITIALIZED
                  00005cc0    0000001b     F2837xD_GlobalVariableDefs.obj (Cmpss3RegsFile)

Cmpss4RegsFile 
*          1    00005ce0    0000001b     UNINITIALIZED
                  00005ce0    0000001b     F2837xD_GlobalVariableDefs.obj (Cmpss4RegsFile)

Cmpss5RegsFile 
*          1    00005d00    0000001b     UNINITIALIZED
                  00005d00    0000001b     F2837xD_GlobalVariableDefs.obj (Cmpss5RegsFile)

Cmpss6RegsFile 
*          1    00005d20    0000001b     UNINITIALIZED
                  00005d20    0000001b     F2837xD_GlobalVariableDefs.obj (Cmpss6RegsFile)

Cmpss7RegsFile 
*          1    00005d40    0000001b     UNINITIALIZED
                  00005d40    0000001b     F2837xD_GlobalVariableDefs.obj (Cmpss7RegsFile)

Cmpss8RegsFile 
*          1    00005d60    0000001b     UNINITIALIZED
                  00005d60    0000001b     F2837xD_GlobalVariableDefs.obj (Cmpss8RegsFile)

Sdfm1RegsFile 
*          1    00005e00    00000048     UNINITIALIZED
                  00005e00    00000048     F2837xD_GlobalVariableDefs.obj (Sdfm1RegsFile)

Sdfm2RegsFile 
*          1    00005e80    00000048     UNINITIALIZED
                  00005e80    00000048     F2837xD_GlobalVariableDefs.obj (Sdfm2RegsFile)

McbspaRegsFile 
*          1    00006000    00000024     UNINITIALIZED
                  00006000    00000024     F2837xD_GlobalVariableDefs.obj (McbspaRegsFile)

McbspbRegsFile 
*          1    00006040    00000024     UNINITIALIZED
                  00006040    00000024     F2837xD_GlobalVariableDefs.obj (McbspbRegsFile)

SpiaRegsFile 
*          1    00006100    00000010     UNINITIALIZED
                  00006100    00000010     F2837xD_GlobalVariableDefs.obj (SpiaRegsFile)

SpibRegsFile 
*          1    00006110    00000010     UNINITIALIZED
                  00006110    00000010     F2837xD_GlobalVariableDefs.obj (SpibRegsFile)

SpicRegsFile 
*          1    00006120    00000010     UNINITIALIZED
                  00006120    00000010     F2837xD_GlobalVariableDefs.obj (SpicRegsFile)

UppRegsFile 
*          1    00006200    00000048     UNINITIALIZED
                  00006200    00000048     F2837xD_GlobalVariableDefs.obj (UppRegsFile)

WdRegsFile 
*          1    00007000    0000002b     UNINITIALIZED
                  00007000    0000002b     F2837xD_GlobalVariableDefs.obj (WdRegsFile)

NmiIntruptRegsFile 
*          1    00007060    00000007     UNINITIALIZED
                  00007060    00000007     F2837xD_GlobalVariableDefs.obj (NmiIntruptRegsFile)

XintRegsFile 
*          1    00007070    0000000b     UNINITIALIZED
                  00007070    0000000b     F2837xD_GlobalVariableDefs.obj (XintRegsFile)

SciaRegsFile 
*          1    00007200    00000010     UNINITIALIZED
                  00007200    00000010     F2837xD_GlobalVariableDefs.obj (SciaRegsFile)

ScibRegsFile 
*          1    00007210    00000010     UNINITIALIZED
                  00007210    00000010     F2837xD_GlobalVariableDefs.obj (ScibRegsFile)

ScicRegsFile 
*          1    00007220    00000010     UNINITIALIZED
                  00007220    00000010     F2837xD_GlobalVariableDefs.obj (ScicRegsFile)

ScidRegsFile 
*          1    00007230    00000010     UNINITIALIZED
                  00007230    00000010     F2837xD_GlobalVariableDefs.obj (ScidRegsFile)

I2caRegsFile 
*          1    00007300    00000022     UNINITIALIZED
                  00007300    00000022     F2837xD_GlobalVariableDefs.obj (I2caRegsFile)

I2cbRegsFile 
*          1    00007340    00000022     UNINITIALIZED
                  00007340    00000022     F2837xD_GlobalVariableDefs.obj (I2cbRegsFile)

InputXbarRegsFile 
*          1    00007900    00000020     UNINITIALIZED
                  00007900    00000020     F2837xD_GlobalVariableDefs.obj (InputXbarRegsFile)

XbarRegsFile 
*          1    00007920    0000000e     UNINITIALIZED
                  00007920    0000000e     F2837xD_GlobalVariableDefs.obj (XbarRegsFile)

SyncSocRegsFile 
*          1    00007940    00000006     UNINITIALIZED
                  00007940    00000006     F2837xD_GlobalVariableDefs.obj (SyncSocRegsFile)

DmaClaSrcSelRegsFile 
*          1    00007980    0000001a     UNINITIALIZED
                  00007980    0000001a     F2837xD_GlobalVariableDefs.obj (DmaClaSrcSelRegsFile)

EPwmXbarRegsFile 
*          1    00007a00    00000040     UNINITIALIZED
                  00007a00    00000040     F2837xD_GlobalVariableDefs.obj (EPwmXbarRegsFile)

ClbXbarRegsFile 
*          1    00007a40    00000040     UNINITIALIZED
                  00007a40    00000040     F2837xD_GlobalVariableDefs.obj (ClbXbarRegsFile)

OutputXbarRegsFile 
*          1    00007a80    00000040     UNINITIALIZED
                  00007a80    00000040     F2837xD_GlobalVariableDefs.obj (OutputXbarRegsFile)

GpioCtrlRegsFile 
*          1    00007c00    00000180     UNINITIALIZED
                  00007c00    00000180     F2837xD_GlobalVariableDefs.obj (GpioCtrlRegsFile)

GpioDataRegsFile 
*          1    00007f00    00000030     UNINITIALIZED
                  00007f00    00000030     F2837xD_GlobalVariableDefs.obj (GpioDataRegsFile)

Emif1RegsFile 
*          1    00047000    00000028     UNINITIALIZED
                  00047000    00000028     F2837xD_GlobalVariableDefs.obj (Emif1RegsFile)

Emif2RegsFile 
*          1    00047800    00000028     UNINITIALIZED
                  00047800    00000028     F2837xD_GlobalVariableDefs.obj (Emif2RegsFile)

CanaRegsFile 
*          1    00048000    00000164     UNINITIALIZED
                  00048000    00000164     F2837xD_GlobalVariableDefs.obj (CanaRegsFile)

CanbRegsFile 
*          1    0004a000    00000164     UNINITIALIZED
                  0004a000    00000164     F2837xD_GlobalVariableDefs.obj (CanbRegsFile)

IpcRegsFile 
*          1    00050000    00000024     UNINITIALIZED
                  00050000    00000024     F2837xD_GlobalVariableDefs.obj (IpcRegsFile)

FlashPumpSemaphoreRegsFile 
*          1    00050024    00000002     UNINITIALIZED
                  00050024    00000002     F2837xD_GlobalVariableDefs.obj (FlashPumpSemaphoreRegsFile)

DevCfgRegsFile 
*          1    0005d000    0000012e     UNINITIALIZED
                  0005d000    0000012e     F2837xD_GlobalVariableDefs.obj (DevCfgRegsFile)

AnalogSubsysRegsFile 
*          1    0005d180    0000003e     UNINITIALIZED
                  0005d180    0000003e     F2837xD_GlobalVariableDefs.obj (AnalogSubsysRegsFile)

ClkCfgRegsFile 
*          1    0005d200    00000032     UNINITIALIZED
                  0005d200    00000032     F2837xD_GlobalVariableDefs.obj (ClkCfgRegsFile)

CpuSysRegsFile 
*          1    0005d300    00000082     UNINITIALIZED
                  0005d300    00000082     F2837xD_GlobalVariableDefs.obj (CpuSysRegsFile)

DcsmZ1RegsFile 
*          1    0005f000    00000022     UNINITIALIZED
                  0005f000    00000022     F2837xD_GlobalVariableDefs.obj (DcsmZ1RegsFile)

DcsmZ2RegsFile 
*          1    0005f040    00000022     UNINITIALIZED
                  0005f040    00000022     F2837xD_GlobalVariableDefs.obj (DcsmZ2RegsFile)

DcsmCommonRegsFile 
*          1    0005f070    00000006     UNINITIALIZED
                  0005f070    00000006     F2837xD_GlobalVariableDefs.obj (DcsmCommonRegsFile)

MemCfgRegsFile 
*          1    0005f400    00000076     UNINITIALIZED
                  0005f400    00000076     F2837xD_GlobalVariableDefs.obj (MemCfgRegsFile)

Emif1ConfigRegsFile 
*          1    0005f480    0000000a     UNINITIALIZED
                  0005f480    0000000a     F2837xD_GlobalVariableDefs.obj (Emif1ConfigRegsFile)

Emif2ConfigRegsFile 
*          1    0005f4a0    0000000a     UNINITIALIZED
                  0005f4a0    0000000a     F2837xD_GlobalVariableDefs.obj (Emif2ConfigRegsFile)

AccessProtectionRegsFile 
*          1    0005f4c0    0000002e     UNINITIALIZED
                  0005f4c0    0000002e     F2837xD_GlobalVariableDefs.obj (AccessProtectionRegsFile)

MemoryErrorRegsFile 
*          1    0005f500    0000003a     UNINITIALIZED
                  0005f500    0000003a     F2837xD_GlobalVariableDefs.obj (MemoryErrorRegsFile)

Flash0CtrlRegsFile 
*          1    0005f800    00000182     UNINITIALIZED
                  0005f800    00000182     F2837xD_GlobalVariableDefs.obj (Flash0CtrlRegsFile)

Flash0EccRegsFile 
*          1    0005fb00    00000028     UNINITIALIZED
                  0005fb00    00000028     F2837xD_GlobalVariableDefs.obj (Flash0EccRegsFile)

RomPrefetchRegsFile 
*          1    0005e608    00000002     UNINITIALIZED
                  0005e608    00000002     F2837xD_GlobalVariableDefs.obj (RomPrefetchRegsFile)

RomWaitStateRegsFile 
*          1    0005f540    00000002     UNINITIALIZED
                  0005f540    00000002     F2837xD_GlobalVariableDefs.obj (RomWaitStateRegsFile)

UidRegsFile 
*          1    000703c0    00000010     UNINITIALIZED
                  000703c0    00000010     F2837xD_GlobalVariableDefs.obj (UidRegsFile)

DLOG       1    0000c000    00000be8     UNINITIALIZED
                  0000c000    00000be8     sdfm_filter_sync_cla_cpu01.obj (DLOG)

.text.1    0    00000204    000001fb     
                  00000204    00000079     sdfm_filter_sync_cla_cpu01.obj (.text:_Init_ADC_A)
                  0000027d    00000073     F2837xD_sdfm_drivers.obj (.text:_Sdfm_configureExternalreset)
                  000002f0    00000071     sdfm_filter_sync_cla_cpu01.obj (.text:_cla1Isr1)
                  00000361    00000056     rts2800_fpu32.lib : boot28.asm.obj (.text)
                  000003b7    00000046     sdfm_filter_sync_cla_cpu01.obj (.text:_CLA_initCpu1Cla)
                  000003fd    00000002     rts2800_fpu32.lib : pre_init.c.obj (.text)

.text.2    0    0000b000    00000800     
                  0000b000    00000468     sdfm_filter_sync_cla_cpu01.obj (.text:_main)
                  0000b468    00000267     F2837xD_sdfm_drivers.obj (.text:_Sdfm_configureData_filter)
                  0000b6cf    00000088     rts2800_fpu32.lib : fs_div28.asm.obj (.text)
                  0000b757    00000084     F2837xD_SysCtrl.obj (.text:_InitPeripheralClocks)
                  0000b7db    00000025     F2837xD_Gpio.obj (.text:_GPIO_EnableUnbondedIOPullupsFor100Pin)

.text.3    0    0000b800    00000800     
                  0000b800    000001f4     F2837xD_sdfm_drivers.obj (.text:_Sdfm_configureComparator)
                  0000b9f4    000001ef     F2837xD_SysCtrl.obj (.text:_InitSysPll)
                  0000bbe3    000001db     sdfm_filter_sync_cla_cpu01.obj (.text:_CMPSS_Protection_FLC)
                  0000bdbe    000001c2     F2837xD_sdfm_drivers.obj (.text:_Sdfm_configureInterrupt)
                  0000bf80    0000007f     F2837xD_sdfm_drivers.obj (.text:_Sdfm_configureInputCtrl)
                  0000bfff    00000001     rts2800_fpu32.lib : startup.c.obj (.text)

.text.4    0    0000d000    000008ab     
                  0000d000    00000051     sdfm_filter_sync_cla_cpu01.obj (.text:_Init_ADC_B)
                  0000d051    00000042     sdfm_filter_sync_cla_cpu01.obj (.text:_Cla_initMemoryMap)
                  0000d093    00000029     rts2800_fpu32.lib : exit.c.obj (.text)
                  0000d0bc    00000026     F2837xD_PieVect.obj (.text:_InitPieVectTable)
                  0000d0e2    00000024     rts2800_fpu32.lib : cpy_tbl.c.obj (.text)
                  0000d106    00000020     F2837xD_SysCtrl.obj (.text:_InitSysCtrl)
                  0000d126    0000001f     F2837xD_PieCtrl.obj (.text:_InitPieCtrl)
                  0000d145    0000001d     F2837xD_SysCtrl.obj (.text:_ConfigureTMXAnalogTrim)
                  0000d162    0000001d     rts2800_fpu32.lib : memcpy.c.obj (.text)
                  0000d17f    00000019     F2837xD_Gpio.obj (.text:_GPIO_EnableUnbondedIOPullupsFor176Pin)
                  0000d198    00000018     rts2800_fpu32.lib : ll_aox28.asm.obj (.text)
                  0000d1b0    00000016     F2837xD_Gpio.obj (.text:_GPIO_EnableUnbondedIOPullups)
                  0000d1c6    00000014     F2837xD_SysCtrl.obj (.text:_SysIntOsc2Sel)
                  0000d1da    00000014     sdfm_filter_sync_cla_cpu01.obj (.text:_cla1Isr8)
                  0000d1ee    00000013     sdfm_filter_sync_cla_cpu01.obj (.text:_DelayMs)
                  0000d201    00000012     sdfm_filter_sync_cla_cpu01.obj (.text:_DelayUs)
                  0000d213    00000012     sdfm_filter_sync_cla_cpu01.obj (.text:_dlog1)
                  0000d225    00000012     sdfm_filter_sync_cla_cpu01.obj (.text:_dlog2)
                  0000d237    00000012     sdfm_filter_sync_cla_cpu01.obj (.text:_dlog3)
                  0000d249    00000012     rts2800_fpu32.lib : args_main.c.obj (.text)
                  0000d25b    00000011     F2837xD_sdfm_drivers.obj (.text:_Sdfm_enableMFE)
                  0000d26c    00000011     F2837xD_sdfm_drivers.obj (.text:_Sdfm_enableMIE)
                  0000d27d    00000011     sdfm_filter_sync_cla_cpu01.obj (.text:_cla1Isr2)
                  0000d28e    00000010     F2837xD_SysCtrl.obj (.text:_SysIntOsc1Sel)
                  0000d29e    00000010     F2837xD_SysCtrl.obj (.text:_SysXtalOscSel)
                  0000d2ae    0000000f     sdfm_filter_sync_cla_cpu01.obj (.text:_cla1Isr3)
                  0000d2bd    0000000f     sdfm_filter_sync_cla_cpu01.obj (.text:_cla1Isr4)
                  0000d2cc    0000000f     sdfm_filter_sync_cla_cpu01.obj (.text:_cla1Isr5)
                  0000d2db    0000000f     sdfm_filter_sync_cla_cpu01.obj (.text:_cla1Isr6)
                  0000d2ea    0000000f     sdfm_filter_sync_cla_cpu01.obj (.text:_cla1Isr7)
                  0000d2f9    0000000e     F2837xD_SysCtrl.obj (.text:_DisableDog)
                  0000d307    0000000e     F2837xD_SysCtrl.obj (.text:_ServiceDog)
                  0000d315    0000000d     F2837xD_DefaultISR.obj (.text:_EMPTY_ISR)
                  0000d322    0000000a     F2837xD_DefaultISR.obj (.text:_ADCA1_ISR)
                  0000d32c    0000000a     F2837xD_DefaultISR.obj (.text:_ADCA2_ISR)
                  0000d336    0000000a     F2837xD_DefaultISR.obj (.text:_ADCA3_ISR)
                  0000d340    0000000a     F2837xD_DefaultISR.obj (.text:_ADCA4_ISR)
                  0000d34a    0000000a     F2837xD_DefaultISR.obj (.text:_ADCA_EVT_ISR)
                  0000d354    0000000a     F2837xD_DefaultISR.obj (.text:_ADCB1_ISR)
                  0000d35e    0000000a     F2837xD_DefaultISR.obj (.text:_ADCB2_ISR)
                  0000d368    0000000a     F2837xD_DefaultISR.obj (.text:_ADCB3_ISR)
                  0000d372    0000000a     F2837xD_DefaultISR.obj (.text:_ADCB4_ISR)
                  0000d37c    0000000a     F2837xD_DefaultISR.obj (.text:_ADCB_EVT_ISR)
                  0000d386    0000000a     F2837xD_DefaultISR.obj (.text:_ADCC1_ISR)
                  0000d390    0000000a     F2837xD_DefaultISR.obj (.text:_ADCC2_ISR)
                  0000d39a    0000000a     F2837xD_DefaultISR.obj (.text:_ADCC3_ISR)
                  0000d3a4    0000000a     F2837xD_DefaultISR.obj (.text:_ADCC4_ISR)
                  0000d3ae    0000000a     F2837xD_DefaultISR.obj (.text:_ADCC_EVT_ISR)
                  0000d3b8    0000000a     F2837xD_DefaultISR.obj (.text:_ADCD1_ISR)
                  0000d3c2    0000000a     F2837xD_DefaultISR.obj (.text:_ADCD2_ISR)
                  0000d3cc    0000000a     F2837xD_DefaultISR.obj (.text:_ADCD3_ISR)
                  0000d3d6    0000000a     F2837xD_DefaultISR.obj (.text:_ADCD4_ISR)
                  0000d3e0    0000000a     F2837xD_DefaultISR.obj (.text:_ADCD_EVT_ISR)
                  0000d3ea    0000000a     F2837xD_DefaultISR.obj (.text:_AUX_PLL_SLIP_ISR)
                  0000d3f4    0000000a     F2837xD_DefaultISR.obj (.text:_CANA0_ISR)
                  0000d3fe    0000000a     F2837xD_DefaultISR.obj (.text:_CANA1_ISR)
                  0000d408    0000000a     F2837xD_DefaultISR.obj (.text:_CANB0_ISR)
                  0000d412    0000000a     F2837xD_DefaultISR.obj (.text:_CANB1_ISR)
                  0000d41c    0000000a     F2837xD_DefaultISR.obj (.text:_CLA1_1_ISR)
                  0000d426    0000000a     F2837xD_DefaultISR.obj (.text:_CLA1_2_ISR)
                  0000d430    0000000a     F2837xD_DefaultISR.obj (.text:_CLA1_3_ISR)
                  0000d43a    0000000a     F2837xD_DefaultISR.obj (.text:_CLA1_4_ISR)
                  0000d444    0000000a     F2837xD_DefaultISR.obj (.text:_CLA1_5_ISR)
                  0000d44e    0000000a     F2837xD_DefaultISR.obj (.text:_CLA1_6_ISR)
                  0000d458    0000000a     F2837xD_DefaultISR.obj (.text:_CLA1_7_ISR)
                  0000d462    0000000a     F2837xD_DefaultISR.obj (.text:_CLA1_8_ISR)
                  0000d46c    0000000a     F2837xD_DefaultISR.obj (.text:_CLA_OVERFLOW_ISR)
                  0000d476    0000000a     F2837xD_DefaultISR.obj (.text:_CLA_UNDERFLOW_ISR)
                  0000d480    0000000a     F2837xD_DefaultISR.obj (.text:_DATALOG_ISR)
                  0000d48a    0000000a     F2837xD_DefaultISR.obj (.text:_DMA_CH1_ISR)
                  0000d494    0000000a     F2837xD_DefaultISR.obj (.text:_DMA_CH2_ISR)
                  0000d49e    0000000a     F2837xD_DefaultISR.obj (.text:_DMA_CH3_ISR)
                  0000d4a8    0000000a     F2837xD_DefaultISR.obj (.text:_DMA_CH4_ISR)
                  0000d4b2    0000000a     F2837xD_DefaultISR.obj (.text:_DMA_CH5_ISR)
                  0000d4bc    0000000a     F2837xD_DefaultISR.obj (.text:_DMA_CH6_ISR)
                  0000d4c6    0000000a     F2837xD_DefaultISR.obj (.text:_ECAP1_ISR)
                  0000d4d0    0000000a     F2837xD_DefaultISR.obj (.text:_ECAP2_ISR)
                  0000d4da    0000000a     F2837xD_DefaultISR.obj (.text:_ECAP3_ISR)
                  0000d4e4    0000000a     F2837xD_DefaultISR.obj (.text:_ECAP4_ISR)
                  0000d4ee    0000000a     F2837xD_DefaultISR.obj (.text:_ECAP5_ISR)
                  0000d4f8    0000000a     F2837xD_DefaultISR.obj (.text:_ECAP6_ISR)
                  0000d502    0000000a     F2837xD_DefaultISR.obj (.text:_EMIF_ERROR_ISR)
                  0000d50c    0000000a     F2837xD_DefaultISR.obj (.text:_EMU_ISR)
                  0000d516    0000000a     F2837xD_DefaultISR.obj (.text:_EPWM10_ISR)
                  0000d520    0000000a     F2837xD_DefaultISR.obj (.text:_EPWM10_TZ_ISR)
                  0000d52a    0000000a     F2837xD_DefaultISR.obj (.text:_EPWM11_ISR)
                  0000d534    0000000a     F2837xD_DefaultISR.obj (.text:_EPWM11_TZ_ISR)
                  0000d53e    0000000a     F2837xD_DefaultISR.obj (.text:_EPWM12_ISR)
                  0000d548    0000000a     F2837xD_DefaultISR.obj (.text:_EPWM12_TZ_ISR)
                  0000d552    0000000a     F2837xD_DefaultISR.obj (.text:_EPWM1_ISR)
                  0000d55c    0000000a     F2837xD_DefaultISR.obj (.text:_EPWM1_TZ_ISR)
                  0000d566    0000000a     F2837xD_DefaultISR.obj (.text:_EPWM2_ISR)
                  0000d570    0000000a     F2837xD_DefaultISR.obj (.text:_EPWM2_TZ_ISR)
                  0000d57a    0000000a     F2837xD_DefaultISR.obj (.text:_EPWM3_ISR)
                  0000d584    0000000a     F2837xD_DefaultISR.obj (.text:_EPWM3_TZ_ISR)
                  0000d58e    0000000a     F2837xD_DefaultISR.obj (.text:_EPWM4_ISR)
                  0000d598    0000000a     F2837xD_DefaultISR.obj (.text:_EPWM4_TZ_ISR)
                  0000d5a2    0000000a     F2837xD_DefaultISR.obj (.text:_EPWM5_ISR)
                  0000d5ac    0000000a     F2837xD_DefaultISR.obj (.text:_EPWM5_TZ_ISR)
                  0000d5b6    0000000a     F2837xD_DefaultISR.obj (.text:_EPWM6_ISR)
                  0000d5c0    0000000a     F2837xD_DefaultISR.obj (.text:_EPWM6_TZ_ISR)
                  0000d5ca    0000000a     F2837xD_DefaultISR.obj (.text:_EPWM7_ISR)
                  0000d5d4    0000000a     F2837xD_DefaultISR.obj (.text:_EPWM7_TZ_ISR)
                  0000d5de    0000000a     F2837xD_DefaultISR.obj (.text:_EPWM8_ISR)
                  0000d5e8    0000000a     F2837xD_DefaultISR.obj (.text:_EPWM8_TZ_ISR)
                  0000d5f2    0000000a     F2837xD_DefaultISR.obj (.text:_EPWM9_ISR)
                  0000d5fc    0000000a     F2837xD_DefaultISR.obj (.text:_EPWM9_TZ_ISR)
                  0000d606    0000000a     F2837xD_DefaultISR.obj (.text:_EQEP1_ISR)
                  0000d610    0000000a     F2837xD_DefaultISR.obj (.text:_EQEP2_ISR)
                  0000d61a    0000000a     F2837xD_DefaultISR.obj (.text:_EQEP3_ISR)
                  0000d624    0000000a     F2837xD_DefaultISR.obj (.text:_FLASH_CORRECTABLE_ERROR_ISR)
                  0000d62e    0000000a     F2837xD_DefaultISR.obj (.text:_FPU_OVERFLOW_ISR)
                  0000d638    0000000a     F2837xD_DefaultISR.obj (.text:_FPU_UNDERFLOW_ISR)
                  0000d642    0000000a     F2837xD_DefaultISR.obj (.text:_I2CA_FIFO_ISR)
                  0000d64c    0000000a     F2837xD_DefaultISR.obj (.text:_I2CA_ISR)
                  0000d656    0000000a     F2837xD_DefaultISR.obj (.text:_I2CB_FIFO_ISR)
                  0000d660    0000000a     F2837xD_DefaultISR.obj (.text:_I2CB_ISR)
                  0000d66a    0000000a     F2837xD_DefaultISR.obj (.text:_ILLEGAL_ISR)
                  0000d674    0000000a     F2837xD_DefaultISR.obj (.text:_IPC0_ISR)
                  0000d67e    0000000a     F2837xD_DefaultISR.obj (.text:_IPC1_ISR)
                  0000d688    0000000a     F2837xD_DefaultISR.obj (.text:_IPC2_ISR)
                  0000d692    0000000a     F2837xD_DefaultISR.obj (.text:_IPC3_ISR)
                  0000d69c    0000000a     F2837xD_DefaultISR.obj (.text:_MCBSPA_RX_ISR)
                  0000d6a6    0000000a     F2837xD_DefaultISR.obj (.text:_MCBSPA_TX_ISR)
                  0000d6b0    0000000a     F2837xD_DefaultISR.obj (.text:_MCBSPB_RX_ISR)
                  0000d6ba    0000000a     F2837xD_DefaultISR.obj (.text:_MCBSPB_TX_ISR)
                  0000d6c4    0000000a     F2837xD_DefaultISR.obj (.text:_NMI_ISR)
                  0000d6ce    0000000a     F2837xD_DefaultISR.obj (.text:_NOTUSED_ISR)
                  0000d6d8    0000000a     F2837xD_DefaultISR.obj (.text:_PIE_RESERVED_ISR)
                  0000d6e2    0000000a     F2837xD_DefaultISR.obj (.text:_RAM_ACCESS_VIOLATION_ISR)
                  0000d6ec    0000000a     F2837xD_DefaultISR.obj (.text:_RAM_CORRECTABLE_ERROR_ISR)
                  0000d6f6    0000000a     F2837xD_DefaultISR.obj (.text:_RTOS_ISR)
                  0000d700    0000000a     F2837xD_DefaultISR.obj (.text:_SCIA_RX_ISR)
                  0000d70a    0000000a     F2837xD_DefaultISR.obj (.text:_SCIA_TX_ISR)
                  0000d714    0000000a     F2837xD_DefaultISR.obj (.text:_SCIB_RX_ISR)
                  0000d71e    0000000a     F2837xD_DefaultISR.obj (.text:_SCIB_TX_ISR)
                  0000d728    0000000a     F2837xD_DefaultISR.obj (.text:_SCIC_RX_ISR)
                  0000d732    0000000a     F2837xD_DefaultISR.obj (.text:_SCIC_TX_ISR)
                  0000d73c    0000000a     F2837xD_DefaultISR.obj (.text:_SCID_RX_ISR)
                  0000d746    0000000a     F2837xD_DefaultISR.obj (.text:_SCID_TX_ISR)
                  0000d750    0000000a     F2837xD_DefaultISR.obj (.text:_SD1_ISR)
                  0000d75a    0000000a     F2837xD_DefaultISR.obj (.text:_SD2_ISR)
                  0000d764    0000000a     F2837xD_DefaultISR.obj (.text:_SPIA_RX_ISR)
                  0000d76e    0000000a     F2837xD_DefaultISR.obj (.text:_SPIA_TX_ISR)
                  0000d778    0000000a     F2837xD_DefaultISR.obj (.text:_SPIB_RX_ISR)
                  0000d782    0000000a     F2837xD_DefaultISR.obj (.text:_SPIB_TX_ISR)
                  0000d78c    0000000a     F2837xD_DefaultISR.obj (.text:_SPIC_RX_ISR)
                  0000d796    0000000a     F2837xD_DefaultISR.obj (.text:_SPIC_TX_ISR)
                  0000d7a0    0000000a     F2837xD_DefaultISR.obj (.text:_SYS_PLL_SLIP_ISR)
                  0000d7aa    0000000a     F2837xD_DefaultISR.obj (.text:_TIMER0_ISR)
                  0000d7b4    0000000a     F2837xD_DefaultISR.obj (.text:_TIMER1_ISR)
                  0000d7be    0000000a     F2837xD_DefaultISR.obj (.text:_TIMER2_ISR)
                  0000d7c8    0000000a     F2837xD_DefaultISR.obj (.text:_UPPA_ISR)
                  0000d7d2    0000000a     F2837xD_DefaultISR.obj (.text:_USBA_ISR)
                  0000d7dc    0000000a     F2837xD_DefaultISR.obj (.text:_USER10_ISR)
                  0000d7e6    0000000a     F2837xD_DefaultISR.obj (.text:_USER11_ISR)
                  0000d7f0    0000000a     F2837xD_DefaultISR.obj (.text:_USER12_ISR)
                  0000d7fa    0000000a     F2837xD_DefaultISR.obj (.text:_USER1_ISR)
                  0000d804    0000000a     F2837xD_DefaultISR.obj (.text:_USER2_ISR)
                  0000d80e    0000000a     F2837xD_DefaultISR.obj (.text:_USER3_ISR)
                  0000d818    0000000a     F2837xD_DefaultISR.obj (.text:_USER4_ISR)
                  0000d822    0000000a     F2837xD_DefaultISR.obj (.text:_USER5_ISR)
                  0000d82c    0000000a     F2837xD_DefaultISR.obj (.text:_USER6_ISR)
                  0000d836    0000000a     F2837xD_DefaultISR.obj (.text:_USER7_ISR)
                  0000d840    0000000a     F2837xD_DefaultISR.obj (.text:_USER8_ISR)
                  0000d84a    0000000a     F2837xD_DefaultISR.obj (.text:_USER9_ISR)
                  0000d854    0000000a     F2837xD_DefaultISR.obj (.text:_VCU_ISR)
                  0000d85e    0000000a     F2837xD_DefaultISR.obj (.text:_WAKE_ISR)
                  0000d868    0000000a     F2837xD_DefaultISR.obj (.text:_XINT1_ISR)
                  0000d872    0000000a     F2837xD_DefaultISR.obj (.text:_XINT2_ISR)
                  0000d87c    0000000a     F2837xD_DefaultISR.obj (.text:_XINT3_ISR)
                  0000d886    0000000a     F2837xD_DefaultISR.obj (.text:_XINT4_ISR)
                  0000d890    0000000a     F2837xD_DefaultISR.obj (.text:_XINT5_ISR)
                  0000d89a    00000009     rts2800_fpu32.lib : _lock.c.obj (.text)
                  0000d8a3    00000008     F2837xD_CodeStartBranch.obj (.text)

MODULE SUMMARY

       Module                           code    initialized data   uninitialized data
       ------                           ----    ----------------   ------------------
    .\
       F2837xD_GlobalVariableDefs.obj   0       0                  9870              
       sdfm_filter_sync.obj             8170    0                  613               
       sdfm_filter_sync_cla_cpu01.obj   2257    52                 3077              
       F2837xD_sdfm_drivers.obj         1841    0                  0                 
       F2837xD_DefaultISR.obj           1413    0                  0                 
       F2837xD_SysCtrl.obj              768     0                  0                 
       F2837xD_PieVect.obj              38      448                0                 
       F2837xD_struct.obj               0       144                114               
       F2837xD_Gpio.obj                 84      0                  0                 
       F2837xD_PieCtrl.obj              31      0                  0                 
       F2837xD_CodeStartBranch.obj      10      0                  0                 
       F2837xD_usDelay.obj              4       0                  0                 
    +--+--------------------------------+-------+------------------+--------------------+
       Total:                           14616   644                13674             
                                                                                     
    ../library/Math/CLAmath/lib/cla1_math_library_fpu32.lib
       CLASinCosTable.obj               0       342                0                 
       CLAcosPU.obj                     56      0                  2                 
       CLAsinPU.obj                     56      0                  2                 
    +--+--------------------------------+-------+------------------+--------------------+
       Total:                           112     342                4                 
                                                                                     
    C:/ti/ccs1250/ccs/tools/compiler/ti-cgt-c2000_22.6.1.LTS/lib/rts2800_fpu32.lib
       fs_div28.asm.obj                 136     0                  0                 
       boot28.asm.obj                   86      0                  0                 
       exit.c.obj                       41      14                 6                 
       cpy_tbl.c.obj                    36      0                  0                 
       memcpy.c.obj                     29      0                  0                 
       ll_aox28.asm.obj                 24      0                  0                 
       _lock.c.obj                      9       10                 4                 
       args_main.c.obj                  18      0                  0                 
       pre_init.c.obj                   2       0                  0                 
       startup.c.obj                    1       0                  0                 
    +--+--------------------------------+-------+------------------+--------------------+
       Total:                           382     24                 10                
                                                                                     
       Stack:                           0       0                  256               
    +--+--------------------------------+-------+------------------+--------------------+
       Grand Total:                     15110   1010               13944             


GLOBAL DATA SYMBOLS: SORTED BY DATA PAGE

address     data page           name
--------    ----------------    ----
00000400      10 (00000400)     __stack

00000b00      2c (00000b00)     _AdcaResultRegs
00000b20      2c (00000b00)     _AdcbResultRegs

00000b40      2d (00000b40)     _AdccResultRegs
00000b60      2d (00000b40)     _AdcdResultRegs

00000c00      30 (00000c00)     _CpuTimer0Regs
00000c08      30 (00000c00)     _CpuTimer1Regs
00000c10      30 (00000c00)     _CpuTimer2Regs

00000ce0      33 (00000cc0)     _PieCtrlRegs

00000d00      34 (00000d00)     _PieVectTable

00001000      40 (00001000)     _DmaRegs

00001400      50 (00001400)     _Cla1Regs

00001480      52 (00001480)     _ClaToCPU

00001500      54 (00001500)     _CpuToCLA

00003000      c0 (00003000)     _Clb1LogicCfgRegs

00003100      c4 (00003100)     _Clb1LogicCtrlRegs

00003200      c8 (00003200)     _Clb1DataExchRegs

00003400      d0 (00003400)     _Clb2LogicCfgRegs

00003500      d4 (00003500)     _Clb2LogicCtrlRegs

00003600      d8 (00003600)     _Clb2DataExchRegs

00003800      e0 (00003800)     _Clb3LogicCfgRegs

00003900      e4 (00003900)     _Clb3LogicCtrlRegs

00003a00      e8 (00003a00)     _Clb3DataExchRegs

00003c00      f0 (00003c00)     _Clb4LogicCfgRegs

00003d00      f4 (00003d00)     _Clb4LogicCtrlRegs

00003e00      f8 (00003e00)     _Clb4DataExchRegs

00004000     100 (00004000)     _EPwm1Regs

00004100     104 (00004100)     _EPwm2Regs

00004200     108 (00004200)     _EPwm3Regs

00004300     10c (00004300)     _EPwm4Regs

00004400     110 (00004400)     _EPwm5Regs

00004500     114 (00004500)     _EPwm6Regs

00004600     118 (00004600)     _EPwm7Regs

00004700     11c (00004700)     _EPwm8Regs

00004800     120 (00004800)     _EPwm9Regs

00004900     124 (00004900)     _EPwm10Regs

00004a00     128 (00004a00)     _EPwm11Regs

00004b00     12c (00004b00)     _EPwm12Regs

00005000     140 (00005000)     _ECap1Regs
00005020     140 (00005000)     _ECap2Regs

00005040     141 (00005040)     _ECap3Regs
00005060     141 (00005040)     _ECap4Regs

00005080     142 (00005080)     _ECap5Regs
000050a0     142 (00005080)     _ECap6Regs

00005100     144 (00005100)     _EQep1Regs

00005140     145 (00005140)     _EQep2Regs

00005180     146 (00005180)     _EQep3Regs

00005c00     170 (00005c00)     _DacaRegs
00005c10     170 (00005c00)     _DacbRegs
00005c20     170 (00005c00)     _DaccRegs

00005c80     172 (00005c80)     _Cmpss1Regs
00005ca0     172 (00005c80)     _Cmpss2Regs

00005cc0     173 (00005cc0)     _Cmpss3Regs
00005ce0     173 (00005cc0)     _Cmpss4Regs

00005d00     174 (00005d00)     _Cmpss5Regs
00005d20     174 (00005d00)     _Cmpss6Regs

00005d40     175 (00005d40)     _Cmpss7Regs
00005d60     175 (00005d40)     _Cmpss8Regs

00005e00     178 (00005e00)     _Sdfm1Regs

00005e80     17a (00005e80)     _Sdfm2Regs

00006000     180 (00006000)     _McbspaRegs

00006040     181 (00006040)     _McbspbRegs

00006100     184 (00006100)     _SpiaRegs
00006110     184 (00006100)     _SpibRegs
00006120     184 (00006100)     _SpicRegs

00006200     188 (00006200)     _UppRegs

00007000     1c0 (00007000)     _WdRegs

00007060     1c1 (00007040)     _NmiIntruptRegs
00007070     1c1 (00007040)     _XintRegs

00007200     1c8 (00007200)     _SciaRegs
00007210     1c8 (00007200)     _ScibRegs
00007220     1c8 (00007200)     _ScicRegs
00007230     1c8 (00007200)     _ScidRegs

00007300     1cc (00007300)     _I2caRegs

00007340     1cd (00007340)     _I2cbRegs

00007400     1d0 (00007400)     _AdcaRegs

00007480     1d2 (00007480)     _AdcbRegs

00007500     1d4 (00007500)     _AdccRegs

00007580     1d6 (00007580)     _AdcdRegs

00007900     1e4 (00007900)     _InputXbarRegs
00007920     1e4 (00007900)     _XbarRegs

00007940     1e5 (00007940)     _SyncSocRegs

00007980     1e6 (00007980)     _DmaClaSrcSelRegs

00007a00     1e8 (00007a00)     _EPwmXbarRegs

00007a40     1e9 (00007a40)     _ClbXbarRegs

00007a80     1ea (00007a80)     _OutputXbarRegs

00007c00     1f0 (00007c00)     _GpioCtrlRegs

00007f00     1fc (00007f00)     _GpioDataRegs

00008000     200 (00008000)     _IsrTicker
00008002     200 (00008000)     _rg_har_1st
00008010     200 (00008000)     _rc_Ref
0000801e     200 (00008000)     _ipark_voltref
0000802e     200 (00008000)     _UabtoUabc
0000803a     200 (00008000)     _Svm3d

0000805c     201 (00008040)     _pwm
0000806a     201 (00008040)     _park_curr
0000807c     201 (00008040)     _park_volt

0000808e     202 (00008080)     _START_CONTROLLER
0000808f     202 (00008080)     _START_ADC
00008090     202 (00008080)     _AdcValue
000080aa     202 (00008080)     _adc_filter

000080c4     203 (000080c0)     _filter_Udc
000080ce     203 (000080c0)     _filter_VaG
000080d8     203 (000080c0)     _filter_VbG
000080e2     203 (000080c0)     _filter_VcG
000080ec     203 (000080c0)     _clarke_volt
000080f8     203 (000080c0)     _clarke_curr

00008104     204 (00008100)     _pi_curr_id
0000811e     204 (00008100)     _pi_curr_iq
00008138     204 (00008100)     _pi_curr_iz

00008152     205 (00008140)     _controller_error_curr_isd
00008153     205 (00008140)     _controller_error_curr_isq
00008154     205 (00008140)     _loop_volt_Udc
00008156     205 (00008140)     _pi_volt_Usd
00008170     205 (00008140)     _pi_volt_Usq

0000818a     206 (00008180)     _loop_volt_Us
0000818c     206 (00008180)     _data1
000081a8     206 (00008180)     _ramp_switch
000081aa     206 (00008180)     _CLAsinTable
000081aa     206 (00008180)     _CLAsincosTable
000081aa     206 (00008180)     _CLAsincosTable_Sin0

000081ea     207 (000081c0)     _CLAcosTable
000081ea     207 (000081c0)     _CLAsincosTable_Cos0

000082aa     20a (00008280)     _CLAsinTableEnd

000082ec     20b (000082c0)     _CLAcosTableEnd
000082ec     20b (000082c0)     _CLAsincosTable_TABLE_SIZE
000082ee     20b (000082c0)     _CLAsincosTable_TABLE_SIZEDivTwoPi
000082f0     20b (000082c0)     _CLAsincosTable_TwoPiDivTABLE_SIZE
000082f2     20b (000082c0)     _CLAsincosTable_TABLE_MASK
000082f4     20b (000082c0)     _CLAsincosTable_Coef0
000082f6     20b (000082c0)     _CLAsincosTable_Coef1
000082f8     20b (000082c0)     _CLAsincosTable_Coef1_pos
000082fa     20b (000082c0)     _CLAsincosTable_Coef2
000082fc     20b (000082c0)     _CLAsincosTable_Coef3
000082fe     20b (000082c0)     _CLAsincosTable_Coef3_neg

00008300     20c (00008300)     _CLAsincosTableEnd

0000840c     210 (00008400)     _TaskCpu1Cla1
0000840d     210 (00008400)     _TaskCpu1Cla1_task2

0000c000     300 (0000c000)     _DataLog1

0000c400     310 (0000c400)     _DataLog2

0000c800     320 (0000c800)     _DataLog3

0000e000     380 (0000e000)     _TRIP_SEL
0000e01e     380 (0000e000)     _gPeripheralNumber
0000e01f     380 (0000e000)     _ndx1
0000e020     380 (0000e000)     _ndx2
0000e021     380 (0000e000)     _ndx3
0000e022     380 (0000e000)     _Task1_Isr
0000e023     380 (0000e000)     _Task8_Isr
0000e024     380 (0000e000)     _START
0000e025     380 (0000e000)     _ON_RELAY
0000e026     380 (0000e000)     _START_1
0000e027     380 (0000e000)     _clkPrescale_1
0000e028     380 (0000e000)     _sampwin_1
0000e029     380 (0000e000)     _thresh_1
0000e02a     380 (0000e000)     _LEM_curHi_1
0000e02b     380 (0000e000)     _LEM_curLo_1
0000e02c     380 (0000e000)     _protect_chanel
0000e03c     380 (0000e000)     _I2C

0000e040     381 (0000e040)     _EPWM
0000e05a     381 (0000e040)     _ECAP
0000e068     381 (0000e040)     _ADC
0000e072     381 (0000e040)     _EQEP
0000e07a     381 (0000e040)     _SDFM

0000e080     382 (0000e080)     _SPI
0000e088     382 (0000e080)     ___TI_enable_exit_profile_output
0000e08a     382 (0000e080)     ___TI_cleanup_ptr
0000e08c     382 (0000e080)     ___TI_dtors_ptr
0000e08e     382 (0000e080)     _MCBSP
0000e092     382 (0000e080)     _SCI
0000e096     382 (0000e080)     __lock
0000e098     382 (0000e080)     __unlock

0000f000     3c0 (0000f000)     _PieVectTableInit

00047000    11c0 (00047000)     _Emif1Regs

00047800    11e0 (00047800)     _Emif2Regs

00048000    1200 (00048000)     _CanaRegs

0004a000    1280 (0004a000)     _CanbRegs

00050000    1400 (00050000)     _IpcRegs
00050024    1400 (00050000)     _FlashPumpSemaphoreRegs

0005d000    1740 (0005d000)     _DevCfgRegs

0005d180    1746 (0005d180)     _AnalogSubsysRegs

0005d200    1748 (0005d200)     _ClkCfgRegs

0005d300    174c (0005d300)     _CpuSysRegs

0005e608    1798 (0005e600)     _RomPrefetchRegs

0005f000    17c0 (0005f000)     _DcsmZ1Regs

0005f040    17c1 (0005f040)     _DcsmZ2Regs
0005f070    17c1 (0005f040)     _DcsmCommonRegs

0005f400    17d0 (0005f400)     _MemCfgRegs

0005f480    17d2 (0005f480)     _Emif1ConfigRegs
0005f4a0    17d2 (0005f480)     _Emif2ConfigRegs

0005f4c0    17d3 (0005f4c0)     _AccessProtectionRegs

0005f500    17d4 (0005f500)     _MemoryErrorRegs

0005f540    17d5 (0005f540)     _RomWaitStateRegs

0005f800    17e0 (0005f800)     _Flash0CtrlRegs

0005fb00    17ec (0005fb00)     _Flash0EccRegs

000703c0    1c0f (000703c0)     _UidRegs


GLOBAL SYMBOLS: SORTED ALPHABETICALLY BY Name 

page  address   name                                  
----  -------   ----                                  
abs   ffffffff  .text                                 
0     0000d093  C$$EXIT                               
abs   00000100  CLA_SCRATCHPAD_SIZE                   
0     0000b6cf  FS$$DIV                               
0     0000d198  LL$$AND                               
0     0000d1a0  LL$$OR                                
0     0000d1a8  LL$$XOR                               
1     0000e068  _ADC                                  
0     0000d322  _ADCA1_ISR                            
0     0000d32c  _ADCA2_ISR                            
0     0000d336  _ADCA3_ISR                            
0     0000d340  _ADCA4_ISR                            
0     0000d34a  _ADCA_EVT_ISR                         
0     0000d354  _ADCB1_ISR                            
0     0000d35e  _ADCB2_ISR                            
0     0000d368  _ADCB3_ISR                            
0     0000d372  _ADCB4_ISR                            
0     0000d37c  _ADCB_EVT_ISR                         
0     0000d386  _ADCC1_ISR                            
0     0000d390  _ADCC2_ISR                            
0     0000d39a  _ADCC3_ISR                            
0     0000d3a4  _ADCC4_ISR                            
0     0000d3ae  _ADCC_EVT_ISR                         
0     0000d3b8  _ADCD1_ISR                            
0     0000d3c2  _ADCD2_ISR                            
0     0000d3cc  _ADCD3_ISR                            
0     0000d3d6  _ADCD4_ISR                            
0     0000d3e0  _ADCD_EVT_ISR                         
0     0000d3ea  _AUX_PLL_SLIP_ISR                     
1     0005f4c0  _AccessProtectionRegs                 
1     00008090  _AdcValue                             
1     00007400  _AdcaRegs                             
1     00000b00  _AdcaResultRegs                       
1     00007480  _AdcbRegs                             
1     00000b20  _AdcbResultRegs                       
1     00007500  _AdccRegs                             
1     00000b40  _AdccResultRegs                       
1     00007580  _AdcdRegs                             
1     00000b60  _AdcdResultRegs                       
1     0005d180  _AnalogSubsysRegs                     
0     0000d3f4  _CANA0_ISR                            
0     0000d3fe  _CANA1_ISR                            
0     0000d408  _CANB0_ISR                            
0     0000d412  _CANB1_ISR                            
0     0000d41c  _CLA1_1_ISR                           
0     0000d426  _CLA1_2_ISR                           
0     0000d430  _CLA1_3_ISR                           
0     0000d43a  _CLA1_4_ISR                           
0     0000d444  _CLA1_5_ISR                           
0     0000d44e  _CLA1_6_ISR                           
0     0000d458  _CLA1_7_ISR                           
0     0000d462  _CLA1_8_ISR                           
0     0000d46c  _CLA_OVERFLOW_ISR                     
0     0000d476  _CLA_UNDERFLOW_ISR                    
0     000003b7  _CLA_initCpu1Cla                      
0     0000a7b2  _CLAcosPU                             
1     000081ea  _CLAcosTable                          
1     000082ec  _CLAcosTableEnd                       
0     0000a7ea  _CLAsinPU                             
1     000081aa  _CLAsinTable                          
1     000082aa  _CLAsinTableEnd                       
1     000081aa  _CLAsincosTable                       
1     00008300  _CLAsincosTableEnd                    
1     000082f4  _CLAsincosTable_Coef0                 
1     000082f6  _CLAsincosTable_Coef1                 
1     000082f8  _CLAsincosTable_Coef1_pos             
1     000082fa  _CLAsincosTable_Coef2                 
1     000082fc  _CLAsincosTable_Coef3                 
1     000082fe  _CLAsincosTable_Coef3_neg             
1     000081ea  _CLAsincosTable_Cos0                  
1     000081aa  _CLAsincosTable_Sin0                  
1     000082f2  _CLAsincosTable_TABLE_MASK            
1     000082ec  _CLAsincosTable_TABLE_SIZE            
1     000082ee  _CLAsincosTable_TABLE_SIZEDivTwoPi    
1     000082f0  _CLAsincosTable_TwoPiDivTABLE_SIZE    
0     0000bbe3  _CMPSS_Protection_FLC                 
1     00048000  _CanaRegs                             
1     0004a000  _CanbRegs                             
1     00001400  _Cla1Regs                             
0     00008800  _Cla1Task1                            
0     0000a822  _Cla1Task2                            
0     0000a832  _Cla1Task3                            
0     0000a83a  _Cla1Task4                            
0     0000a842  _Cla1Task5                            
0     0000a84a  _Cla1Task6                            
0     0000a852  _Cla1Task7                            
0     0000a60c  _Cla1Task8                            
1     00001480  _ClaToCPU                             
0     0000d051  _Cla_initMemoryMap                    
1     00003200  _Clb1DataExchRegs                     
1     00003000  _Clb1LogicCfgRegs                     
1     00003100  _Clb1LogicCtrlRegs                    
1     00003600  _Clb2DataExchRegs                     
1     00003400  _Clb2LogicCfgRegs                     
1     00003500  _Clb2LogicCtrlRegs                    
1     00003a00  _Clb3DataExchRegs                     
1     00003800  _Clb3LogicCfgRegs                     
1     00003900  _Clb3LogicCtrlRegs                    
1     00003e00  _Clb4DataExchRegs                     
1     00003c00  _Clb4LogicCfgRegs                     
1     00003d00  _Clb4LogicCtrlRegs                    
1     00007a40  _ClbXbarRegs                          
1     0005d200  _ClkCfgRegs                           
1     00005c80  _Cmpss1Regs                           
1     00005ca0  _Cmpss2Regs                           
1     00005cc0  _Cmpss3Regs                           
1     00005ce0  _Cmpss4Regs                           
1     00005d00  _Cmpss5Regs                           
1     00005d20  _Cmpss6Regs                           
1     00005d40  _Cmpss7Regs                           
1     00005d60  _Cmpss8Regs                           
0     0000d145  _ConfigureTMXAnalogTrim               
1     0005d300  _CpuSysRegs                           
1     00000c00  _CpuTimer0Regs                        
1     00000c08  _CpuTimer1Regs                        
1     00000c10  _CpuTimer2Regs                        
1     00001500  _CpuToCLA                             
0     0000d480  _DATALOG_ISR                          
0     0000d48a  _DMA_CH1_ISR                          
0     0000d494  _DMA_CH2_ISR                          
0     0000d49e  _DMA_CH3_ISR                          
0     0000d4a8  _DMA_CH4_ISR                          
0     0000d4b2  _DMA_CH5_ISR                          
0     0000d4bc  _DMA_CH6_ISR                          
1     00005c00  _DacaRegs                             
1     00005c10  _DacbRegs                             
1     00005c20  _DaccRegs                             
1     0000c000  _DataLog1                             
1     0000c400  _DataLog2                             
1     0000c800  _DataLog3                             
1     0005f070  _DcsmCommonRegs                       
1     0005f000  _DcsmZ1Regs                           
1     0005f040  _DcsmZ2Regs                           
0     0000d1ee  _DelayMs                              
0     0000d201  _DelayUs                              
1     0005d000  _DevCfgRegs                           
0     0000d2f9  _DisableDog                           
1     00007980  _DmaClaSrcSelRegs                     
1     00001000  _DmaRegs                              
1     0000e05a  _ECAP                                 
0     0000d4c6  _ECAP1_ISR                            
0     0000d4d0  _ECAP2_ISR                            
0     0000d4da  _ECAP3_ISR                            
0     0000d4e4  _ECAP4_ISR                            
0     0000d4ee  _ECAP5_ISR                            
0     0000d4f8  _ECAP6_ISR                            
1     00005000  _ECap1Regs                            
1     00005020  _ECap2Regs                            
1     00005040  _ECap3Regs                            
1     00005060  _ECap4Regs                            
1     00005080  _ECap5Regs                            
1     000050a0  _ECap6Regs                            
0     0000d502  _EMIF_ERROR_ISR                       
0     0000d315  _EMPTY_ISR                            
0     0000d50c  _EMU_ISR                              
1     0000e040  _EPWM                                 
0     0000d516  _EPWM10_ISR                           
0     0000d520  _EPWM10_TZ_ISR                        
0     0000d52a  _EPWM11_ISR                           
0     0000d534  _EPWM11_TZ_ISR                        
0     0000d53e  _EPWM12_ISR                           
0     0000d548  _EPWM12_TZ_ISR                        
0     0000d552  _EPWM1_ISR                            
0     0000d55c  _EPWM1_TZ_ISR                         
0     0000d566  _EPWM2_ISR                            
0     0000d570  _EPWM2_TZ_ISR                         
0     0000d57a  _EPWM3_ISR                            
0     0000d584  _EPWM3_TZ_ISR                         
0     0000d58e  _EPWM4_ISR                            
0     0000d598  _EPWM4_TZ_ISR                         
0     0000d5a2  _EPWM5_ISR                            
0     0000d5ac  _EPWM5_TZ_ISR                         
0     0000d5b6  _EPWM6_ISR                            
0     0000d5c0  _EPWM6_TZ_ISR                         
0     0000d5ca  _EPWM7_ISR                            
0     0000d5d4  _EPWM7_TZ_ISR                         
0     0000d5de  _EPWM8_ISR                            
0     0000d5e8  _EPWM8_TZ_ISR                         
0     0000d5f2  _EPWM9_ISR                            
0     0000d5fc  _EPWM9_TZ_ISR                         
1     00004900  _EPwm10Regs                           
1     00004a00  _EPwm11Regs                           
1     00004b00  _EPwm12Regs                           
1     00004000  _EPwm1Regs                            
1     00004100  _EPwm2Regs                            
1     00004200  _EPwm3Regs                            
1     00004300  _EPwm4Regs                            
1     00004400  _EPwm5Regs                            
1     00004500  _EPwm6Regs                            
1     00004600  _EPwm7Regs                            
1     00004700  _EPwm8Regs                            
1     00004800  _EPwm9Regs                            
1     00007a00  _EPwmXbarRegs                         
1     0000e072  _EQEP                                 
0     0000d606  _EQEP1_ISR                            
0     0000d610  _EQEP2_ISR                            
0     0000d61a  _EQEP3_ISR                            
1     00005100  _EQep1Regs                            
1     00005140  _EQep2Regs                            
1     00005180  _EQep3Regs                            
1     0005f480  _Emif1ConfigRegs                      
1     00047000  _Emif1Regs                            
1     0005f4a0  _Emif2ConfigRegs                      
1     00047800  _Emif2Regs                            
0     00000200  _F28x_usDelay                         
0     0000d624  _FLASH_CORRECTABLE_ERROR_ISR          
0     0000d62e  _FPU_OVERFLOW_ISR                     
0     0000d638  _FPU_UNDERFLOW_ISR                    
1     0005f800  _Flash0CtrlRegs                       
1     0005fb00  _Flash0EccRegs                        
1     00050024  _FlashPumpSemaphoreRegs               
0     0000d1b0  _GPIO_EnableUnbondedIOPullups         
0     0000b7db  _GPIO_EnableUnbondedIOPullupsFor100Pin
0     0000d17f  _GPIO_EnableUnbondedIOPullupsFor176Pin
1     00007c00  _GpioCtrlRegs                         
1     00007f00  _GpioDataRegs                         
1     0000e03c  _I2C                                  
0     0000d642  _I2CA_FIFO_ISR                        
0     0000d64c  _I2CA_ISR                             
0     0000d656  _I2CB_FIFO_ISR                        
0     0000d660  _I2CB_ISR                             
1     00007300  _I2caRegs                             
1     00007340  _I2cbRegs                             
0     0000d66a  _ILLEGAL_ISR                          
0     0000d674  _IPC0_ISR                             
0     0000d67e  _IPC1_ISR                             
0     0000d688  _IPC2_ISR                             
0     0000d692  _IPC3_ISR                             
0     0000b757  _InitPeripheralClocks                 
0     0000d126  _InitPieCtrl                          
0     0000d0bc  _InitPieVectTable                     
0     0000d106  _InitSysCtrl                          
0     0000b9f4  _InitSysPll                           
0     00000204  _Init_ADC_A                           
0     0000d000  _Init_ADC_B                           
1     00007900  _InputXbarRegs                        
1     00050000  _IpcRegs                              
1     00008000  _IsrTicker                            
1     0000e02a  _LEM_curHi_1                          
1     0000e02b  _LEM_curLo_1                          
1     0000e08e  _MCBSP                                
0     0000d69c  _MCBSPA_RX_ISR                        
0     0000d6a6  _MCBSPA_TX_ISR                        
0     0000d6b0  _MCBSPB_RX_ISR                        
0     0000d6ba  _MCBSPB_TX_ISR                        
1     00006000  _McbspaRegs                           
1     00006040  _McbspbRegs                           
1     0005f400  _MemCfgRegs                           
1     0005f500  _MemoryErrorRegs                      
0     0000d6c4  _NMI_ISR                              
0     0000d6ce  _NOTUSED_ISR                          
1     00007060  _NmiIntruptRegs                       
1     0000e025  _ON_RELAY                             
1     00007a80  _OutputXbarRegs                       
0     0000d6d8  _PIE_RESERVED_ISR                     
1     00000ce0  _PieCtrlRegs                          
1     00000d00  _PieVectTable                         
1     0000f000  _PieVectTableInit                     
0     0000d6e2  _RAM_ACCESS_VIOLATION_ISR             
0     0000d6ec  _RAM_CORRECTABLE_ERROR_ISR            
0     0000d6f6  _RTOS_ISR                             
1     0005e608  _RomPrefetchRegs                      
1     0005f540  _RomWaitStateRegs                     
1     0000e092  _SCI                                  
0     0000d700  _SCIA_RX_ISR                          
0     0000d70a  _SCIA_TX_ISR                          
0     0000d714  _SCIB_RX_ISR                          
0     0000d71e  _SCIB_TX_ISR                          
0     0000d728  _SCIC_RX_ISR                          
0     0000d732  _SCIC_TX_ISR                          
0     0000d73c  _SCID_RX_ISR                          
0     0000d746  _SCID_TX_ISR                          
0     0000d750  _SD1_ISR                              
0     0000d75a  _SD2_ISR                              
1     0000e07a  _SDFM                                 
1     0000e080  _SPI                                  
0     0000d764  _SPIA_RX_ISR                          
0     0000d76e  _SPIA_TX_ISR                          
0     0000d778  _SPIB_RX_ISR                          
0     0000d782  _SPIB_TX_ISR                          
0     0000d78c  _SPIC_RX_ISR                          
0     0000d796  _SPIC_TX_ISR                          
1     0000e024  _START                                
1     0000e026  _START_1                              
1     0000808f  _START_ADC                            
1     0000808e  _START_CONTROLLER                     
0     0000d7a0  _SYS_PLL_SLIP_ISR                     
1     00007200  _SciaRegs                             
1     00007210  _ScibRegs                             
1     00007220  _ScicRegs                             
[...]
0     0000d28e  _SysIntOsc1Sel                        
0     0000d29e  _SysXtalOscSel                        
0     0000d2ae  _cla1Isr3                             
0     0000d2bd  _cla1Isr4                             
0     0000d2cc  _cla1Isr5                             
0     0000d2db  _cla1Isr6                             
0     0000d2ea  _cla1Isr7                             
0     0000d2f9  _DisableDog                           
0     0000d307  _ServiceDog                           
0     0000d315  _EMPTY_ISR                            
0     0000d322  _ADCA1_ISR                            
0     0000d32c  _ADCA2_ISR                            
0     0000d336  _ADCA3_ISR                            
0     0000d340  _ADCA4_ISR                            
0     0000d34a  _ADCA_EVT_ISR                         
0     0000d354  _ADCB1_ISR                            
0     0000d35e  _ADCB2_ISR                            
0     0000d368  _ADCB3_ISR                            
0     0000d372  _ADCB4_ISR                            
0     0000d37c  _ADCB_EVT_ISR                         
0     0000d386  _ADCC1_ISR                            
0     0000d390  _ADCC2_ISR                            
0     0000d39a  _ADCC3_ISR                            
0     0000d3a4  _ADCC4_ISR                            
0     0000d3ae  _ADCC_EVT_ISR                         
0     0000d3b8  _ADCD1_ISR                            
0     0000d3c2  _ADCD2_ISR                            
0     0000d3cc  _ADCD3_ISR                            
0     0000d3d6  _ADCD4_ISR                            
0     0000d3e0  _ADCD_EVT_ISR                         
0     0000d3ea  _AUX_PLL_SLIP_ISR                     
0     0000d3f4  _CANA0_ISR                            
0     0000d3fe  _CANA1_ISR                            
0     0000d408  _CANB0_ISR                            
0     0000d412  _CANB1_ISR                            
0     0000d41c  _CLA1_1_ISR                           
0     0000d426  _CLA1_2_ISR                           
0     0000d430  _CLA1_3_ISR                           
0     0000d43a  _CLA1_4_ISR                           
0     0000d444  _CLA1_5_ISR                           
0     0000d44e  _CLA1_6_ISR                           
0     0000d458  _CLA1_7_ISR                           
0     0000d462  _CLA1_8_ISR                           
0     0000d46c  _CLA_OVERFLOW_ISR                     
0     0000d476  _CLA_UNDERFLOW_ISR                    
0     0000d480  _DATALOG_ISR                          
0     0000d48a  _DMA_CH1_ISR                          
0     0000d494  _DMA_CH2_ISR                          
0     0000d49e  _DMA_CH3_ISR                          
0     0000d4a8  _DMA_CH4_ISR                          
0     0000d4b2  _DMA_CH5_ISR                          
0     0000d4bc  _DMA_CH6_ISR                          
0     0000d4c6  _ECAP1_ISR                            
0     0000d4d0  _ECAP2_ISR                            
0     0000d4da  _ECAP3_ISR                            
0     0000d4e4  _ECAP4_ISR                            
0     0000d4ee  _ECAP5_ISR                            
0     0000d4f8  _ECAP6_ISR                            
0     0000d502  _EMIF_ERROR_ISR                       
0     0000d50c  _EMU_ISR                              
0     0000d516  _EPWM10_ISR                           
0     0000d520  _EPWM10_TZ_ISR                        
0     0000d52a  _EPWM11_ISR                           
0     0000d534  _EPWM11_TZ_ISR                        
0     0000d53e  _EPWM12_ISR                           
0     0000d548  _EPWM12_TZ_ISR                        
0     0000d552  _EPWM1_ISR                            
0     0000d55c  _EPWM1_TZ_ISR                         
0     0000d566  _EPWM2_ISR                            
0     0000d570  _EPWM2_TZ_ISR                         
0     0000d57a  _EPWM3_ISR                            
0     0000d584  _EPWM3_TZ_ISR                         
0     0000d58e  _EPWM4_ISR                            
0     0000d598  _EPWM4_TZ_ISR                         
0     0000d5a2  _EPWM5_ISR                            
0     0000d5ac  _EPWM5_TZ_ISR                         
0     0000d5b6  _EPWM6_ISR                            
0     0000d5c0  _EPWM6_TZ_ISR                         
0     0000d5ca  _EPWM7_ISR                            
0     0000d5d4  _EPWM7_TZ_ISR                         
0     0000d5de  _EPWM8_ISR                            
0     0000d5e8  _EPWM8_TZ_ISR                         
0     0000d5f2  _EPWM9_ISR                            
0     0000d5fc  _EPWM9_TZ_ISR                         
0     0000d606  _EQEP1_ISR                            
0     0000d610  _EQEP2_ISR                            
0     0000d61a  _EQEP3_ISR                            
0     0000d624  _FLASH_CORRECTABLE_ERROR_ISR          
0     0000d62e  _FPU_OVERFLOW_ISR                     
0     0000d638  _FPU_UNDERFLOW_ISR                    
0     0000d642  _I2CA_FIFO_ISR                        
0     0000d64c  _I2CA_ISR                             
0     0000d656  _I2CB_FIFO_ISR                        
0     0000d660  _I2CB_ISR                             
0     0000d66a  _ILLEGAL_ISR                          
0     0000d674  _IPC0_ISR                             
0     0000d67e  _IPC1_ISR                             
0     0000d688  _IPC2_ISR                             
0     0000d692  _IPC3_ISR                             
0     0000d69c  _MCBSPA_RX_ISR                        
0     0000d6a6  _MCBSPA_TX_ISR                        
0     0000d6b0  _MCBSPB_RX_ISR                        
0     0000d6ba  _MCBSPB_TX_ISR                        
0     0000d6c4  _NMI_ISR                              
0     0000d6ce  _NOTUSED_ISR                          
0     0000d6d8  _PIE_RESERVED_ISR                     
0     0000d6e2  _RAM_ACCESS_VIOLATION_ISR             
0     0000d6ec  _RAM_CORRECTABLE_ERROR_ISR            
0     0000d6f6  _RTOS_ISR                             
0     0000d700  _SCIA_RX_ISR                          
0     0000d70a  _SCIA_TX_ISR                          
0     0000d714  _SCIB_RX_ISR                          
0     0000d71e  _SCIB_TX_ISR                          
0     0000d728  _SCIC_RX_ISR                          
0     0000d732  _SCIC_TX_ISR                          
0     0000d73c  _SCID_RX_ISR                          
0     0000d746  _SCID_TX_ISR                          
0     0000d750  _SD1_ISR                              
0     0000d75a  _SD2_ISR                              
0     0000d764  _SPIA_RX_ISR                          
0     0000d76e  _SPIA_TX_ISR                          
0     0000d778  _SPIB_RX_ISR                          
0     0000d782  _SPIB_TX_ISR                          
0     0000d78c  _SPIC_RX_ISR                          
0     0000d796  _SPIC_TX_ISR                          
0     0000d7a0  _SYS_PLL_SLIP_ISR                     
0     0000d7aa  _TIMER0_ISR                           
0     0000d7b4  _TIMER1_ISR                           
0     0000d7be  _TIMER2_ISR                           
0     0000d7c8  _UPPA_ISR                             
0     0000d7d2  _USBA_ISR                             
0     0000d7dc  _USER10_ISR                           
0     0000d7e6  _USER11_ISR                           
0     0000d7f0  _USER12_ISR                           
0     0000d7fa  _USER1_ISR                            
0     0000d804  _USER2_ISR                            
0     0000d80e  _USER3_ISR                            
0     0000d818  _USER4_ISR                            
0     0000d822  _USER5_ISR                            
0     0000d82c  _USER6_ISR                            
0     0000d836  _USER7_ISR                            
0     0000d840  _USER8_ISR                            
0     0000d84a  _USER9_ISR                            
0     0000d854  _VCU_ISR                              
0     0000d85e  _WAKE_ISR                             
0     0000d868  _XINT1_ISR                            
0     0000d872  _XINT2_ISR                            
0     0000d87c  _XINT3_ISR                            
0     0000d886  _XINT4_ISR                            
0     0000d890  _XINT5_ISR                            
0     0000d89a  __register_unlock                     
0     0000d89e  __register_lock                       
0     0000d8a2  __nop                                 
1     00000400  __stack                               
1     00000500  __STACK_END                           
1     00000b00  _AdcaResultRegs                       
1     00000b20  _AdcbResultRegs                       
1     00000b40  _AdccResultRegs                       
1     00000b60  _AdcdResultRegs                       
1     00000c00  _CpuTimer0Regs                        
1     00000c08  _CpuTimer1Regs                        
1     00000c10  _CpuTimer2Regs                        
1     00000ce0  _PieCtrlRegs                          
1     00000d00  _PieVectTable                         
1     00001000  _DmaRegs                              
1     00001400  _Cla1Regs                             
1     00001480  _ClaToCPU                             
1     00001500  _CpuToCLA                             
1     00003000  _Clb1LogicCfgRegs                     
1     00003100  _Clb1LogicCtrlRegs                    
1     00003200  _Clb1DataExchRegs                     
1     00003400  _Clb2LogicCfgRegs                     
1     00003500  _Clb2LogicCtrlRegs                    
1     00003600  _Clb2DataExchRegs                     
1     00003800  _Clb3LogicCfgRegs                     
1     00003900  _Clb3LogicCtrlRegs                    
1     00003a00  _Clb3DataExchRegs                     
1     00003c00  _Clb4LogicCfgRegs                     
1     00003d00  _Clb4LogicCtrlRegs                    
1     00003e00  _Clb4DataExchRegs                     
1     00004000  _EPwm1Regs                            
1     00004100  _EPwm2Regs                            
1     00004200  _EPwm3Regs                            
1     00004300  _EPwm4Regs                            
1     00004400  _EPwm5Regs                            
1     00004500  _EPwm6Regs                            
1     00004600  _EPwm7Regs                            
1     00004700  _EPwm8Regs                            
1     00004800  _EPwm9Regs                            
1     00004900  _EPwm10Regs                           
1     00004a00  _EPwm11Regs                           
1     00004b00  _EPwm12Regs                           
1     00005000  _ECap1Regs                            
1     00005020  _ECap2Regs                            
1     00005040  _ECap3Regs                            
1     00005060  _ECap4Regs                            
1     00005080  _ECap5Regs                            
1     000050a0  _ECap6Regs                            
1     00005100  _EQep1Regs                            
1     00005140  _EQep2Regs                            
1     00005180  _EQep3Regs                            
1     00005c00  _DacaRegs                             
1     00005c10  _DacbRegs                             
1     00005c20  _DaccRegs                             
1     00005c80  _Cmpss1Regs                           
1     00005ca0  _Cmpss2Regs                           
1     00005cc0  _Cmpss3Regs                           
1     00005ce0  _Cmpss4Regs                           
1     00005d00  _Cmpss5Regs                           
1     00005d20  _Cmpss6Regs                           
1     00005d40  _Cmpss7Regs                           
1     00005d60  _Cmpss8Regs                           
1     00005e00  _Sdfm1Regs                            
1     00005e80  _Sdfm2Regs                            
1     00006000  _McbspaRegs                           
1     00006040  _McbspbRegs                           
1     00006100  _SpiaRegs                             
1     00006110  _SpibRegs                             
1     00006120  _SpicRegs                             
1     00006200  _UppRegs                              
1     00007000  _WdRegs                               
1     00007060  _NmiIntruptRegs                       
1     00007070  _XintRegs                             
1     00007200  _SciaRegs                             
1     00007210  _ScibRegs                             
1     00007220  _ScicRegs                             
1     00007230  _ScidRegs                             
1     00007300  _I2caRegs                             
1     00007340  _I2cbRegs                             
1     00007400  _AdcaRegs                             
1     00007480  _AdcbRegs                             
1     00007500  _AdccRegs                             
1     00007580  _AdcdRegs                             
1     00007900  _InputXbarRegs                        
1     00007920  _XbarRegs                             
1     00007940  _SyncSocRegs                          
1     00007980  _DmaClaSrcSelRegs                     
1     00007a00  _EPwmXbarRegs                         
1     00007a40  _ClbXbarRegs                          
1     00007a80  _OutputXbarRegs                       
1     00007c00  _GpioCtrlRegs                         
1     00007f00  _GpioDataRegs                         
1     00008000  _IsrTicker                            
1     00008002  _rg_har_1st                           
1     00008010  _rc_Ref                               
1     0000801e  _ipark_voltref                        
1     0000802e  _UabtoUabc                            
1     0000803a  _Svm3d                                
1     0000805c  _pwm                                  
1     0000806a  _park_curr                            
1     0000807c  _park_volt                            
1     0000808e  _START_CONTROLLER                     
1     0000808f  _START_ADC                            
1     00008090  _AdcValue                             
1     000080aa  _adc_filter                           
1     000080c4  _filter_Udc                           
1     000080ce  _filter_VaG                           
1     000080d8  _filter_VbG                           
1     000080e2  _filter_VcG                           
1     000080ec  _clarke_volt                          
1     000080f8  _clarke_curr                          
1     00008104  _pi_curr_id                           
1     0000811e  _pi_curr_iq                           
1     00008138  _pi_curr_iz                           
1     00008152  _controller_error_curr_isd            
1     00008153  _controller_error_curr_isq            
1     00008154  _loop_volt_Udc                        
1     00008156  _pi_volt_Usd                          
1     00008170  _pi_volt_Usq                          
1     0000818a  _loop_volt_Us                         
1     0000818c  _data1                                
1     000081a8  _ramp_switch                          
1     000081aa  _CLAsinTable                          
1     000081aa  _CLAsincosTable                       
1     000081aa  _CLAsincosTable_Sin0                  
1     000081ea  _CLAcosTable                          
1     000081ea  _CLAsincosTable_Cos0                  
1     000082aa  _CLAsinTableEnd                       
1     000082ec  _CLAcosTableEnd                       
1     000082ec  _CLAsincosTable_TABLE_SIZE            
1     000082ee  _CLAsincosTable_TABLE_SIZEDivTwoPi    
1     000082f0  _CLAsincosTable_TwoPiDivTABLE_SIZE    
1     000082f2  _CLAsincosTable_TABLE_MASK            
1     000082f4  _CLAsincosTable_Coef0                 
1     000082f6  _CLAsincosTable_Coef1                 
1     000082f8  _CLAsincosTable_Coef1_pos             
1     000082fa  _CLAsincosTable_Coef2                 
1     000082fc  _CLAsincosTable_Coef3                 
1     000082fe  _CLAsincosTable_Coef3_neg             
1     00008300  _CLAsincosTableEnd                    
1     0000840c  _TaskCpu1Cla1                         
1     0000840d  _TaskCpu1Cla1_task2                   
1     0000c000  _DataLog1                             
1     0000c400  _DataLog2                             
1     0000c800  _DataLog3                             
1     0000e000  _TRIP_SEL                             
1     0000e01e  _gPeripheralNumber                    
1     0000e01f  _ndx1                                 
1     0000e020  _ndx2                                 
1     0000e021  _ndx3                                 
1     0000e022  _Task1_Isr                            
1     0000e023  _Task8_Isr                            
1     0000e024  _START                                
1     0000e025  _ON_RELAY                             
1     0000e026  _START_1                              
1     0000e027  _clkPrescale_1                        
1     0000e028  _sampwin_1                            
1     0000e029  _thresh_1                             
1     0000e02a  _LEM_curHi_1                          
1     0000e02b  _LEM_curLo_1                          
1     0000e02c  _protect_chanel                       
1     0000e03c  _I2C                                  
1     0000e040  _EPWM                                 
1     0000e05a  _ECAP                                 
1     0000e068  _ADC                                  
1     0000e072  _EQEP                                 
1     0000e07a  _SDFM                                 
1     0000e080  _SPI                                  
1     0000e088  ___TI_enable_exit_profile_output      
1     0000e08a  ___TI_cleanup_ptr                     
1     0000e08c  ___TI_dtors_ptr                       
1     0000e08e  _MCBSP                                
1     0000e092  _SCI                                  
1     0000e096  __lock                                
1     0000e098  __unlock                              
1     0000f000  _PieVectTableInit                     
1     00047000  _Emif1Regs                            
1     00047800  _Emif2Regs                            
1     00048000  _CanaRegs                             
1     0004a000  _CanbRegs                             
1     00050000  _IpcRegs                              
1     00050024  _FlashPumpSemaphoreRegs               
1     0005d000  _DevCfgRegs                           
1     0005d180  _AnalogSubsysRegs                     
1     0005d200  _ClkCfgRegs                           
1     0005d300  _CpuSysRegs                           
1     0005e608  _RomPrefetchRegs                      
1     0005f000  _DcsmZ1Regs                           
1     0005f040  _DcsmZ2Regs                           
1     0005f070  _DcsmCommonRegs                       
1     0005f400  _MemCfgRegs                           
1     0005f480  _Emif1ConfigRegs                      
1     0005f4a0  _Emif2ConfigRegs                      
1     0005f4c0  _AccessProtectionRegs                 
1     0005f500  _MemoryErrorRegs                      
1     0005f540  _RomWaitStateRegs                     
1     0005f800  _Flash0CtrlRegs                       
1     0005fb00  _Flash0EccRegs                        
1     000703c0  _UidRegs                              
abs   00000100  CLA_SCRATCHPAD_SIZE                   
abs   00000100  __STACK_SIZE                          
abs   ffffffff  .text                                 
abs   ffffffff  ___TI_pprof_out_hndl                  
abs   ffffffff  ___TI_prof_data_size                  
abs   ffffffff  ___TI_prof_data_start                 
abs   ffffffff  ___binit__                            
abs   ffffffff  ___c_args__                           
abs   ffffffff  ___etext__                            
abs   ffffffff  ___pinit__                            
abs   ffffffff  ___text__                             
abs   ffffffff  binit                                 
abs   ffffffff  etext                                 
abs   ffffffff  pinit                                 

[418 symbols]
