<?xml version="1.0" encoding="ISO-8859-1" ?>
<link_info>
   <banner>TMS320C2000 Linker PC v22.6.1.LTS</banner>
   <copyright>Copyright (c) 1996-2018 Texas Instruments Incorporated</copyright>
   <link_time>0x67359462</link_time>
   <link_errors>0x0</link_errors>
   <output_file>AC_Battery_CPU1.out</output_file>
   <entry_point>
      <name>code_start</name>
      <address>0x0</address>
   </entry_point>
   <input_file_list>
      <input_file id="fl-2">
         <path>.\</path>
         <kind>object</kind>
         <file>sdfm_filter_sync_cla_cpu01.obj</file>
         <name>sdfm_filter_sync_cla_cpu01.obj</name>
      </input_file>
      <input_file id="fl-3">
         <path>.\</path>
         <kind>object</kind>
         <file>sdfm_filter_sync.obj</file>
         <name>sdfm_filter_sync.obj</name>
      </input_file>
      <input_file id="fl-4">
         <path>.\</path>
         <kind>object</kind>
         <file>F2837xD_CodeStartBranch.obj</file>
         <name>F2837xD_CodeStartBranch.obj</name>
      </input_file>
      <input_file id="fl-5">
         <path>.\</path>
         <kind>object</kind>
         <file>F2837xD_DefaultISR.obj</file>
         <name>F2837xD_DefaultISR.obj</name>
      </input_file>
      <input_file id="fl-6">
         <path>.\</path>
         <kind>object</kind>
         <file>F2837xD_GlobalVariableDefs.obj</file>
         <name>F2837xD_GlobalVariableDefs.obj</name>
      </input_file>
      <input_file id="fl-7">
         <path>.\</path>
         <kind>object</kind>
         <file>F2837xD_Gpio.obj</file>
         <name>F2837xD_Gpio.obj</name>
      </input_file>
      <input_file id="fl-8">
         <path>.\</path>
         <kind>object</kind>
         <file>F2837xD_Ipc.obj</file>
         <name>F2837xD_Ipc.obj</name>
      </input_file>
      <input_file id="fl-9">
         <path>.\</path>
         <kind>object</kind>
         <file>F2837xD_PieCtrl.obj</file>
         <name>F2837xD_PieCtrl.obj</name>
      </input_file>
      <input_file id="fl-a">
         <path>.\</path>
         <kind>object</kind>
         <file>F2837xD_PieVect.obj</file>
         <name>F2837xD_PieVect.obj</name>
      </input_file>
      <input_file id="fl-b">
         <path>.\</path>
         <kind>object</kind>
         <file>F2837xD_SysCtrl.obj</file>
         <name>F2837xD_SysCtrl.obj</name>
      </input_file>
      <input_file id="fl-c">
         <path>.\</path>
         <kind>object</kind>
         <file>F2837xD_sdfm_drivers.obj</file>
         <name>F2837xD_sdfm_drivers.obj</name>
      </input_file>
      <input_file id="fl-d">
         <path>.\</path>
         <kind>object</kind>
         <file>F2837xD_struct.obj</file>
         <name>F2837xD_struct.obj</name>
      </input_file>
      <input_file id="fl-e">
         <path>.\</path>
         <kind>object</kind>
         <file>F2837xD_usDelay.obj</file>
         <name>F2837xD_usDelay.obj</name>
      </input_file>
      <input_file id="fl-1e">
         <kind>object</kind>
         <file>&lt;internal&gt;</file>
         <name>&lt;internal&gt;</name>
      </input_file>
      <input_file id="fl-1f">
         <path>..\library\Math\CLAmath\lib\</path>
         <kind>archive</kind>
         <file>cla1_math_library_fpu32.lib</file>
         <name>CLAcosPU.obj</name>
      </input_file>
      <input_file id="fl-20">
         <path>..\library\Math\CLAmath\lib\</path>
         <kind>archive</kind>
         <file>cla1_math_library_fpu32.lib</file>
         <name>CLAsinPU.obj</name>
      </input_file>
      <input_file id="fl-21">
         <path>..\library\Math\CLAmath\lib\</path>
         <kind>archive</kind>
         <file>cla1_math_library_fpu32.lib</file>
         <name>CLASinCosTable.obj</name>
      </input_file>
      <input_file id="fl-22">
         <path>C:\ti\ccs1250\ccs\tools\compiler\ti-cgt-c2000_22.6.1.LTS\lib\</path>
         <kind>archive</kind>
         <file>rts2800_fpu32.lib</file>
         <name>boot28.asm.obj</name>
      </input_file>
      <input_file id="fl-23">
         <path>C:\ti\ccs1250\ccs\tools\compiler\ti-cgt-c2000_22.6.1.LTS\lib\</path>
         <kind>archive</kind>
         <file>rts2800_fpu32.lib</file>
         <name>fs_div28.asm.obj</name>
      </input_file>
      <input_file id="fl-24">
         <path>C:\ti\ccs1250\ccs\tools\compiler\ti-cgt-c2000_22.6.1.LTS\lib\</path>
         <kind>archive</kind>
         <file>rts2800_fpu32.lib</file>
         <name>ll_aox28.asm.obj</name>
      </input_file>
      <input_file id="fl-25">
         <path>C:\ti\ccs1250\ccs\tools\compiler\ti-cgt-c2000_22.6.1.LTS\lib\</path>
         <kind>archive</kind>
         <file>rts2800_fpu32.lib</file>
         <name>cpy_tbl.c.obj</name>
      </input_file>
      <input_file id="fl-26">
         <path>C:\ti\ccs1250\ccs\tools\compiler\ti-cgt-c2000_22.6.1.LTS\lib\</path>
         <kind>archive</kind>
         <file>rts2800_fpu32.lib</file>
         <name>memcpy.c.obj</name>
      </input_file>
      <input_file id="fl-27">
         <path>C:\ti\ccs1250\ccs\tools\compiler\ti-cgt-c2000_22.6.1.LTS\lib\</path>
         <kind>archive</kind>
         <file>rts2800_fpu32.lib</file>
         <name>pre_init.c.obj</name>
      </input_file>
      <input_file id="fl-28">
         <path>C:\ti\ccs1250\ccs\tools\compiler\ti-cgt-c2000_22.6.1.LTS\lib\</path>
         <kind>archive</kind>
         <file>rts2800_fpu32.lib</file>
         <name>startup.c.obj</name>
      </input_file>
      <input_file id="fl-29">
         <path>C:\ti\ccs1250\ccs\tools\compiler\ti-cgt-c2000_22.6.1.LTS\lib\</path>
         <kind>archive</kind>
         <file>rts2800_fpu32.lib</file>
         <name>exit.c.obj</name>
      </input_file>
      <input_file id="fl-2a">
         <path>C:\ti\ccs1250\ccs\tools\compiler\ti-cgt-c2000_22.6.1.LTS\lib\</path>
         <kind>archive</kind>
         <file>rts2800_fpu32.lib</file>
         <name>_lock.c.obj</name>
      </input_file>
      <input_file id="fl-2b">
         <path>C:\ti\ccs1250\ccs\tools\compiler\ti-cgt-c2000_22.6.1.LTS\lib\</path>
         <kind>archive</kind>
         <file>rts2800_fpu32.lib</file>
         <name>args_main.c.obj</name>
      </input_file>
      <input_file id="fl-2c">
         <path>C:\ti\ccs1250\ccs\tools\compiler\ti-cgt-c2000_22.6.1.LTS\lib\</path>
         <kind>archive</kind>
         <file>rts2800_fpu32.lib</file>
         <name>memset.c.obj</name>
      </input_file>
   </input_file_list>
   <object_component_list>
      <object_component id="oc-9a">
         <name>codestart</name>
         <load_address>0x0</load_address>
         <run_address>0x0</run_address>
         <size>0x2</size>
         <input_file_ref idref="fl-4"/>
      </object_component>
      <object_component id="oc-25e">
         <name>.text:_InitPeripheralClocks</name>
         <load_address>0x228</load_address>
         <run_address>0x228</run_address>
         <size>0x84</size>
         <input_file_ref idref="fl-b"/>
      </object_component>
      <object_component id="oc-250">
         <name>.text:_Sdfm_configureInputCtrl</name>
         <load_address>0x2ac</load_address>
         <run_address>0x2ac</run_address>
         <size>0x7f</size>
         <input_file_ref idref="fl-c"/>
      </object_component>
      <object_component id="oc-248">
         <name>.text:_Init_ADC_A</name>
         <load_address>0x32b</load_address>
         <run_address>0x32b</run_address>
         <size>0x79</size>
         <input_file_ref idref="fl-2"/>
      </object_component>
      <object_component id="oc-249">
         <name>.text:_Init_ADC_B</name>
         <load_address>0x3a4</load_address>
         <run_address>0x3a4</run_address>
         <size>0x51</size>
         <input_file_ref idref="fl-2"/>
      </object_component>
      <object_component id="oc-ce">
         <name>.text:_ADCA1_ISR</name>
         <load_address>0x3f5</load_address>
         <run_address>0x3f5</run_address>
         <size>0xa</size>
         <input_file_ref idref="fl-5"/>
      </object_component>
      <object_component id="oc-244">
         <name>.text:_main</name>
         <load_address>0xb000</load_address>
         <run_address>0xb000</run_address>
         <size>0x3f4</size>
         <input_file_ref idref="fl-2"/>
      </object_component>
      <object_component id="oc-252">
         <name>.text:_Sdfm_configureData_filter</name>
         <load_address>0xb3f4</load_address>
         <run_address>0xb3f4</run_address>
         <size>0x267</size>
         <input_file_ref idref="fl-c"/>
      </object_component>
      <object_component id="oc-24b">
         <name>.text:_CMPSS_Protection_TPC</name>
         <load_address>0xb65b</load_address>
         <run_address>0xb65b</run_address>
         <size>0x137</size>
         <input_file_ref idref="fl-2"/>
      </object_component>
      <object_component id="oc-1f6">
         <name>.text</name>
         <load_address>0xb792</load_address>
         <run_address>0xb792</run_address>
         <size>0x56</size>
         <input_file_ref idref="fl-22"/>
      </object_component>
      <object_component id="oc-202">
         <name>.text</name>
         <load_address>0xb7e8</load_address>
         <run_address>0xb7e8</run_address>
         <size>0x18</size>
         <input_file_ref idref="fl-24"/>
      </object_component>
      <object_component id="oc-251">
         <name>.text:_Sdfm_configureComparator</name>
         <load_address>0xb800</load_address>
         <run_address>0xb800</run_address>
         <size>0x1f4</size>
         <input_file_ref idref="fl-c"/>
      </object_component>
      <object_component id="oc-25d">
         <name>.text:_InitSysPll</name>
         <load_address>0xb9f4</load_address>
         <run_address>0xb9f4</run_address>
         <size>0x1ef</size>
         <input_file_ref idref="fl-b"/>
      </object_component>
      <object_component id="oc-255">
         <name>.text:_Sdfm_configureInterrupt</name>
         <load_address>0xbbe3</load_address>
         <run_address>0xbbe3</run_address>
         <size>0x1c2</size>
         <input_file_ref idref="fl-c"/>
      </object_component>
      <object_component id="oc-24a">
         <name>.text:_CMPSS_Protection_FLC</name>
         <load_address>0xbda5</load_address>
         <run_address>0xbda5</run_address>
         <size>0x119</size>
         <input_file_ref idref="fl-2"/>
      </object_component>
      <object_component id="oc-25f">
         <name>.text:_cmpssConfig</name>
         <load_address>0xbebe</load_address>
         <run_address>0xbebe</run_address>
         <size>0xb9</size>
         <input_file_ref idref="fl-2"/>
      </object_component>
      <object_component id="oc-1fd">
         <name>.text</name>
         <load_address>0xbf77</load_address>
         <run_address>0xbf77</run_address>
         <size>0x88</size>
         <input_file_ref idref="fl-23"/>
      </object_component>
      <object_component id="oc-240">
         <name>.text</name>
         <load_address>0xbfff</load_address>
         <run_address>0xbfff</run_address>
         <size>0x1</size>
         <input_file_ref idref="fl-28"/>
      </object_component>
      <object_component id="oc-254">
         <name>.text:_Sdfm_configureExternalreset</name>
         <load_address>0xd000</load_address>
         <run_address>0xd000</run_address>
         <size>0x73</size>
         <input_file_ref idref="fl-c"/>
      </object_component>
      <object_component id="oc-9f">
         <name>.text:_cla1Isr1</name>
         <load_address>0xd073</load_address>
         <run_address>0xd073</run_address>
         <size>0x71</size>
         <input_file_ref idref="fl-2"/>
      </object_component>
      <object_component id="oc-24f">
         <name>.text:_CLA_initCpu1Cla</name>
         <load_address>0xd0e4</load_address>
         <run_address>0xd0e4</run_address>
         <size>0x46</size>
         <input_file_ref idref="fl-2"/>
      </object_component>
      <object_component id="oc-24e">
         <name>.text:_Cla_initMemoryMap</name>
         <load_address>0xd12a</load_address>
         <run_address>0xd12a</run_address>
         <size>0x42</size>
         <input_file_ref idref="fl-2"/>
      </object_component>
      <object_component id="oc-242">
         <name>.text</name>
         <load_address>0xd16c</load_address>
         <run_address>0xd16c</run_address>
         <size>0x29</size>
         <input_file_ref idref="fl-29"/>
      </object_component>
      <object_component id="oc-24d">
         <name>.text:_InitPieVectTable</name>
         <load_address>0xd195</load_address>
         <run_address>0xd195</run_address>
         <size>0x26</size>
         <input_file_ref idref="fl-a"/>
      </object_component>
      <object_component id="oc-26b">
         <name>.text:_GPIO_EnableUnbondedIOPullupsFor100Pin</name>
         <load_address>0xd1bb</load_address>
         <run_address>0xd1bb</run_address>
         <size>0x25</size>
         <input_file_ref idref="fl-7"/>
      </object_component>
      <object_component id="oc-23f">
         <name>.text</name>
         <load_address>0xd1e0</load_address>
         <run_address>0xd1e0</run_address>
         <size>0x24</size>
         <input_file_ref idref="fl-25"/>
      </object_component>
      <object_component id="oc-247">
         <name>.text:_InitSysCtrl</name>
         <load_address>0xd204</load_address>
         <run_address>0xd204</run_address>
         <size>0x20</size>
         <input_file_ref idref="fl-b"/>
      </object_component>
      <object_component id="oc-24c">
         <name>.text:_InitPieCtrl</name>
         <load_address>0xd224</load_address>
         <run_address>0xd224</run_address>
         <size>0x1f</size>
         <input_file_ref idref="fl-9"/>
      </object_component>
      <object_component id="oc-25c">
         <name>.text:_ConfigureTMXAnalogTrim</name>
         <load_address>0xd243</load_address>
         <run_address>0xd243</run_address>
         <size>0x1d</size>
         <input_file_ref idref="fl-b"/>
      </object_component>
      <object_component id="oc-243">
         <name>.text</name>
         <load_address>0xd260</load_address>
         <run_address>0xd260</run_address>
         <size>0x1d</size>
         <input_file_ref idref="fl-26"/>
      </object_component>
      <object_component id="oc-26c">
         <name>.text:_GPIO_EnableUnbondedIOPullupsFor176Pin</name>
         <load_address>0xd27d</load_address>
         <run_address>0xd27d</run_address>
         <size>0x19</size>
         <input_file_ref idref="fl-7"/>
      </object_component>
      <object_component id="oc-25b">
         <name>.text:_GPIO_EnableUnbondedIOPullups</name>
         <load_address>0xd296</load_address>
         <run_address>0xd296</run_address>
         <size>0x16</size>
         <input_file_ref idref="fl-7"/>
      </object_component>
      <object_component id="oc-26e">
         <name>.text:_SysIntOsc2Sel</name>
         <load_address>0xd2ac</load_address>
         <run_address>0xd2ac</run_address>
         <size>0x14</size>
         <input_file_ref idref="fl-b"/>
      </object_component>
      <object_component id="oc-a6">
         <name>.text:_cla1Isr8</name>
         <load_address>0xd2c0</load_address>
         <run_address>0xd2c0</run_address>
         <size>0x14</size>
         <input_file_ref idref="fl-2"/>
      </object_component>
      <object_component id="oc-257">
         <name>.text:_DelayMs</name>
         <load_address>0xd2d4</load_address>
         <run_address>0xd2d4</run_address>
         <size>0x13</size>
         <input_file_ref idref="fl-2"/>
      </object_component>
      <object_component id="oc-269">
         <name>.text:_DelayUs</name>
         <load_address>0xd2e7</load_address>
         <run_address>0xd2e7</run_address>
         <size>0x12</size>
         <input_file_ref idref="fl-2"/>
      </object_component>
      <object_component id="oc-231">
         <name>.text:_dlog1</name>
         <load_address>0xd2f9</load_address>
         <run_address>0xd2f9</run_address>
         <size>0x12</size>
         <input_file_ref idref="fl-2"/>
      </object_component>
      <object_component id="oc-232">
         <name>.text:_dlog2</name>
         <load_address>0xd30b</load_address>
         <run_address>0xd30b</run_address>
         <size>0x12</size>
         <input_file_ref idref="fl-2"/>
      </object_component>
      <object_component id="oc-233">
         <name>.text:_dlog3</name>
         <load_address>0xd31d</load_address>
         <run_address>0xd31d</run_address>
         <size>0x12</size>
         <input_file_ref idref="fl-2"/>
      </object_component>
      <object_component id="oc-241">
         <name>.text</name>
         <load_address>0xd32f</load_address>
         <run_address>0xd32f</run_address>
         <size>0x12</size>
         <input_file_ref idref="fl-2b"/>
      </object_component>
      <object_component id="oc-253">
         <name>.text:_Sdfm_enableMFE</name>
         <load_address>0xd341</load_address>
         <run_address>0xd341</run_address>
         <size>0x11</size>
         <input_file_ref idref="fl-c"/>
      </object_component>
      <object_component id="oc-256">
         <name>.text:_Sdfm_enableMIE</name>
         <load_address>0xd352</load_address>
         <run_address>0xd352</run_address>
         <size>0x11</size>
         <input_file_ref idref="fl-c"/>
      </object_component>
      <object_component id="oc-a0">
         <name>.text:_cla1Isr2</name>
         <load_address>0xd363</load_address>
         <run_address>0xd363</run_address>
         <size>0x11</size>
         <input_file_ref idref="fl-2"/>
      </object_component>
      <object_component id="oc-26d">
         <name>.text:_SysIntOsc1Sel</name>
         <load_address>0xd374</load_address>
         <run_address>0xd374</run_address>
         <size>0x10</size>
         <input_file_ref idref="fl-b"/>
      </object_component>
      <object_component id="oc-26f">
         <name>.text:_SysXtalOscSel</name>
         <load_address>0xd384</load_address>
         <run_address>0xd384</run_address>
         <size>0x10</size>
         <input_file_ref idref="fl-b"/>
      </object_component>
      <object_component id="oc-a1">
         <name>.text:_cla1Isr3</name>
         <load_address>0xd394</load_address>
         <run_address>0xd394</run_address>
         <size>0xf</size>
         <input_file_ref idref="fl-2"/>
      </object_component>
      <object_component id="oc-a2">
         <name>.text:_cla1Isr4</name>
         <load_address>0xd3a3</load_address>
         <run_address>0xd3a3</run_address>
         <size>0xf</size>
         <input_file_ref idref="fl-2"/>
      </object_component>
      <object_component id="oc-a3">
         <name>.text:_cla1Isr5</name>
         <load_address>0xd3b2</load_address>
         <run_address>0xd3b2</run_address>
         <size>0xf</size>
         <input_file_ref idref="fl-2"/>
      </object_component>
      <object_component id="oc-a4">
         <name>.text:_cla1Isr6</name>
         <load_address>0xd3c1</load_address>
         <run_address>0xd3c1</run_address>
         <size>0xf</size>
         <input_file_ref idref="fl-2"/>
      </object_component>
      <object_component id="oc-a5">
         <name>.text:_cla1Isr7</name>
         <load_address>0xd3d0</load_address>
         <run_address>0xd3d0</run_address>
         <size>0xf</size>
         <input_file_ref idref="fl-2"/>
      </object_component>
      <object_component id="oc-25a">
         <name>.text:_DisableDog</name>
         <load_address>0xd3df</load_address>
         <run_address>0xd3df</run_address>
         <size>0xe</size>
         <input_file_ref idref="fl-b"/>
      </object_component>
      <object_component id="oc-270">
         <name>.text:_ServiceDog</name>
         <load_address>0xd3ed</load_address>
         <run_address>0xd3ed</run_address>
         <size>0xe</size>
         <input_file_ref idref="fl-b"/>
      </object_component>
      <object_component id="oc-146">
         <name>.text:_EMPTY_ISR</name>
         <load_address>0xd3fb</load_address>
         <run_address>0xd3fb</run_address>
         <size>0xd</size>
         <input_file_ref idref="fl-5"/>
      </object_component>
      <object_component id="oc-10e">
         <name>.text:_ADCA2_ISR</name>
         <load_address>0xd408</load_address>
         <run_address>0xd408</run_address>
         <size>0xa</size>
         <input_file_ref idref="fl-5"/>
      </object_component>
      <object_component id="oc-10f">
         <name>.text:_ADCA3_ISR</name>
         <load_address>0xd412</load_address>
         <run_address>0xd412</run_address>
         <size>0xa</size>
         <input_file_ref idref="fl-5"/>
      </object_component>
      <object_component id="oc-110">
         <name>.text:_ADCA4_ISR</name>
         <load_address>0xd41c</load_address>
         <run_address>0xd41c</run_address>
         <size>0xa</size>
         <input_file_ref idref="fl-5"/>
      </object_component>
      <object_component id="oc-10d">
         <name>.text:_ADCA_EVT_ISR</name>
         <load_address>0xd426</load_address>
         <run_address>0xd426</run_address>
         <size>0xa</size>
         <input_file_ref idref="fl-5"/>
      </object_component>
      <object_component id="oc-cf">
         <name>.text:_ADCB1_ISR</name>
         <load_address>0xd430</load_address>
         <run_address>0xd430</run_address>
         <size>0xa</size>
         <input_file_ref idref="fl-5"/>
      </object_component>
      <object_component id="oc-112">
         <name>.text:_ADCB2_ISR</name>
         <load_address>0xd43a</load_address>
         <run_address>0xd43a</run_address>
         <size>0xa</size>
         <input_file_ref idref="fl-5"/>
      </object_component>
      <object_component id="oc-113">
         <name>.text:_ADCB3_ISR</name>
         <load_address>0xd444</load_address>
         <run_address>0xd444</run_address>
         <size>0xa</size>
         <input_file_ref idref="fl-5"/>
      </object_component>
      <object_component id="oc-114">
         <name>.text:_ADCB4_ISR</name>
         <load_address>0xd44e</load_address>
         <run_address>0xd44e</run_address>
         <size>0xa</size>
         <input_file_ref idref="fl-5"/>
      </object_component>
      <object_component id="oc-111">
         <name>.text:_ADCB_EVT_ISR</name>
         <load_address>0xd458</load_address>
         <run_address>0xd458</run_address>
         <size>0xa</size>
         <input_file_ref idref="fl-5"/>
      </object_component>
      <object_component id="oc-d0">
         <name>.text:_ADCC1_ISR</name>
         <load_address>0xd462</load_address>
         <run_address>0xd462</run_address>
         <size>0xa</size>
         <input_file_ref idref="fl-5"/>
      </object_component>
      <object_component id="oc-136">
         <name>.text:_ADCC2_ISR</name>
         <load_address>0xd46c</load_address>
         <run_address>0xd46c</run_address>
         <size>0xa</size>
         <input_file_ref idref="fl-5"/>
      </object_component>
      <object_component id="oc-137">
         <name>.text:_ADCC3_ISR</name>
         <load_address>0xd476</load_address>
         <run_address>0xd476</run_address>
         <size>0xa</size>
         <input_file_ref idref="fl-5"/>
      </object_component>
      <object_component id="oc-138">
         <name>.text:_ADCC4_ISR</name>
         <load_address>0xd480</load_address>
         <run_address>0xd480</run_address>
         <size>0xa</size>
         <input_file_ref idref="fl-5"/>
      </object_component>
      <object_component id="oc-135">
         <name>.text:_ADCC_EVT_ISR</name>
         <load_address>0xd48a</load_address>
         <run_address>0xd48a</run_address>
         <size>0xa</size>
         <input_file_ref idref="fl-5"/>
      </object_component>
      <object_component id="oc-d3">
         <name>.text:_ADCD1_ISR</name>
         <load_address>0xd494</load_address>
         <run_address>0xd494</run_address>
         <size>0xa</size>
         <input_file_ref idref="fl-5"/>
      </object_component>
      <object_component id="oc-13a">
         <name>.text:_ADCD2_ISR</name>
         <load_address>0xd49e</load_address>
         <run_address>0xd49e</run_address>
         <size>0xa</size>
         <input_file_ref idref="fl-5"/>
      </object_component>
      <object_component id="oc-13b">
         <name>.text:_ADCD3_ISR</name>
         <load_address>0xd4a8</load_address>
         <run_address>0xd4a8</run_address>
         <size>0xa</size>
         <input_file_ref idref="fl-5"/>
      </object_component>
      <object_component id="oc-13c">
         <name>.text:_ADCD4_ISR</name>
         <load_address>0xd4b2</load_address>
         <run_address>0xd4b2</run_address>
         <size>0xa</size>
         <input_file_ref idref="fl-5"/>
      </object_component>
      <object_component id="oc-139">
         <name>.text:_ADCD_EVT_ISR</name>
         <load_address>0xd4bc</load_address>
         <run_address>0xd4bc</run_address>
         <size>0xa</size>
         <input_file_ref idref="fl-5"/>
      </object_component>
      <object_component id="oc-142">
         <name>.text:_AUX_PLL_SLIP_ISR</name>
         <load_address>0xd4c6</load_address>
         <run_address>0xd4c6</run_address>
         <size>0xa</size>
         <input_file_ref idref="fl-5"/>
      </object_component>
      <object_component id="oc-109">
         <name>.text:_CANA0_ISR</name>
         <load_address>0xd4d0</load_address>
         <run_address>0xd4d0</run_address>
         <size>0xa</size>
         <input_file_ref idref="fl-5"/>
      </object_component>
      <object_component id="oc-10a">
         <name>.text:_CANA1_ISR</name>
         <load_address>0xd4da</load_address>
         <run_address>0xd4da</run_address>
         <size>0xa</size>
         <input_file_ref idref="fl-5"/>
      </object_component>
      <object_component id="oc-10b">
         <name>.text:_CANB0_ISR</name>
         <load_address>0xd4e4</load_address>
         <run_address>0xd4e4</run_address>
         <size>0xa</size>
         <input_file_ref idref="fl-5"/>
      </object_component>
      <object_component id="oc-10c">
         <name>.text:_CANB1_ISR</name>
         <load_address>0xd4ee</load_address>
         <run_address>0xd4ee</run_address>
         <size>0xa</size>
         <input_file_ref idref="fl-5"/>
      </object_component>
      <object_component id="oc-115">
         <name>.text:_CLA1_1_ISR</name>
         <load_address>0xd4f8</load_address>
         <run_address>0xd4f8</run_address>
         <size>0xa</size>
         <input_file_ref idref="fl-5"/>
      </object_component>
      <object_component id="oc-116">
         <name>.text:_CLA1_2_ISR</name>
         <load_address>0xd502</load_address>
         <run_address>0xd502</run_address>
         <size>0xa</size>
         <input_file_ref idref="fl-5"/>
      </object_component>
      <object_component id="oc-117">
         <name>.text:_CLA1_3_ISR</name>
         <load_address>0xd50c</load_address>
         <run_address>0xd50c</run_address>
         <size>0xa</size>
         <input_file_ref idref="fl-5"/>
      </object_component>
      <object_component id="oc-118">
         <name>.text:_CLA1_4_ISR</name>
         <load_address>0xd516</load_address>
         <run_address>0xd516</run_address>
         <size>0xa</size>
         <input_file_ref idref="fl-5"/>
      </object_component>
      <object_component id="oc-119">
         <name>.text:_CLA1_5_ISR</name>
         <load_address>0xd520</load_address>
         <run_address>0xd520</run_address>
         <size>0xa</size>
         <input_file_ref idref="fl-5"/>
      </object_component>
      <object_component id="oc-11a">
         <name>.text:_CLA1_6_ISR</name>
         <load_address>0xd52a</load_address>
         <run_address>0xd52a</run_address>
         <size>0xa</size>
         <input_file_ref idref="fl-5"/>
      </object_component>
      <object_component id="oc-11b">
         <name>.text:_CLA1_7_ISR</name>
         <load_address>0xd534</load_address>
         <run_address>0xd534</run_address>
         <size>0xa</size>
         <input_file_ref idref="fl-5"/>
      </object_component>
      <object_component id="oc-11c">
         <name>.text:_CLA1_8_ISR</name>
         <load_address>0xd53e</load_address>
         <run_address>0xd53e</run_address>
         <size>0xa</size>
         <input_file_ref idref="fl-5"/>
      </object_component>
      <object_component id="oc-143">
         <name>.text:_CLA_OVERFLOW_ISR</name>
         <load_address>0xd548</load_address>
         <run_address>0xd548</run_address>
         <size>0xa</size>
         <input_file_ref idref="fl-5"/>
      </object_component>
      <object_component id="oc-144">
         <name>.text:_CLA_UNDERFLOW_ISR</name>
         <load_address>0xd552</load_address>
         <run_address>0xd552</run_address>
         <size>0xa</size>
         <input_file_ref idref="fl-5"/>
      </object_component>
      <object_component id="oc-bd">
         <name>.text:_DATALOG_ISR</name>
         <load_address>0xd55c</load_address>
         <run_address>0xd55c</run_address>
         <size>0xa</size>
         <input_file_ref idref="fl-5"/>
      </object_component>
      <object_component id="oc-f7">
         <name>.text:_DMA_CH1_ISR</name>
         <load_address>0xd566</load_address>
         <run_address>0xd566</run_address>
         <size>0xa</size>
         <input_file_ref idref="fl-5"/>
      </object_component>
      <object_component id="oc-f8">
         <name>.text:_DMA_CH2_ISR</name>
         <load_address>0xd570</load_address>
         <run_address>0xd570</run_address>
         <size>0xa</size>
         <input_file_ref idref="fl-5"/>
      </object_component>
      <object_component id="oc-f9">
         <name>.text:_DMA_CH3_ISR</name>
         <load_address>0xd57a</load_address>
         <run_address>0xd57a</run_address>
         <size>0xa</size>
         <input_file_ref idref="fl-5"/>
      </object_component>
      <object_component id="oc-fa">
         <name>.text:_DMA_CH4_ISR</name>
         <load_address>0xd584</load_address>
         <run_address>0xd584</run_address>
         <size>0xa</size>
         <input_file_ref idref="fl-5"/>
      </object_component>
      <object_component id="oc-fb">
         <name>.text:_DMA_CH5_ISR</name>
         <load_address>0xd58e</load_address>
         <run_address>0xd58e</run_address>
         <size>0xa</size>
         <input_file_ref idref="fl-5"/>
      </object_component>
      <object_component id="oc-fc">
         <name>.text:_DMA_CH6_ISR</name>
         <load_address>0xd598</load_address>
         <run_address>0xd598</run_address>
         <size>0xa</size>
         <input_file_ref idref="fl-5"/>
      </object_component>
      <object_component id="oc-e6">
         <name>.text:_ECAP1_ISR</name>
         <load_address>0xd5a2</load_address>
         <run_address>0xd5a2</run_address>
         <size>0xa</size>
         <input_file_ref idref="fl-5"/>
      </object_component>
      <object_component id="oc-e7">
         <name>.text:_ECAP2_ISR</name>
         <load_address>0xd5ac</load_address>
         <run_address>0xd5ac</run_address>
         <size>0xa</size>
         <input_file_ref idref="fl-5"/>
      </object_component>
      <object_component id="oc-e8">
         <name>.text:_ECAP3_ISR</name>
         <load_address>0xd5b6</load_address>
         <run_address>0xd5b6</run_address>
         <size>0xa</size>
         <input_file_ref idref="fl-5"/>
      </object_component>
      <object_component id="oc-e9">
         <name>.text:_ECAP4_ISR</name>
         <load_address>0xd5c0</load_address>
         <run_address>0xd5c0</run_address>
         <size>0xa</size>
         <input_file_ref idref="fl-5"/>
      </object_component>
      <object_component id="oc-ea">
         <name>.text:_ECAP5_ISR</name>
         <load_address>0xd5ca</load_address>
         <run_address>0xd5ca</run_address>
         <size>0xa</size>
         <input_file_ref idref="fl-5"/>
      </object_component>
      <object_component id="oc-eb">
         <name>.text:_ECAP6_ISR</name>
         <load_address>0xd5d4</load_address>
         <run_address>0xd5d4</run_address>
         <size>0xa</size>
         <input_file_ref idref="fl-5"/>
      </object_component>
      <object_component id="oc-13d">
         <name>.text:_EMIF_ERROR_ISR</name>
         <load_address>0xd5de</load_address>
         <run_address>0xd5de</run_address>
         <size>0xa</size>
         <input_file_ref idref="fl-5"/>
      </object_component>
      <object_component id="oc-bf">
         <name>.text:_EMU_ISR</name>
         <load_address>0xd5e8</load_address>
         <run_address>0xd5e8</run_address>
         <size>0xa</size>
         <input_file_ref idref="fl-5"/>
      </object_component>
      <object_component id="oc-12c">
         <name>.text:_EPWM10_ISR</name>
         <load_address>0xd5f2</load_address>
         <run_address>0xd5f2</run_address>
         <size>0xa</size>
         <input_file_ref idref="fl-5"/>
      </object_component>
      <object_component id="oc-128">
         <name>.text:_EPWM10_TZ_ISR</name>
         <load_address>0xd5fc</load_address>
         <run_address>0xd5fc</run_address>
         <size>0xa</size>
         <input_file_ref idref="fl-5"/>
      </object_component>
      <object_component id="oc-12d">
         <name>.text:_EPWM11_ISR</name>
         <load_address>0xd606</load_address>
         <run_address>0xd606</run_address>
         <size>0xa</size>
         <input_file_ref idref="fl-5"/>
      </object_component>
      <object_component id="oc-129">
         <name>.text:_EPWM11_TZ_ISR</name>
         <load_address>0xd610</load_address>
         <run_address>0xd610</run_address>
         <size>0xa</size>
         <input_file_ref idref="fl-5"/>
      </object_component>
      <object_component id="oc-12e">
         <name>.text:_EPWM12_ISR</name>
         <load_address>0xd61a</load_address>
         <run_address>0xd61a</run_address>
         <size>0xa</size>
         <input_file_ref idref="fl-5"/>
      </object_component>
      <object_component id="oc-12a">
         <name>.text:_EPWM12_TZ_ISR</name>
         <load_address>0xd624</load_address>
         <run_address>0xd624</run_address>
         <size>0xa</size>
         <input_file_ref idref="fl-5"/>
      </object_component>
      <object_component id="oc-de">
         <name>.text:_EPWM1_ISR</name>
         <load_address>0xd62e</load_address>
         <run_address>0xd62e</run_address>
         <size>0xa</size>
         <input_file_ref idref="fl-5"/>
      </object_component>
      <object_component id="oc-d6">
         <name>.text:_EPWM1_TZ_ISR</name>
         <load_address>0xd638</load_address>
         <run_address>0xd638</run_address>
         <size>0xa</size>
         <input_file_ref idref="fl-5"/>
      </object_component>
      <object_component id="oc-df">
         <name>.text:_EPWM2_ISR</name>
         <load_address>0xd642</load_address>
         <run_address>0xd642</run_address>
         <size>0xa</size>
         <input_file_ref idref="fl-5"/>
      </object_component>
      <object_component id="oc-d7">
         <name>.text:_EPWM2_TZ_ISR</name>
         <load_address>0xd64c</load_address>
         <run_address>0xd64c</run_address>
         <size>0xa</size>
         <input_file_ref idref="fl-5"/>
      </object_component>
      <object_component id="oc-e0">
         <name>.text:_EPWM3_ISR</name>
         <load_address>0xd656</load_address>
         <run_address>0xd656</run_address>
         <size>0xa</size>
         <input_file_ref idref="fl-5"/>
      </object_component>
      <object_component id="oc-d8">
         <name>.text:_EPWM3_TZ_ISR</name>
         <load_address>0xd660</load_address>
         <run_address>0xd660</run_address>
         <size>0xa</size>
         <input_file_ref idref="fl-5"/>
      </object_component>
      <object_component id="oc-e1">
         <name>.text:_EPWM4_ISR</name>
         <load_address>0xd66a</load_address>
         <run_address>0xd66a</run_address>
         <size>0xa</size>
         <input_file_ref idref="fl-5"/>
      </object_component>
      <object_component id="oc-d9">
         <name>.text:_EPWM4_TZ_ISR</name>
         <load_address>0xd674</load_address>
         <run_address>0xd674</run_address>
         <size>0xa</size>
         <input_file_ref idref="fl-5"/>
      </object_component>
      <object_component id="oc-e2">
         <name>.text:_EPWM5_ISR</name>
         <load_address>0xd67e</load_address>
         <run_address>0xd67e</run_address>
         <size>0xa</size>
         <input_file_ref idref="fl-5"/>
      </object_component>
      <object_component id="oc-da">
         <name>.text:_EPWM5_TZ_ISR</name>
         <load_address>0xd688</load_address>
         <run_address>0xd688</run_address>
         <size>0xa</size>
         <input_file_ref idref="fl-5"/>
      </object_component>
      <object_component id="oc-e3">
         <name>.text:_EPWM6_ISR</name>
         <load_address>0xd692</load_address>
         <run_address>0xd692</run_address>
         <size>0xa</size>
         <input_file_ref idref="fl-5"/>
      </object_component>
      <object_component id="oc-db">
         <name>.text:_EPWM6_TZ_ISR</name>
         <load_address>0xd69c</load_address>
         <run_address>0xd69c</run_address>
         <size>0xa</size>
         <input_file_ref idref="fl-5"/>
      </object_component>
      <object_component id="oc-e4">
         <name>.text:_EPWM7_ISR</name>
         <load_address>0xd6a6</load_address>
         <run_address>0xd6a6</run_address>
         <size>0xa</size>
         <input_file_ref idref="fl-5"/>
      </object_component>
      <object_component id="oc-dc">
         <name>.text:_EPWM7_TZ_ISR</name>
         <load_address>0xd6b0</load_address>
         <run_address>0xd6b0</run_address>
         <size>0xa</size>
         <input_file_ref idref="fl-5"/>
      </object_component>
      <object_component id="oc-e5">
         <name>.text:_EPWM8_ISR</name>
         <load_address>0xd6ba</load_address>
         <run_address>0xd6ba</run_address>
         <size>0xa</size>
         <input_file_ref idref="fl-5"/>
      </object_component>
      <object_component id="oc-dd">
         <name>.text:_EPWM8_TZ_ISR</name>
         <load_address>0xd6c4</load_address>
         <run_address>0xd6c4</run_address>
         <size>0xa</size>
         <input_file_ref idref="fl-5"/>
      </object_component>
      <object_component id="oc-12b">
         <name>.text:_EPWM9_ISR</name>
         <load_address>0xd6ce</load_address>
         <run_address>0xd6ce</run_address>
         <size>0xa</size>
         <input_file_ref idref="fl-5"/>
      </object_component>
      <object_component id="oc-127">
         <name>.text:_EPWM9_TZ_ISR</name>
         <load_address>0xd6d8</load_address>
         <run_address>0xd6d8</run_address>
         <size>0xa</size>
         <input_file_ref idref="fl-5"/>
      </object_component>
      <object_component id="oc-ec">
         <name>.text:_EQEP1_ISR</name>
         <load_address>0xd6e2</load_address>
         <run_address>0xd6e2</run_address>
         <size>0xa</size>
         <input_file_ref idref="fl-5"/>
      </object_component>
      <object_component id="oc-ed">
         <name>.text:_EQEP2_ISR</name>
         <load_address>0xd6ec</load_address>
         <run_address>0xd6ec</run_address>
         <size>0xa</size>
         <input_file_ref idref="fl-5"/>
      </object_component>
      <object_component id="oc-ee">
         <name>.text:_EQEP3_ISR</name>
         <load_address>0xd6f6</load_address>
         <run_address>0xd6f6</run_address>
         <size>0xa</size>
         <input_file_ref idref="fl-5"/>
      </object_component>
      <object_component id="oc-13f">
         <name>.text:_FLASH_CORRECTABLE_ERROR_ISR</name>
         <load_address>0xd700</load_address>
         <run_address>0xd700</run_address>
         <size>0xa</size>
         <input_file_ref idref="fl-5"/>
      </object_component>
      <object_component id="oc-121">
         <name>.text:_FPU_OVERFLOW_ISR</name>
         <load_address>0xd70a</load_address>
         <run_address>0xd70a</run_address>
         <size>0xa</size>
         <input_file_ref idref="fl-5"/>
      </object_component>
      <object_component id="oc-122">
         <name>.text:_FPU_UNDERFLOW_ISR</name>
         <load_address>0xd714</load_address>
         <run_address>0xd714</run_address>
         <size>0xa</size>
         <input_file_ref idref="fl-5"/>
      </object_component>
      <object_component id="oc-fe">
         <name>.text:_I2CA_FIFO_ISR</name>
         <load_address>0xd71e</load_address>
         <run_address>0xd71e</run_address>
         <size>0xa</size>
         <input_file_ref idref="fl-5"/>
      </object_component>
      <object_component id="oc-fd">
         <name>.text:_I2CA_ISR</name>
         <load_address>0xd728</load_address>
         <run_address>0xd728</run_address>
         <size>0xa</size>
         <input_file_ref idref="fl-5"/>
      </object_component>
      <object_component id="oc-100">
         <name>.text:_I2CB_FIFO_ISR</name>
         <load_address>0xd732</load_address>
         <run_address>0xd732</run_address>
         <size>0xa</size>
         <input_file_ref idref="fl-5"/>
      </object_component>
      <object_component id="oc-ff">
         <name>.text:_I2CB_ISR</name>
         <load_address>0xd73c</load_address>
         <run_address>0xd73c</run_address>
         <size>0xa</size>
         <input_file_ref idref="fl-5"/>
      </object_component>
      <object_component id="oc-c1">
         <name>.text:_ILLEGAL_ISR</name>
         <load_address>0xd746</load_address>
         <run_address>0xd746</run_address>
         <size>0xa</size>
         <input_file_ref idref="fl-5"/>
      </object_component>
      <object_component id="oc-123">
         <name>.text:_IPC0_ISR</name>
         <load_address>0xd750</load_address>
         <run_address>0xd750</run_address>
         <size>0xa</size>
         <input_file_ref idref="fl-5"/>
      </object_component>
      <object_component id="oc-124">
         <name>.text:_IPC1_ISR</name>
         <load_address>0xd75a</load_address>
         <run_address>0xd75a</run_address>
         <size>0xa</size>
         <input_file_ref idref="fl-5"/>
      </object_component>
      <object_component id="oc-125">
         <name>.text:_IPC2_ISR</name>
         <load_address>0xd764</load_address>
         <run_address>0xd764</run_address>
         <size>0xa</size>
         <input_file_ref idref="fl-5"/>
      </object_component>
      <object_component id="oc-126">
         <name>.text:_IPC3_ISR</name>
         <load_address>0xd76e</load_address>
         <run_address>0xd76e</run_address>
         <size>0xa</size>
         <input_file_ref idref="fl-5"/>
      </object_component>
      <object_component id="oc-f3">
         <name>.text:_MCBSPA_RX_ISR</name>
         <load_address>0xd778</load_address>
         <run_address>0xd778</run_address>
         <size>0xa</size>
         <input_file_ref idref="fl-5"/>
      </object_component>
      <object_component id="oc-f4">
         <name>.text:_MCBSPA_TX_ISR</name>
         <load_address>0xd782</load_address>
         <run_address>0xd782</run_address>
         <size>0xa</size>
         <input_file_ref idref="fl-5"/>
      </object_component>
      <object_component id="oc-f5">
         <name>.text:_MCBSPB_RX_ISR</name>
         <load_address>0xd78c</load_address>
         <run_address>0xd78c</run_address>
         <size>0xa</size>
         <input_file_ref idref="fl-5"/>
      </object_component>
      <object_component id="oc-f6">
         <name>.text:_MCBSPB_TX_ISR</name>
         <load_address>0xd796</load_address>
         <run_address>0xd796</run_address>
         <size>0xa</size>
         <input_file_ref idref="fl-5"/>
      </object_component>
      <object_component id="oc-c0">
         <name>.text:_NMI_ISR</name>
         <load_address>0xd7a0</load_address>
         <run_address>0xd7a0</run_address>
         <size>0xa</size>
         <input_file_ref idref="fl-5"/>
      </object_component>
      <object_component id="oc-147">
         <name>.text:_NOTUSED_ISR</name>
         <load_address>0xd7aa</load_address>
         <run_address>0xd7aa</run_address>
         <size>0xa</size>
         <input_file_ref idref="fl-5"/>
      </object_component>
      <object_component id="oc-145">
         <name>.text:_PIE_RESERVED_ISR</name>
         <load_address>0xd7b4</load_address>
         <run_address>0xd7b4</run_address>
         <size>0xa</size>
         <input_file_ref idref="fl-5"/>
      </object_component>
      <object_component id="oc-140">
         <name>.text:_RAM_ACCESS_VIOLATION_ISR</name>
         <load_address>0xd7be</load_address>
         <run_address>0xd7be</run_address>
         <size>0xa</size>
         <input_file_ref idref="fl-5"/>
      </object_component>
      <object_component id="oc-13e">
         <name>.text:_RAM_CORRECTABLE_ERROR_ISR</name>
         <load_address>0xd7c8</load_address>
         <run_address>0xd7c8</run_address>
         <size>0xa</size>
         <input_file_ref idref="fl-5"/>
      </object_component>
      <object_component id="oc-be">
         <name>.text:_RTOS_ISR</name>
         <load_address>0xd7d2</load_address>
         <run_address>0xd7d2</run_address>
         <size>0xa</size>
         <input_file_ref idref="fl-5"/>
      </object_component>
      <object_component id="oc-105">
         <name>.text:_SCIA_RX_ISR</name>
         <load_address>0xd7dc</load_address>
         <run_address>0xd7dc</run_address>
         <size>0xa</size>
         <input_file_ref idref="fl-5"/>
      </object_component>
      <object_component id="oc-106">
         <name>.text:_SCIA_TX_ISR</name>
         <load_address>0xd7e6</load_address>
         <run_address>0xd7e6</run_address>
         <size>0xa</size>
         <input_file_ref idref="fl-5"/>
      </object_component>
      <object_component id="oc-107">
         <name>.text:_SCIB_RX_ISR</name>
         <load_address>0xd7f0</load_address>
         <run_address>0xd7f0</run_address>
         <size>0xa</size>
         <input_file_ref idref="fl-5"/>
      </object_component>
      <object_component id="oc-108">
         <name>.text:_SCIB_TX_ISR</name>
         <load_address>0xd7fa</load_address>
         <run_address>0xd7fa</run_address>
         <size>0xa</size>
         <input_file_ref idref="fl-5"/>
      </object_component>
      <object_component id="oc-101">
         <name>.text:_SCIC_RX_ISR</name>
         <load_address>0xd804</load_address>
         <run_address>0xd804</run_address>
         <size>0xa</size>
         <input_file_ref idref="fl-5"/>
      </object_component>
      <object_component id="oc-102">
         <name>.text:_SCIC_TX_ISR</name>
         <load_address>0xd80e</load_address>
         <run_address>0xd80e</run_address>
         <size>0xa</size>
         <input_file_ref idref="fl-5"/>
      </object_component>
      <object_component id="oc-103">
         <name>.text:_SCID_RX_ISR</name>
         <load_address>0xd818</load_address>
         <run_address>0xd818</run_address>
         <size>0xa</size>
         <input_file_ref idref="fl-5"/>
      </object_component>
      <object_component id="oc-104">
         <name>.text:_SCID_TX_ISR</name>
         <load_address>0xd822</load_address>
         <run_address>0xd822</run_address>
         <size>0xa</size>
         <input_file_ref idref="fl-5"/>
      </object_component>
      <object_component id="oc-12f">
         <name>.text:_SD1_ISR</name>
         <load_address>0xd82c</load_address>
         <run_address>0xd82c</run_address>
         <size>0xa</size>
         <input_file_ref idref="fl-5"/>
      </object_component>
      <object_component id="oc-130">
         <name>.text:_SD2_ISR</name>
         <load_address>0xd836</load_address>
         <run_address>0xd836</run_address>
         <size>0xa</size>
         <input_file_ref idref="fl-5"/>
      </object_component>
      <object_component id="oc-ef">
         <name>.text:_SPIA_RX_ISR</name>
         <load_address>0xd840</load_address>
         <run_address>0xd840</run_address>
         <size>0xa</size>
         <input_file_ref idref="fl-5"/>
      </object_component>
      <object_component id="oc-f0">
         <name>.text:_SPIA_TX_ISR</name>
         <load_address>0xd84a</load_address>
         <run_address>0xd84a</run_address>
         <size>0xa</size>
         <input_file_ref idref="fl-5"/>
      </object_component>
      <object_component id="oc-f1">
         <name>.text:_SPIB_RX_ISR</name>
         <load_address>0xd854</load_address>
         <run_address>0xd854</run_address>
         <size>0xa</size>
         <input_file_ref idref="fl-5"/>
      </object_component>
      <object_component id="oc-f2">
         <name>.text:_SPIB_TX_ISR</name>
         <load_address>0xd85e</load_address>
         <run_address>0xd85e</run_address>
         <size>0xa</size>
         <input_file_ref idref="fl-5"/>
      </object_component>
      <object_component id="oc-131">
         <name>.text:_SPIC_RX_ISR</name>
         <load_address>0xd868</load_address>
         <run_address>0xd868</run_address>
         <size>0xa</size>
         <input_file_ref idref="fl-5"/>
      </object_component>
      <object_component id="oc-132">
         <name>.text:_SPIC_TX_ISR</name>
         <load_address>0xd872</load_address>
         <run_address>0xd872</run_address>
         <size>0xa</size>
         <input_file_ref idref="fl-5"/>
      </object_component>
      <object_component id="oc-141">
         <name>.text:_SYS_PLL_SLIP_ISR</name>
         <load_address>0xd87c</load_address>
         <run_address>0xd87c</run_address>
         <size>0xa</size>
         <input_file_ref idref="fl-5"/>
      </object_component>
      <object_component id="oc-d4">
         <name>.text:_TIMER0_ISR</name>
         <load_address>0xd886</load_address>
         <run_address>0xd886</run_address>
         <size>0xa</size>
         <input_file_ref idref="fl-5"/>
      </object_component>
      <object_component id="oc-bb">
         <name>.text:_TIMER1_ISR</name>
         <load_address>0xd890</load_address>
         <run_address>0xd890</run_address>
         <size>0xa</size>
         <input_file_ref idref="fl-5"/>
      </object_component>
      <object_component id="oc-bc">
         <name>.text:_TIMER2_ISR</name>
         <load_address>0xd89a</load_address>
         <run_address>0xd89a</run_address>
         <size>0xa</size>
         <input_file_ref idref="fl-5"/>
      </object_component>
      <object_component id="oc-133">
         <name>.text:_UPPA_ISR</name>
         <load_address>0xd8a4</load_address>
         <run_address>0xd8a4</run_address>
         <size>0xa</size>
         <input_file_ref idref="fl-5"/>
      </object_component>
      <object_component id="oc-134">
         <name>.text:_USBA_ISR</name>
         <load_address>0xd8ae</load_address>
         <run_address>0xd8ae</run_address>
         <size>0xa</size>
         <input_file_ref idref="fl-5"/>
      </object_component>
      <object_component id="oc-cb">
         <name>.text:_USER10_ISR</name>
         <load_address>0xd8b8</load_address>
         <run_address>0xd8b8</run_address>
         <size>0xa</size>
         <input_file_ref idref="fl-5"/>
      </object_component>
      <object_component id="oc-cc">
         <name>.text:_USER11_ISR</name>
         <load_address>0xd8c2</load_address>
         <run_address>0xd8c2</run_address>
         <size>0xa</size>
         <input_file_ref idref="fl-5"/>
      </object_component>
      <object_component id="oc-cd">
         <name>.text:_USER12_ISR</name>
         <load_address>0xd8cc</load_address>
         <run_address>0xd8cc</run_address>
         <size>0xa</size>
         <input_file_ref idref="fl-5"/>
      </object_component>
      <object_component id="oc-c2">
         <name>.text:_USER1_ISR</name>
         <load_address>0xd8d6</load_address>
         <run_address>0xd8d6</run_address>
         <size>0xa</size>
         <input_file_ref idref="fl-5"/>
      </object_component>
      <object_component id="oc-c3">
         <name>.text:_USER2_ISR</name>
         <load_address>0xd8e0</load_address>
         <run_address>0xd8e0</run_address>
         <size>0xa</size>
         <input_file_ref idref="fl-5"/>
      </object_component>
      <object_component id="oc-c4">
         <name>.text:_USER3_ISR</name>
         <load_address>0xd8ea</load_address>
         <run_address>0xd8ea</run_address>
         <size>0xa</size>
         <input_file_ref idref="fl-5"/>
      </object_component>
      <object_component id="oc-c5">
         <name>.text:_USER4_ISR</name>
         <load_address>0xd8f4</load_address>
         <run_address>0xd8f4</run_address>
         <size>0xa</size>
         <input_file_ref idref="fl-5"/>
      </object_component>
      <object_component id="oc-c6">
         <name>.text:_USER5_ISR</name>
         <load_address>0xd8fe</load_address>
         <run_address>0xd8fe</run_address>
         <size>0xa</size>
         <input_file_ref idref="fl-5"/>
      </object_component>
      <object_component id="oc-c7">
         <name>.text:_USER6_ISR</name>
         <load_address>0xd908</load_address>
         <run_address>0xd908</run_address>
         <size>0xa</size>
         <input_file_ref idref="fl-5"/>
      </object_component>
      <object_component id="oc-c8">
         <name>.text:_USER7_ISR</name>
         <load_address>0xd912</load_address>
         <run_address>0xd912</run_address>
         <size>0xa</size>
         <input_file_ref idref="fl-5"/>
      </object_component>
      <object_component id="oc-c9">
         <name>.text:_USER8_ISR</name>
         <load_address>0xd91c</load_address>
         <run_address>0xd91c</run_address>
         <size>0xa</size>
         <input_file_ref idref="fl-5"/>
      </object_component>
      <object_component id="oc-ca">
         <name>.text:_USER9_ISR</name>
         <load_address>0xd926</load_address>
         <run_address>0xd926</run_address>
         <size>0xa</size>
         <input_file_ref idref="fl-5"/>
      </object_component>
      <object_component id="oc-120">
         <name>.text:_VCU_ISR</name>
         <load_address>0xd930</load_address>
         <run_address>0xd930</run_address>
         <size>0xa</size>
         <input_file_ref idref="fl-5"/>
      </object_component>
      <object_component id="oc-d5">
         <name>.text:_WAKE_ISR</name>
         <load_address>0xd93a</load_address>
         <run_address>0xd93a</run_address>
         <size>0xa</size>
         <input_file_ref idref="fl-5"/>
      </object_component>
      <object_component id="oc-d1">
         <name>.text:_XINT1_ISR</name>
         <load_address>0xd944</load_address>
         <run_address>0xd944</run_address>
         <size>0xa</size>
         <input_file_ref idref="fl-5"/>
      </object_component>
      <object_component id="oc-d2">
         <name>.text:_XINT2_ISR</name>
         <load_address>0xd94e</load_address>
         <run_address>0xd94e</run_address>
         <size>0xa</size>
         <input_file_ref idref="fl-5"/>
      </object_component>
      <object_component id="oc-11d">
         <name>.text:_XINT3_ISR</name>
         <load_address>0xd958</load_address>
         <run_address>0xd958</run_address>
         <size>0xa</size>
         <input_file_ref idref="fl-5"/>
      </object_component>
      <object_component id="oc-11e">
         <name>.text:_XINT4_ISR</name>
         <load_address>0xd962</load_address>
         <run_address>0xd962</run_address>
         <size>0xa</size>
         <input_file_ref idref="fl-5"/>
      </object_component>
      <object_component id="oc-11f">
         <name>.text:_XINT5_ISR</name>
         <load_address>0xd96c</load_address>
         <run_address>0xd96c</run_address>
         <size>0xa</size>
         <input_file_ref idref="fl-5"/>
      </object_component>
      <object_component id="oc-258">
         <name>.text</name>
         <load_address>0xd976</load_address>
         <run_address>0xd976</run_address>
         <size>0x9</size>
         <input_file_ref idref="fl-2a"/>
      </object_component>
      <object_component id="oc-b5">
         <name>.text</name>
         <load_address>0xd97f</load_address>
         <run_address>0xd97f</run_address>
         <size>0x8</size>
         <input_file_ref idref="fl-4"/>
      </object_component>
      <object_component id="oc-23e">
         <name>.text</name>
         <load_address>0xd987</load_address>
         <run_address>0xd987</run_address>
         <size>0x2</size>
         <input_file_ref idref="fl-27"/>
      </object_component>
      <object_component id="oc-9c">
         <name>.cinit</name>
         <load_address>0x122</load_address>
         <run_address>0x122</run_address>
         <size>0x58</size>
         <input_file_ref idref="fl-2"/>
      </object_component>
      <object_component id="oc-17d">
         <name>.cinit:_TRIP_SEL</name>
         <load_address>0x17a</load_address>
         <run_address>0x17a</run_address>
         <size>0x21</size>
         <input_file_ref idref="fl-d"/>
      </object_component>
      <object_component id="oc-1ad">
         <name>.cinit:_EPWM</name>
         <load_address>0x19b</load_address>
         <run_address>0x19b</run_address>
         <size>0x1d</size>
         <input_file_ref idref="fl-d"/>
      </object_component>
      <object_component id="oc-16d">
         <name>.cinit:_ECAP</name>
         <load_address>0x1b8</load_address>
         <run_address>0x1b8</run_address>
         <size>0x11</size>
         <input_file_ref idref="fl-d"/>
      </object_component>
      <object_component id="oc-21c">
         <name>.cinit</name>
         <load_address>0x1c9</load_address>
         <run_address>0x1c9</run_address>
         <size>0xe</size>
         <input_file_ref idref="fl-29"/>
      </object_component>
      <object_component id="oc-1a6">
         <name>.cinit:_ADC</name>
         <load_address>0x1d7</load_address>
         <run_address>0x1d7</run_address>
         <size>0xd</size>
         <input_file_ref idref="fl-d"/>
      </object_component>
      <object_component id="oc-181">
         <name>.cinit:_EQEP</name>
         <load_address>0x1e4</load_address>
         <run_address>0x1e4</run_address>
         <size>0xb</size>
         <input_file_ref idref="fl-d"/>
      </object_component>
      <object_component id="oc-163">
         <name>.cinit:_SPI</name>
         <load_address>0x1ef</load_address>
         <run_address>0x1ef</run_address>
         <size>0xb</size>
         <input_file_ref idref="fl-d"/>
      </object_component>
      <object_component id="oc-1a1">
         <name>.cinit:_SDFM</name>
         <load_address>0x1fa</load_address>
         <run_address>0x1fa</run_address>
         <size>0x9</size>
         <input_file_ref idref="fl-d"/>
      </object_component>
      <object_component id="oc-185">
         <name>.cinit:_I2C</name>
         <load_address>0x203</load_address>
         <run_address>0x203</run_address>
         <size>0x7</size>
         <input_file_ref idref="fl-d"/>
      </object_component>
      <object_component id="oc-189">
         <name>.cinit:_MCBSP</name>
         <load_address>0x20a</load_address>
         <run_address>0x20a</run_address>
         <size>0x7</size>
         <input_file_ref idref="fl-d"/>
      </object_component>
      <object_component id="oc-15e">
         <name>.cinit:_SCI</name>
         <load_address>0x211</load_address>
         <run_address>0x211</run_address>
         <size>0x7</size>
         <input_file_ref idref="fl-d"/>
      </object_component>
      <object_component id="oc-246">
         <name>.cinit:__lock</name>
         <load_address>0x218</load_address>
         <run_address>0x218</run_address>
         <size>0x5</size>
         <input_file_ref idref="fl-2a"/>
      </object_component>
      <object_component id="oc-259">
         <name>.cinit:__unlock</name>
         <load_address>0x21d</load_address>
         <run_address>0x21d</run_address>
         <size>0x5</size>
         <input_file_ref idref="fl-2a"/>
      </object_component>
      <object_component id="oc-1f8">
         <name>.reset</name>
         <load_address>0x3fffc0</load_address>
         <run_address>0x3fffc0</run_address>
         <size>0x2</size>
         <input_file_ref idref="fl-22"/>
      </object_component>
      <object_component id="oc-1f7">
         <name>.stack</name>
         <uninitialized>true</uninitialized>
         <run_address>0x400</run_address>
         <size>0x0</size>
         <input_file_ref idref="fl-22"/>
      </object_component>
      <object_component id="oc-311">
         <name>.stack</name>
         <uninitialized>true</uninitialized>
         <run_address>0x400</run_address>
         <size>0x0</size>
      </object_component>
      <object_component id="oc-9d">
         <name>.ebss</name>
         <uninitialized>true</uninitialized>
         <run_address>0xe040</run_address>
         <size>0x17</size>
         <input_file_ref idref="fl-2"/>
      </object_component>
      <object_component id="oc-239">
         <name>.ebss:_I2C</name>
         <uninitialized>true</uninitialized>
         <run_address>0xe086</run_address>
         <size>0x4</size>
         <input_file_ref idref="fl-d"/>
      </object_component>
      <object_component id="oc-23a">
         <name>.ebss:_MCBSP</name>
         <uninitialized>true</uninitialized>
         <run_address>0xe08a</run_address>
         <size>0x4</size>
         <input_file_ref idref="fl-d"/>
      </object_component>
      <object_component id="oc-234">
         <name>.ebss:_SCI</name>
         <uninitialized>true</uninitialized>
         <run_address>0xe08e</run_address>
         <size>0x4</size>
         <input_file_ref idref="fl-d"/>
      </object_component>
      <object_component id="oc-23b">
         <name>.ebss:_SDFM</name>
         <uninitialized>true</uninitialized>
         <run_address>0xe078</run_address>
         <size>0x6</size>
         <input_file_ref idref="fl-d"/>
      </object_component>
      <object_component id="oc-238">
         <name>.ebss:_EQEP</name>
         <uninitialized>true</uninitialized>
         <run_address>0xe038</run_address>
         <size>0x8</size>
         <input_file_ref idref="fl-d"/>
      </object_component>
      <object_component id="oc-235">
         <name>.ebss:_SPI</name>
         <uninitialized>true</uninitialized>
         <run_address>0xe070</run_address>
         <size>0x8</size>
         <input_file_ref idref="fl-d"/>
      </object_component>
      <object_component id="oc-23c">
         <name>.ebss:_ADC</name>
         <uninitialized>true</uninitialized>
         <run_address>0xe066</run_address>
         <size>0xa</size>
         <input_file_ref idref="fl-d"/>
      </object_component>
      <object_component id="oc-236">
         <name>.ebss:_ECAP</name>
         <uninitialized>true</uninitialized>
         <run_address>0xe058</run_address>
         <size>0xe</size>
         <input_file_ref idref="fl-d"/>
      </object_component>
      <object_component id="oc-23d">
         <name>.ebss:_EPWM</name>
         <uninitialized>true</uninitialized>
         <run_address>0xe01e</run_address>
         <size>0x1a</size>
         <input_file_ref idref="fl-d"/>
      </object_component>
      <object_component id="oc-237">
         <name>.ebss:_TRIP_SEL</name>
         <uninitialized>true</uninitialized>
         <run_address>0xe000</run_address>
         <size>0x1e</size>
         <input_file_ref idref="fl-d"/>
      </object_component>
      <object_component id="oc-21d">
         <name>.ebss</name>
         <uninitialized>true</uninitialized>
         <run_address>0xe080</run_address>
         <size>0x6</size>
         <input_file_ref idref="fl-29"/>
      </object_component>
      <object_component id="oc-245">
         <name>.ebss:__lock</name>
         <uninitialized>true</uninitialized>
         <run_address>0xe07e</run_address>
         <size>0x2</size>
         <input_file_ref idref="fl-2a"/>
      </object_component>
      <object_component id="oc-26a">
         <name>.ebss:__unlock</name>
         <uninitialized>true</uninitialized>
         <run_address>0xe092</run_address>
         <size>0x2</size>
         <input_file_ref idref="fl-2a"/>
      </object_component>
      <object_component id="oc-260">
         <name>.econst:_PieVectTableInit</name>
         <load_address>0xf000</load_address>
         <run_address>0xf000</run_address>
         <size>0x1c0</size>
         <input_file_ref idref="fl-a"/>
      </object_component>
      <object_component id="oc-1f5">
         <name>CLA1mathTables</name>
         <load_address>0x818c</load_address>
         <run_address>0x818c</run_address>
         <size>0x156</size>
         <input_file_ref idref="fl-21"/>
      </object_component>
      <object_component id="oc-1e4">
         <name>.TI.ramfunc</name>
         <load_address>0x224</load_address>
         <run_address>0x224</run_address>
         <size>0x4</size>
         <input_file_ref idref="fl-e"/>
      </object_component>
      <object_component id="oc-261">
         <name>Cla1Prog:_Cla1Task1</name>
         <load_address>0x8800</load_address>
         <run_address>0x8800</run_address>
         <size>0x21c4</size>
         <input_file_ref idref="fl-3"/>
      </object_component>
      <object_component id="oc-268">
         <name>Cla1Prog:_Cla1Task8</name>
         <load_address>0xa9c4</load_address>
         <run_address>0xa9c4</run_address>
         <size>0x2c4</size>
         <input_file_ref idref="fl-3"/>
      </object_component>
      <object_component id="oc-1e9">
         <name>Cla1Prog:_CLAcosPU</name>
         <load_address>0xac88</load_address>
         <run_address>0xac88</run_address>
         <size>0x38</size>
         <input_file_ref idref="fl-1f"/>
      </object_component>
      <object_component id="oc-1ef">
         <name>Cla1Prog:_CLAsinPU</name>
         <load_address>0xacc0</load_address>
         <run_address>0xacc0</run_address>
         <size>0x38</size>
         <input_file_ref idref="fl-20"/>
      </object_component>
      <object_component id="oc-262">
         <name>Cla1Prog:_Cla1Task2</name>
         <load_address>0xacf8</load_address>
         <run_address>0xacf8</run_address>
         <size>0x10</size>
         <input_file_ref idref="fl-3"/>
      </object_component>
      <object_component id="oc-263">
         <name>Cla1Prog:_Cla1Task3</name>
         <load_address>0xad08</load_address>
         <run_address>0xad08</run_address>
         <size>0x8</size>
         <input_file_ref idref="fl-3"/>
      </object_component>
      <object_component id="oc-264">
         <name>Cla1Prog:_Cla1Task4</name>
         <load_address>0xad10</load_address>
         <run_address>0xad10</run_address>
         <size>0x8</size>
         <input_file_ref idref="fl-3"/>
      </object_component>
      <object_component id="oc-265">
         <name>Cla1Prog:_Cla1Task5</name>
         <load_address>0xad18</load_address>
         <run_address>0xad18</run_address>
         <size>0x8</size>
         <input_file_ref idref="fl-3"/>
      </object_component>
      <object_component id="oc-266">
         <name>Cla1Prog:_Cla1Task6</name>
         <load_address>0xad20</load_address>
         <run_address>0xad20</run_address>
         <size>0x8</size>
         <input_file_ref idref="fl-3"/>
      </object_component>
      <object_component id="oc-267">
         <name>Cla1Prog:_Cla1Task7</name>
         <load_address>0xad28</load_address>
         <run_address>0xad28</run_address>
         <size>0x8</size>
         <input_file_ref idref="fl-3"/>
      </object_component>
      <object_component id="oc-ac">
         <name>CLADataLS0</name>
         <uninitialized>true</uninitialized>
         <run_address>0x8000</run_address>
         <size>0x18c</size>
         <input_file_ref idref="fl-3"/>
      </object_component>
      <object_component id="oc-ae">
         <name>Cla1ToCpuMsgRAM</name>
         <uninitialized>true</uninitialized>
         <run_address>0x1480</run_address>
         <size>0x74</size>
         <input_file_ref idref="fl-3"/>
      </object_component>
      <object_component id="oc-ad">
         <name>CpuToCla1MsgRAM</name>
         <uninitialized>true</uninitialized>
         <run_address>0x1500</run_address>
         <size>0x3a</size>
         <input_file_ref idref="fl-3"/>
      </object_component>
      <object_component id="oc-b0">
         <name>.scratchpad:Cla1Prog:_Cla1Task1</name>
         <uninitialized>true</uninitialized>
         <run_address>0x83e2</run_address>
         <size>0xa</size>
         <input_file_ref idref="fl-3"/>
      </object_component>
      <object_component id="oc-1ea">
         <name>.scratchpad:Cla1Prog:_CLAcosPU</name>
         <uninitialized>true</uninitialized>
         <run_address>0x83ec</run_address>
         <size>0x2</size>
         <input_file_ref idref="fl-1f"/>
      </object_component>
      <object_component id="oc-1f0">
         <name>.scratchpad:Cla1Prog:_CLAsinPU</name>
         <uninitialized>true</uninitialized>
         <run_address>0x83ec</run_address>
         <size>0x2</size>
         <input_file_ref idref="fl-20"/>
      </object_component>
      <object_component id="oc-af">
         <name>.bss_cla</name>
         <uninitialized>true</uninitialized>
         <run_address>0x83ee</run_address>
         <size>0x2</size>
         <input_file_ref idref="fl-3"/>
      </object_component>
      <object_component id="oc-1c2">
         <name>PieVectTableFile</name>
         <uninitialized>true</uninitialized>
         <run_address>0xd00</run_address>
         <size>0x1c0</size>
         <input_file_ref idref="fl-6"/>
      </object_component>
      <object_component id="oc-18f">
         <name>AccessProtectionRegsFile</name>
         <uninitialized>true</uninitialized>
         <run_address>0x5f4c0</run_address>
         <size>0x2e</size>
         <input_file_ref idref="fl-6"/>
      </object_component>
      <object_component id="oc-1a5">
         <name>AdcaRegsFile</name>
         <uninitialized>true</uninitialized>
         <run_address>0x7400</run_address>
         <size>0x7c</size>
         <input_file_ref idref="fl-6"/>
      </object_component>
      <object_component id="oc-1a7">
         <name>AdcbRegsFile</name>
         <uninitialized>true</uninitialized>
         <run_address>0x7480</run_address>
         <size>0x7c</size>
         <input_file_ref idref="fl-6"/>
      </object_component>
      <object_component id="oc-1a8">
         <name>AdccRegsFile</name>
         <uninitialized>true</uninitialized>
         <run_address>0x7500</run_address>
         <size>0x7c</size>
         <input_file_ref idref="fl-6"/>
      </object_component>
      <object_component id="oc-1a9">
         <name>AdcdRegsFile</name>
         <uninitialized>true</uninitialized>
         <run_address>0x7580</run_address>
         <size>0x7c</size>
         <input_file_ref idref="fl-6"/>
      </object_component>
      <object_component id="oc-167">
         <name>AdcaResultRegsFile</name>
         <uninitialized>true</uninitialized>
         <run_address>0xb00</run_address>
         <size>0x18</size>
         <input_file_ref idref="fl-6"/>
      </object_component>
      <object_component id="oc-168">
         <name>AdcbResultRegsFile</name>
         <uninitialized>true</uninitialized>
         <run_address>0xb20</run_address>
         <size>0x18</size>
         <input_file_ref idref="fl-6"/>
      </object_component>
      <object_component id="oc-169">
         <name>AdccResultRegsFile</name>
         <uninitialized>true</uninitialized>
         <run_address>0xb40</run_address>
         <size>0x18</size>
         <input_file_ref idref="fl-6"/>
      </object_component>
      <object_component id="oc-16a">
         <name>AdcdResultRegsFile</name>
         <uninitialized>true</uninitialized>
         <run_address>0xb60</run_address>
         <size>0x18</size>
         <input_file_ref idref="fl-6"/>
      </object_component>
      <object_component id="oc-193">
         <name>AnalogSubsysRegsFile</name>
         <uninitialized>true</uninitialized>
         <run_address>0x5d180</run_address>
         <size>0x3e</size>
         <input_file_ref idref="fl-6"/>
      </object_component>
      <object_component id="oc-1be">
         <name>CanaRegsFile</name>
         <uninitialized>true</uninitialized>
         <run_address>0x48000</run_address>
         <size>0x164</size>
         <input_file_ref idref="fl-6"/>
      </object_component>
      <object_component id="oc-1bf">
         <name>CanbRegsFile</name>
         <uninitialized>true</uninitialized>
         <run_address>0x4a000</run_address>
         <size>0x164</size>
         <input_file_ref idref="fl-6"/>
      </object_component>
      <object_component id="oc-194">
         <name>Cla1RegsFile</name>
         <uninitialized>true</uninitialized>
         <run_address>0x1400</run_address>
         <size>0x3e</size>
         <input_file_ref idref="fl-6"/>
      </object_component>
      <object_component id="oc-1b9">
         <name>Clb1DataExchRegsFile</name>
         <uninitialized>true</uninitialized>
         <run_address>0x3200</run_address>
         <size>0x108</size>
         <input_file_ref idref="fl-6"/>
      </object_component>
      <object_component id="oc-1ba">
         <name>Clb2DataExchRegsFile</name>
         <uninitialized>true</uninitialized>
         <run_address>0x3600</run_address>
         <size>0x108</size>
         <input_file_ref idref="fl-6"/>
      </object_component>
      <object_component id="oc-1bb">
         <name>Clb3DataExchRegsFile</name>
         <uninitialized>true</uninitialized>
         <run_address>0x3a00</run_address>
         <size>0x108</size>
         <input_file_ref idref="fl-6"/>
      </object_component>
      <object_component id="oc-1bc">
         <name>Clb4DataExchRegsFile</name>
         <uninitialized>true</uninitialized>
         <run_address>0x3e00</run_address>
         <size>0x108</size>
         <input_file_ref idref="fl-6"/>
      </object_component>
      <object_component id="oc-195">
         <name>Clb1LogicCfgRegsFile</name>
         <uninitialized>true</uninitialized>
         <run_address>0x3000</run_address>
         <size>0x3e</size>
         <input_file_ref idref="fl-6"/>
      </object_component>
      <object_component id="oc-196">
         <name>Clb2LogicCfgRegsFile</name>
         <uninitialized>true</uninitialized>
         <run_address>0x3400</run_address>
         <size>0x3e</size>
         <input_file_ref idref="fl-6"/>
      </object_component>
      <object_component id="oc-197">
         <name>Clb3LogicCfgRegsFile</name>
         <uninitialized>true</uninitialized>
         <run_address>0x3800</run_address>
         <size>0x3e</size>
         <input_file_ref idref="fl-6"/>
      </object_component>
      <object_component id="oc-198">
         <name>Clb4LogicCfgRegsFile</name>
         <uninitialized>true</uninitialized>
         <run_address>0x3c00</run_address>
         <size>0x3e</size>
         <input_file_ref idref="fl-6"/>
      </object_component>
      <object_component id="oc-199">
         <name>Clb1LogicCtrlRegsFile</name>
         <uninitialized>true</uninitialized>
         <run_address>0x3100</run_address>
         <size>0x40</size>
         <input_file_ref idref="fl-6"/>
      </object_component>
      <object_component id="oc-19a">
         <name>Clb2LogicCtrlRegsFile</name>
         <uninitialized>true</uninitialized>
         <run_address>0x3500</run_address>
         <size>0x40</size>
         <input_file_ref idref="fl-6"/>
      </object_component>
      <object_component id="oc-19b">
         <name>Clb3LogicCtrlRegsFile</name>
         <uninitialized>true</uninitialized>
         <run_address>0x3900</run_address>
         <size>0x40</size>
         <input_file_ref idref="fl-6"/>
      </object_component>
      <object_component id="oc-19c">
         <name>Clb4LogicCtrlRegsFile</name>
         <uninitialized>true</uninitialized>
         <run_address>0x3d00</run_address>
         <size>0x40</size>
         <input_file_ref idref="fl-6"/>
      </object_component>
      <object_component id="oc-19d">
         <name>ClbXbarRegsFile</name>
         <uninitialized>true</uninitialized>
         <run_address>0x7a40</run_address>
         <size>0x40</size>
         <input_file_ref idref="fl-6"/>
      </object_component>
      <object_component id="oc-191">
         <name>ClkCfgRegsFile</name>
         <uninitialized>true</uninitialized>
         <run_address>0x5d200</run_address>
         <size>0x32</size>
         <input_file_ref idref="fl-6"/>
      </object_component>
      <object_component id="oc-174">
         <name>Cmpss1RegsFile</name>
         <uninitialized>true</uninitialized>
         <run_address>0x5c80</run_address>
         <size>0x1b</size>
         <input_file_ref idref="fl-6"/>
      </object_component>
      <object_component id="oc-175">
         <name>Cmpss2RegsFile</name>
         <uninitialized>true</uninitialized>
         <run_address>0x5ca0</run_address>
         <size>0x1b</size>
         <input_file_ref idref="fl-6"/>
      </object_component>
      <object_component id="oc-176">
         <name>Cmpss3RegsFile</name>
         <uninitialized>true</uninitialized>
         <run_address>0x5cc0</run_address>
         <size>0x1b</size>
         <input_file_ref idref="fl-6"/>
      </object_component>
      <object_component id="oc-177">
         <name>Cmpss4RegsFile</name>
         <uninitialized>true</uninitialized>
         <run_address>0x5ce0</run_address>
         <size>0x1b</size>
         <input_file_ref idref="fl-6"/>
      </object_component>
      <object_component id="oc-178">
         <name>Cmpss5RegsFile</name>
         <uninitialized>true</uninitialized>
         <run_address>0x5d00</run_address>
         <size>0x1b</size>
         <input_file_ref idref="fl-6"/>
      </object_component>
      <object_component id="oc-179">
         <name>Cmpss6RegsFile</name>
         <uninitialized>true</uninitialized>
         <run_address>0x5d20</run_address>
         <size>0x1b</size>
         <input_file_ref idref="fl-6"/>
      </object_component>
      <object_component id="oc-17a">
         <name>Cmpss7RegsFile</name>
         <uninitialized>true</uninitialized>
         <run_address>0x5d40</run_address>
         <size>0x1b</size>
         <input_file_ref idref="fl-6"/>
      </object_component>
      <object_component id="oc-17b">
         <name>Cmpss8RegsFile</name>
         <uninitialized>true</uninitialized>
         <run_address>0x5d60</run_address>
         <size>0x1b</size>
         <input_file_ref idref="fl-6"/>
      </object_component>
      <object_component id="oc-156">
         <name>CpuTimer0RegsFile</name>
         <uninitialized>true</uninitialized>
         <run_address>0xc00</run_address>
         <size>0x8</size>
         <input_file_ref idref="fl-6"/>
      </object_component>
      <object_component id="oc-157">
         <name>CpuTimer1RegsFile</name>
         <uninitialized>true</uninitialized>
         <run_address>0xc08</run_address>
         <size>0x8</size>
         <input_file_ref idref="fl-6"/>
      </object_component>
      <object_component id="oc-158">
         <name>CpuTimer2RegsFile</name>
         <uninitialized>true</uninitialized>
         <run_address>0xc10</run_address>
         <size>0x8</size>
         <input_file_ref idref="fl-6"/>
      </object_component>
      <object_component id="oc-1aa">
         <name>CpuSysRegsFile</name>
         <uninitialized>true</uninitialized>
         <run_address>0x5d300</run_address>
         <size>0x82</size>
         <input_file_ref idref="fl-6"/>
      </object_component>
      <object_component id="oc-152">
         <name>DacaRegsFile</name>
         <uninitialized>true</uninitialized>
         <run_address>0x5c00</run_address>
[...]
      </symbol>
      <symbol id="sm-679">
         <name>_EPwm10Regs</name>
         <value>0x4900</value>
         <object_component_ref idref="oc-1b6"/>
      </symbol>
      <symbol id="sm-67a">
         <name>_CpuTimer2Regs</name>
         <value>0xc10</value>
         <object_component_ref idref="oc-158"/>
      </symbol>
      <symbol id="sm-67b">
         <name>_Clb3LogicCfgRegs</name>
         <value>0x3800</value>
         <object_component_ref idref="oc-197"/>
      </symbol>
      <symbol id="sm-67c">
         <name>_DmaClaSrcSelRegs</name>
         <value>0x7980</value>
         <object_component_ref idref="oc-16b"/>
      </symbol>
      <symbol id="sm-67d">
         <name>_AnalogSubsysRegs</name>
         <value>0x5d180</value>
         <object_component_ref idref="oc-193"/>
      </symbol>
      <symbol id="sm-67e">
         <name>_Cmpss3Regs</name>
         <value>0x5cc0</value>
         <object_component_ref idref="oc-176"/>
      </symbol>
      <symbol id="sm-67f">
         <name>_DaccRegs</name>
         <value>0x5c20</value>
         <object_component_ref idref="oc-154"/>
      </symbol>
      <symbol id="sm-680">
         <name>_PieCtrlRegs</name>
         <value>0xce0</value>
         <object_component_ref idref="oc-173"/>
      </symbol>
      <symbol id="sm-681">
         <name>_DevCfgRegs</name>
         <value>0x5d000</value>
         <object_component_ref idref="oc-1bd"/>
      </symbol>
      <symbol id="sm-682">
         <name>_SpibRegs</name>
         <value>0x6110</value>
         <object_component_ref idref="oc-164"/>
      </symbol>
      <symbol id="sm-683">
         <name>_Clb1LogicCtrlRegs</name>
         <value>0x3100</value>
         <object_component_ref idref="oc-199"/>
      </symbol>
      <symbol id="sm-684">
         <name>_AdccRegs</name>
         <value>0x7500</value>
         <object_component_ref idref="oc-1a8"/>
      </symbol>
      <symbol id="sm-685">
         <name>_ScicRegs</name>
         <value>0x7220</value>
         <object_component_ref idref="oc-160"/>
      </symbol>
      <symbol id="sm-686">
         <name>_ECap1Regs</name>
         <value>0x5000</value>
         <object_component_ref idref="oc-16c"/>
      </symbol>
      <symbol id="sm-687">
         <name>_OutputXbarRegs</name>
         <value>0x7a80</value>
         <object_component_ref idref="oc-19f"/>
      </symbol>
      <symbol id="sm-688">
         <name>_MemoryErrorRegs</name>
         <value>0x5f500</value>
         <object_component_ref idref="oc-192"/>
      </symbol>
      <symbol id="sm-689">
         <name>_Cla1Regs</name>
         <value>0x1400</value>
         <object_component_ref idref="oc-194"/>
      </symbol>
      <symbol id="sm-68a">
         <name>_EQep1Regs</name>
         <value>0x5100</value>
         <object_component_ref idref="oc-180"/>
      </symbol>
      <symbol id="sm-68b">
         <name>_DacbRegs</name>
         <value>0x5c10</value>
         <object_component_ref idref="oc-153"/>
      </symbol>
      <symbol id="sm-68c">
         <name>_Clb2DataExchRegs</name>
         <value>0x3600</value>
         <object_component_ref idref="oc-1ba"/>
      </symbol>
      <symbol id="sm-68d">
         <name>_Clb4LogicCfgRegs</name>
         <value>0x3c00</value>
         <object_component_ref idref="oc-198"/>
      </symbol>
      <symbol id="sm-68e">
         <name>_UidRegs</name>
         <value>0x703c0</value>
         <object_component_ref idref="oc-166"/>
      </symbol>
      <symbol id="sm-68f">
         <name>_McbspaRegs</name>
         <value>0x6000</value>
         <object_component_ref idref="oc-188"/>
      </symbol>
      <symbol id="sm-690">
         <name>_EPwm1Regs</name>
         <value>0x4000</value>
         <object_component_ref idref="oc-1ac"/>
      </symbol>
      <symbol id="sm-691">
         <name>_Clb3LogicCtrlRegs</name>
         <value>0x3900</value>
         <object_component_ref idref="oc-19b"/>
      </symbol>
      <symbol id="sm-692">
         <name>_AdcbRegs</name>
         <value>0x7480</value>
         <object_component_ref idref="oc-1a7"/>
      </symbol>
      <symbol id="sm-693">
         <name>_ScibRegs</name>
         <value>0x7210</value>
         <object_component_ref idref="oc-15f"/>
      </symbol>
      <symbol id="sm-694">
         <name>_AdcaResultRegs</name>
         <value>0xb00</value>
         <object_component_ref idref="oc-167"/>
      </symbol>
      <symbol id="sm-695">
         <name>_ECap2Regs</name>
         <value>0x5020</value>
         <object_component_ref idref="oc-16e"/>
      </symbol>
      <symbol id="sm-696">
         <name>_EPwm12Regs</name>
         <value>0x4b00</value>
         <object_component_ref idref="oc-1b8"/>
      </symbol>
      <symbol id="sm-697">
         <name>_AdcbResultRegs</name>
         <value>0xb20</value>
         <object_component_ref idref="oc-168"/>
      </symbol>
      <symbol id="sm-698">
         <name>_Clb1LogicCfgRegs</name>
         <value>0x3000</value>
         <object_component_ref idref="oc-195"/>
      </symbol>
      <symbol id="sm-699">
         <name>_AdccResultRegs</name>
         <value>0xb40</value>
         <object_component_ref idref="oc-169"/>
      </symbol>
      <symbol id="sm-69a">
         <name>_Emif1ConfigRegs</name>
         <value>0x5f480</value>
         <object_component_ref idref="oc-159"/>
      </symbol>
      <symbol id="sm-69b">
         <name>_Sdfm2Regs</name>
         <value>0x5e80</value>
         <object_component_ref idref="oc-1a2"/>
      </symbol>
      <symbol id="sm-69c">
         <name>_AdcdResultRegs</name>
         <value>0xb60</value>
         <object_component_ref idref="oc-16a"/>
      </symbol>
      <symbol id="sm-69d">
         <name>_EQep2Regs</name>
         <value>0x5140</value>
         <object_component_ref idref="oc-182"/>
      </symbol>
      <symbol id="sm-69e">
         <name>_Cmpss1Regs</name>
         <value>0x5c80</value>
         <object_component_ref idref="oc-174"/>
      </symbol>
      <symbol id="sm-69f">
         <name>_EPwm8Regs</name>
         <value>0x4700</value>
         <object_component_ref idref="oc-1b4"/>
      </symbol>
      <symbol id="sm-6a0">
         <name>_Emif2ConfigRegs</name>
         <value>0x5f4a0</value>
         <object_component_ref idref="oc-15a"/>
      </symbol>
      <symbol id="sm-6a1">
         <name>_DcsmCommonRegs</name>
         <value>0x5f070</value>
         <object_component_ref idref="oc-150"/>
      </symbol>
      <symbol id="sm-6a2">
         <name>_EPwm2Regs</name>
         <value>0x4100</value>
         <object_component_ref idref="oc-1ae"/>
      </symbol>
      <symbol id="sm-6a3">
         <name>_ECap3Regs</name>
         <value>0x5040</value>
         <object_component_ref idref="oc-16f"/>
      </symbol>
      <symbol id="sm-6a4">
         <name>_Cmpss8Regs</name>
         <value>0x5d60</value>
         <object_component_ref idref="oc-17b"/>
      </symbol>
      <symbol id="sm-6a5">
         <name>_EQep3Regs</name>
         <value>0x5180</value>
         <object_component_ref idref="oc-183"/>
      </symbol>
      <symbol id="sm-6a6">
         <name>_SyncSocRegs</name>
         <value>0x7940</value>
         <object_component_ref idref="oc-151"/>
      </symbol>
      <symbol id="sm-6a7">
         <name>_EPwm9Regs</name>
         <value>0x4800</value>
         <object_component_ref idref="oc-1b5"/>
      </symbol>
      <symbol id="sm-6a8">
         <name>_NmiIntruptRegs</name>
         <value>0x7060</value>
         <object_component_ref idref="oc-155"/>
      </symbol>
      <symbol id="sm-6a9">
         <name>_EPwm3Regs</name>
         <value>0x4200</value>
         <object_component_ref idref="oc-1af"/>
      </symbol>
      <symbol id="sm-6aa">
         <name>_I2caRegs</name>
         <value>0x7300</value>
         <object_component_ref idref="oc-184"/>
      </symbol>
      <symbol id="sm-6bc">
         <name>_GPIO_EnableUnbondedIOPullupsFor176Pin</name>
         <value>0xd27d</value>
         <object_component_ref idref="oc-26c"/>
      </symbol>
      <symbol id="sm-6be">
         <name>_GPIO_EnableUnbondedIOPullups</name>
         <value>0xd296</value>
         <object_component_ref idref="oc-25b"/>
      </symbol>
      <symbol id="sm-6c0">
         <name>_GPIO_EnableUnbondedIOPullupsFor100Pin</name>
         <value>0xd1bb</value>
         <object_component_ref idref="oc-26b"/>
      </symbol>
      <symbol id="sm-6d6">
         <name>_InitPieCtrl</name>
         <value>0xd224</value>
         <object_component_ref idref="oc-24c"/>
      </symbol>
      <symbol id="sm-6e7">
         <name>_PieVectTableInit</name>
         <value>0xf000</value>
         <object_component_ref idref="oc-260"/>
      </symbol>
      <symbol id="sm-6e8">
         <name>_InitPieVectTable</name>
         <value>0xd195</value>
         <object_component_ref idref="oc-24d"/>
      </symbol>
      <symbol id="sm-725">
         <name>_InitSysPll</name>
         <value>0xb9f4</value>
         <object_component_ref idref="oc-25d"/>
      </symbol>
      <symbol id="sm-727">
         <name>_DisableDog</name>
         <value>0xd3df</value>
         <object_component_ref idref="oc-25a"/>
      </symbol>
      <symbol id="sm-729">
         <name>_SysIntOsc2Sel</name>
         <value>0xd2ac</value>
         <object_component_ref idref="oc-26e"/>
      </symbol>
      <symbol id="sm-72b">
         <name>_InitPeripheralClocks</name>
         <value>0x228</value>
         <object_component_ref idref="oc-25e"/>
      </symbol>
      <symbol id="sm-72d">
         <name>_SysXtalOscSel</name>
         <value>0xd384</value>
         <object_component_ref idref="oc-26f"/>
      </symbol>
      <symbol id="sm-72f">
         <name>_ConfigureTMXAnalogTrim</name>
         <value>0xd243</value>
         <object_component_ref idref="oc-25c"/>
      </symbol>
      <symbol id="sm-731">
         <name>_SysIntOsc1Sel</name>
         <value>0xd374</value>
         <object_component_ref idref="oc-26d"/>
      </symbol>
      <symbol id="sm-733">
         <name>_ServiceDog</name>
         <value>0xd3ed</value>
         <object_component_ref idref="oc-270"/>
      </symbol>
      <symbol id="sm-735">
         <name>_InitSysCtrl</name>
         <value>0xd204</value>
         <object_component_ref idref="oc-247"/>
      </symbol>
      <symbol id="sm-776">
         <name>_Sdfm_enableMIE</name>
         <value>0xd352</value>
         <object_component_ref idref="oc-256"/>
      </symbol>
      <symbol id="sm-778">
         <name>_Sdfm_configureInterrupt</name>
         <value>0xbbe3</value>
         <object_component_ref idref="oc-255"/>
      </symbol>
      <symbol id="sm-77a">
         <name>_Sdfm_configureExternalreset</name>
         <value>0xd000</value>
         <object_component_ref idref="oc-254"/>
      </symbol>
      <symbol id="sm-77c">
         <name>_Sdfm_configureData_filter</name>
         <value>0xb3f4</value>
         <object_component_ref idref="oc-252"/>
      </symbol>
      <symbol id="sm-77e">
         <name>_Sdfm_configureComparator</name>
         <value>0xb800</value>
         <object_component_ref idref="oc-251"/>
      </symbol>
      <symbol id="sm-780">
         <name>_Sdfm_configureInputCtrl</name>
         <value>0x2ac</value>
         <object_component_ref idref="oc-250"/>
      </symbol>
      <symbol id="sm-782">
         <name>_Sdfm_enableMFE</name>
         <value>0xd341</value>
         <object_component_ref idref="oc-253"/>
      </symbol>
      <symbol id="sm-7bb">
         <name>_I2C</name>
         <value>0xe086</value>
         <object_component_ref idref="oc-239"/>
      </symbol>
      <symbol id="sm-7bc">
         <name>_TRIP_SEL</name>
         <value>0xe000</value>
         <object_component_ref idref="oc-237"/>
      </symbol>
      <symbol id="sm-7bd">
         <name>_EPWM</name>
         <value>0xe01e</value>
         <object_component_ref idref="oc-23d"/>
      </symbol>
      <symbol id="sm-7be">
         <name>_MCBSP</name>
         <value>0xe08a</value>
         <object_component_ref idref="oc-23a"/>
      </symbol>
      <symbol id="sm-7bf">
         <name>_ECAP</name>
         <value>0xe058</value>
         <object_component_ref idref="oc-236"/>
      </symbol>
      <symbol id="sm-7c0">
         <name>_SPI</name>
         <value>0xe070</value>
         <object_component_ref idref="oc-235"/>
      </symbol>
      <symbol id="sm-7c1">
         <name>_EQEP</name>
         <value>0xe038</value>
         <object_component_ref idref="oc-238"/>
      </symbol>
      <symbol id="sm-7c2">
         <name>_SDFM</name>
         <value>0xe078</value>
         <object_component_ref idref="oc-23b"/>
      </symbol>
      <symbol id="sm-7c3">
         <name>_ADC</name>
         <value>0xe066</value>
         <object_component_ref idref="oc-23c"/>
      </symbol>
      <symbol id="sm-7c4">
         <name>_SCI</name>
         <value>0xe08e</value>
         <object_component_ref idref="oc-234"/>
      </symbol>
      <symbol id="sm-7d0">
         <name>_F28x_usDelay</name>
         <value>0x224</value>
         <object_component_ref idref="oc-1e4"/>
      </symbol>
      <symbol id="sm-7e0">
         <name>_CLAcosPU</name>
         <value>0xac88</value>
         <object_component_ref idref="oc-1e9"/>
      </symbol>
      <symbol id="sm-7f0">
         <name>_CLAsinPU</name>
         <value>0xacc0</value>
         <object_component_ref idref="oc-1ef"/>
      </symbol>
      <symbol id="sm-7f4">
         <name>_CLAsincosTable_TwoPiDivTABLE_SIZE</name>
         <value>0x82d2</value>
         <object_component_ref idref="oc-1f5"/>
      </symbol>
      <symbol id="sm-7f5">
         <name>_CLAsincosTableEnd</name>
         <value>0x82e2</value>
         <object_component_ref idref="oc-1f5"/>
      </symbol>
      <symbol id="sm-7f6">
         <name>_CLAsinTable</name>
         <value>0x818c</value>
         <object_component_ref idref="oc-1f5"/>
      </symbol>
      <symbol id="sm-7f7">
         <name>_CLAcosTableEnd</name>
         <value>0x82ce</value>
         <object_component_ref idref="oc-1f5"/>
      </symbol>
      <symbol id="sm-7f8">
         <name>_CLAsincosTable</name>
         <value>0x818c</value>
         <object_component_ref idref="oc-1f5"/>
      </symbol>
      <symbol id="sm-7f9">
         <name>_CLAsincosTable_Sin0</name>
         <value>0x818c</value>
         <object_component_ref idref="oc-1f5"/>
      </symbol>
      <symbol id="sm-7fa">
         <name>_CLAsinTableEnd</name>
         <value>0x828c</value>
         <object_component_ref idref="oc-1f5"/>
      </symbol>
      <symbol id="sm-7fb">
         <name>_CLAsincosTable_Coef1_pos</name>
         <value>0x82da</value>
         <object_component_ref idref="oc-1f5"/>
      </symbol>
      <symbol id="sm-7fc">
         <name>_CLAsincosTable_TABLE_SIZEDivTwoPi</name>
         <value>0x82d0</value>
         <object_component_ref idref="oc-1f5"/>
      </symbol>
      <symbol id="sm-7fd">
         <name>_CLAsincosTable_Cos0</name>
         <value>0x81cc</value>
         <object_component_ref idref="oc-1f5"/>
      </symbol>
      <symbol id="sm-7fe">
         <name>_CLAsincosTable_TABLE_SIZE</name>
         <value>0x82ce</value>
         <object_component_ref idref="oc-1f5"/>
      </symbol>
      <symbol id="sm-7ff">
         <name>_CLAcosTable</name>
         <value>0x81cc</value>
         <object_component_ref idref="oc-1f5"/>
      </symbol>
      <symbol id="sm-800">
         <name>_CLAsincosTable_Coef3</name>
         <value>0x82de</value>
         <object_component_ref idref="oc-1f5"/>
      </symbol>
      <symbol id="sm-801">
         <name>_CLAsincosTable_Coef2</name>
         <value>0x82dc</value>
         <object_component_ref idref="oc-1f5"/>
      </symbol>
      <symbol id="sm-802">
         <name>_CLAsincosTable_Coef1</name>
         <value>0x82d8</value>
         <object_component_ref idref="oc-1f5"/>
      </symbol>
      <symbol id="sm-803">
         <name>_CLAsincosTable_Coef0</name>
         <value>0x82d6</value>
         <object_component_ref idref="oc-1f5"/>
      </symbol>
      <symbol id="sm-804">
         <name>_CLAsincosTable_TABLE_MASK</name>
         <value>0x82d4</value>
         <object_component_ref idref="oc-1f5"/>
      </symbol>
      <symbol id="sm-805">
         <name>_CLAsincosTable_Coef3_neg</name>
         <value>0x82e0</value>
         <object_component_ref idref="oc-1f5"/>
      </symbol>
      <symbol id="sm-820">
         <name>_c_int00</name>
         <value>0xb792</value>
         <object_component_ref idref="oc-1f6"/>
      </symbol>
      <symbol id="sm-821">
         <name>__stack</name>
         <value>0x400</value>
         <object_component_ref idref="oc-1f7"/>
      </symbol>
      <symbol id="sm-832">
         <name>FS$$DIV</name>
         <value>0xbf77</value>
         <object_component_ref idref="oc-1fd"/>
      </symbol>
      <symbol id="sm-83e">
         <name>LL$$AND</name>
         <value>0xb7e8</value>
         <object_component_ref idref="oc-202"/>
      </symbol>
      <symbol id="sm-83f">
         <name>LL$$OR</name>
         <value>0xb7f0</value>
         <object_component_ref idref="oc-202"/>
      </symbol>
      <symbol id="sm-840">
         <name>LL$$XOR</name>
         <value>0xb7f8</value>
         <object_component_ref idref="oc-202"/>
      </symbol>
      <symbol id="sm-84f">
         <name>_copy_in</name>
         <value>0xd1e0</value>
         <object_component_ref idref="oc-23f"/>
      </symbol>
      <symbol id="sm-861">
         <name>_memcpy</name>
         <value>0xd260</value>
         <object_component_ref idref="oc-243"/>
      </symbol>
      <symbol id="sm-86e">
         <name>__system_pre_init</name>
         <value>0xd987</value>
         <object_component_ref idref="oc-23e"/>
      </symbol>
      <symbol id="sm-87c">
         <name>__system_post_cinit</name>
         <value>0xbfff</value>
         <object_component_ref idref="oc-240"/>
      </symbol>
      <symbol id="sm-891">
         <name>C$$EXIT</name>
         <value>0xd16c</value>
         <object_component_ref idref="oc-242"/>
      </symbol>
      <symbol id="sm-892">
         <name>_exit</name>
         <value>0xd16e</value>
         <object_component_ref idref="oc-242"/>
      </symbol>
      <symbol id="sm-894">
         <name>___TI_cleanup_ptr</name>
         <value>0xe082</value>
         <object_component_ref idref="oc-21d"/>
      </symbol>
      <symbol id="sm-895">
         <name>___TI_enable_exit_profile_output</name>
         <value>0xe080</value>
         <object_component_ref idref="oc-21d"/>
      </symbol>
      <symbol id="sm-896">
         <name>_abort</name>
         <value>0xd16c</value>
         <object_component_ref idref="oc-242"/>
      </symbol>
      <symbol id="sm-898">
         <name>___TI_dtors_ptr</name>
         <value>0xe084</value>
         <object_component_ref idref="oc-21d"/>
      </symbol>
      <symbol id="sm-8ac">
         <name>__unlock</name>
         <value>0xe092</value>
         <object_component_ref idref="oc-26a"/>
      </symbol>
      <symbol id="sm-8ad">
         <name>__lock</name>
         <value>0xe07e</value>
         <object_component_ref idref="oc-245"/>
      </symbol>
      <symbol id="sm-8ae">
         <name>__register_lock</name>
         <value>0xd97a</value>
         <object_component_ref idref="oc-258"/>
      </symbol>
      <symbol id="sm-8b0">
         <name>__nop</name>
         <value>0xd97e</value>
         <object_component_ref idref="oc-258"/>
      </symbol>
      <symbol id="sm-8b2">
         <name>__register_unlock</name>
         <value>0xd976</value>
         <object_component_ref idref="oc-258"/>
      </symbol>
      <symbol id="sm-8c2">
         <name>__args_main</name>
         <value>0xd32f</value>
         <object_component_ref idref="oc-241"/>
      </symbol>
   </symbol_table>
   <title>Link successful</title>
</link_info>
