******************************************************************************
             TMS320C2000 Linker PC v22.6.1                     
******************************************************************************
>> Linked Fri Sep 27 12:34:41 2024

OUTPUT FILE NAME:   <sdfm_filter_sync_cla_cpu01.out>
ENTRY POINT SYMBOL: "code_start"  address: 00000000


MEMORY CONFIGURATION

         name            origin    length      used     unused   attr    fill
----------------------  --------  ---------  --------  --------  ----  --------
PAGE 0:
  BEGIN                 00000000   00000002  00000002  00000000  RWIX
  RAMM0                 00000122   000002de  000000ae  00000230  RWIX
  RAMLS4                0000a000   00000800  0000060d  000001f3  RWIX
  RAMLS5                0000a800   00000800  000000b4  0000074c  RWIX
  RAMD0                 0000b000   00000800  000007fe  00000002  RWIX
  RAMD1                 0000b800   00000800  000007fe  00000002  RWIX
  RAMGS1                0000d000   00001000  00000000  00001000  RWIX
  RESET                 003fffc0   00000002  00000000  00000002  RWIX

PAGE 1:
  BOOT_RSVD             00000002   00000121  00000000  00000121  RWIX
  RAMM1                 00000400   000003f8  00000100  000002f8  RWIX
  ADCARESULT            00000b00   00000018  00000018  00000000  RWIX
  ADCBRESULT            00000b20   00000018  00000018  00000000  RWIX
  ADCCRESULT            00000b40   00000018  00000018  00000000  RWIX
  ADCDRESULT            00000b60   00000018  00000018  00000000  RWIX
  CPUTIMER0             00000c00   00000008  00000008  00000000  RWIX
  CPUTIMER1             00000c08   00000008  00000008  00000000  RWIX
  CPUTIMER2             00000c10   00000008  00000008  00000000  RWIX
  PIECTRL               00000ce0   0000001a  0000001a  00000000  RWIX
  PIEVECTTABLE          00000d00   00000200  000001c0  00000040  RWIX
  DMA                   00001000   00000200  000000e0  00000120  RWIX
  CLA1                  00001400   00000080  0000003e  00000042  RWIX
  CLA1_MSGRAMLOW        00001480   00000080  00000001  0000007f  RWIX
  CLA1_MSGRAMHIGH       00001500   00000080  00000000  00000080  RWIX
  CLB1LOGICCFG          00003000   00000052  0000003e  00000014  RWIX
  CLB1LOGICCTRL         00003100   00000040  00000040  00000000  RWIX
  CLB1DATAEXCH          00003200   00000200  00000108  000000f8  RWIX
  CLB2LOGICCFG          00003400   00000052  0000003e  00000014  RWIX
  CLB2LOGICCTRL         00003500   00000040  00000040  00000000  RWIX
  CLB2DATAEXCH          00003600   00000200  00000108  000000f8  RWIX
  CLB3LOGICCFG          00003800   00000052  0000003e  00000014  RWIX
  CLB3LOGICCTRL         00003900   00000040  00000040  00000000  RWIX
  CLB3DATAEXCH          00003a00   00000200  00000108  000000f8  RWIX
  CLB4LOGICCFG          00003c00   00000052  0000003e  00000014  RWIX
  CLB4LOGICCTRL         00003d00   00000040  00000040  00000000  RWIX
  CLB4DATAEXCH          00003e00   00000200  00000108  000000f8  RWIX
  EPWM1                 00004000   00000100  00000100  00000000  RWIX
  EPWM2                 00004100   00000100  00000100  00000000  RWIX
  EPWM3                 00004200   00000100  00000100  00000000  RWIX
  EPWM4                 00004300   00000100  00000100  00000000  RWIX
  EPWM5                 00004400   00000100  00000100  00000000  RWIX
  EPWM6                 00004500   00000100  00000100  00000000  RWIX
  EPWM7                 00004600   00000100  00000100  00000000  RWIX
  EPWM8                 00004700   00000100  00000100  00000000  RWIX
  EPWM9                 00004800   00000100  00000100  00000000  RWIX
  EPWM10                00004900   00000100  00000100  00000000  RWIX
  EPWM11                00004a00   00000100  00000100  00000000  RWIX
  EPWM12                00004b00   00000100  00000100  00000000  RWIX
  ECAP1                 00005000   00000020  0000001a  00000006  RWIX
  ECAP2                 00005020   00000020  0000001a  00000006  RWIX
  ECAP3                 00005040   00000020  0000001a  00000006  RWIX
  ECAP4                 00005060   00000020  0000001a  00000006  RWIX
  ECAP5                 00005080   00000020  0000001a  00000006  RWIX
  ECAP6                 000050a0   00000020  0000001a  00000006  RWIX
  EQEP1                 00005100   00000022  00000022  00000000  RWIX
  EQEP2                 00005140   00000022  00000022  00000000  RWIX
  EQEP3                 00005180   00000022  00000022  00000000  RWIX
  DACA                  00005c00   00000008  00000007  00000001  RWIX
  DACB                  00005c10   00000008  00000007  00000001  RWIX
  DACC                  00005c20   00000008  00000007  00000001  RWIX
  CMPSS1                00005c80   00000020  0000001b  00000005  RWIX
  CMPSS2                00005ca0   00000020  0000001b  00000005  RWIX
  CMPSS3                00005cc0   00000020  0000001b  00000005  RWIX
  CMPSS4                00005ce0   00000020  0000001b  00000005  RWIX
  CMPSS5                00005d00   00000020  0000001b  00000005  RWIX
  CMPSS6                00005d20   00000020  0000001b  00000005  RWIX
  CMPSS7                00005d40   00000020  0000001b  00000005  RWIX
  CMPSS8                00005d60   00000020  0000001b  00000005  RWIX
  SDFM1                 00005e00   00000080  00000048  00000038  RWIX
  SDFM2                 00005e80   00000080  00000048  00000038  RWIX
  MCBSPA                00006000   00000024  00000024  00000000  RWIX
  MCBSPB                00006040   00000024  00000024  00000000  RWIX
  SPIA                  00006100   00000010  00000010  00000000  RWIX
  SPIB                  00006110   00000010  00000010  00000000  RWIX
  SPIC                  00006120   00000010  00000010  00000000  RWIX
  UPP                   00006200   00000048  00000048  00000000  RWIX
  WD                    00007000   0000002b  0000002b  00000000  RWIX
  NMIINTRUPT            00007060   00000007  00000007  00000000  RWIX
  XINT                  00007070   0000000b  0000000b  00000000  RWIX
  SCIA                  00007200   00000010  00000010  00000000  RWIX
  SCIB                  00007210   00000010  00000010  00000000  RWIX
  SCIC                  00007220   00000010  00000010  00000000  RWIX
  SCID                  00007230   00000010  00000010  00000000  RWIX
  I2CA                  00007300   00000022  00000022  00000000  RWIX
  I2CB                  00007340   00000022  00000022  00000000  RWIX
  ADCA                  00007400   00000080  0000007c  00000004  RWIX
  ADCB                  00007480   00000080  0000007c  00000004  RWIX
  ADCC                  00007500   00000080  0000007c  00000004  RWIX
  ADCD                  00007580   00000080  0000007c  00000004  RWIX
  INPUTXBAR             00007900   00000020  00000020  00000000  RWIX
  XBAR                  00007920   00000020  0000000e  00000012  RWIX
  SYNCSOC               00007940   00000006  00000006  00000000  RWIX
  DMACLASRCSEL          00007980   0000001a  0000001a  00000000  RWIX
  EPWMXBAR              00007a00   00000040  00000040  00000000  RWIX
  CLBXBAR               00007a40   00000040  00000040  00000000  RWIX
  OUTPUTXBAR            00007a80   00000040  00000040  00000000  RWIX
  GPIOCTRL              00007c00   00000180  00000180  00000000  RWIX
  GPIODATA              00007f00   00000030  00000030  00000000  RWIX
  RAMLS0                00008000   00000800  00000000  00000800  RWIX
  RAMLS1                00008800   00000800  00000104  000006fc  RWIX
  RAMLS2_1              00009000   00000400  00000400  00000000  RWIX
  RAMLS2_2              00009400   00000400  00000400  00000000  RWIX
  RAMLS3_1              00009800   00000400  00000400  00000000  RWIX
  RAMLS3_2              00009c00   00000400  00000400  00000000  RWIX
  RAMGS0                0000c000   00001000  00000000  00001000  RWIX
  RAMGS2                0000e000   00001000  0000007d  00000f83  RWIX
  RAMGS3                0000f000   00001000  000001c0  00000e40  RWIX
  RAMGS4                00010000   00001000  00000000  00001000  RWIX
  RAMGS5                00011000   00001000  00000000  00001000  RWIX
  RAMGS6                00012000   00001000  00000000  00001000  RWIX
  RAMGS7                00013000   00001000  00000000  00001000  RWIX
  RAMGS8                00014000   00001000  00000000  00001000  RWIX
  RAMGS9                00015000   00001000  00000000  00001000  RWIX
  RAMGS10               00016000   00001000  00000000  00001000  RWIX
  RAMGS11               00017000   00001000  00000000  00001000  RWIX
  RAMGS12               00018000   00001000  00000000  00001000  RWIX
  RAMGS13               00019000   00001000  00000000  00001000  RWIX
  RAMGS14               0001a000   00001000  00000000  00001000  RWIX
  RAMGS15               0001b000   00000ff8  00000000  00000ff8  RWIX
  EMIF1                 00047000   00000070  00000028  00000048  RWIX
  EMIF2                 00047800   00000070  00000028  00000048  RWIX
  CANA                  00048000   00000200  00000164  0000009c  RWIX
  CANB                  0004a000   00000200  00000164  0000009c  RWIX
  IPC                   00050000   00000024  00000024  00000000  RWIX
  FLASHPUMPSEMAPHORE    00050024   00000002  00000002  00000000  RWIX
  DEVCFG                0005d000   0000012e  0000012e  00000000  RWIX
  ANALOGSUBSYS          0005d180   00000048  0000003e  0000000a  RWIX
  CLKCFG                0005d200   00000032  00000032  00000000  RWIX
  CPUSYS                0005d300   00000082  00000082  00000000  RWIX
  ROMPREFETCH           0005e608   00000002  00000002  00000000  RWIX
  DCSMZ1                0005f000   00000024  00000022  00000002  RWIX
  DCSMZ2                0005f040   00000024  00000022  00000002  RWIX
  DCSMCOMMON            0005f070   00000008  00000006  00000002  RWIX
  MEMCFG                0005f400   00000080  00000076  0000000a  RWIX
  EMIF1CONFIG           0005f480   00000020  0000000a  00000016  RWIX
  EMIF2CONFIG           0005f4a0   00000020  0000000a  00000016  RWIX
  ACCESSPROTECTION      0005f4c0   00000040  0000002e  00000012  RWIX
  MEMORYERROR           0005f500   00000040  0000003a  00000006  RWIX
  ROMWAITSTATE          0005f540   00000002  00000002  00000000  RWIX
  FLASH0CTRL            0005f800   00000182  00000182  00000000  RWIX
  FLASH0ECC             0005fb00   00000028  00000028  00000000  RWIX
  UID                   000703c0   00000010  00000010  00000000  RWIX


SECTION ALLOCATION MAP

 output                                  attributes/
section   page    origin      length       input sections
--------  ----  ----------  ----------   ----------------
codestart 
*          0    00000000    00000002     
                  00000000    00000002     F2837xD_CodeStartBranch.obj (codestart)

.cinit     0    00000122    000000aa     
                  00000122    00000021     F2837xD_struct.obj (.cinit:_TRIP_SEL)
                  00000143    0000001d     F2837xD_struct.obj (.cinit:_EPWM)
                  00000160    00000011     F2837xD_struct.obj (.cinit:_ECAP)
                  00000171    0000000e     rts2800_fpu32.lib : exit.c.obj (.cinit)
                  0000017f    0000000d     F2837xD_struct.obj (.cinit:_ADC)
                  0000018c    0000000b     F2837xD_struct.obj (.cinit:_EQEP)
                  00000197    0000000b     F2837xD_struct.obj (.cinit:_SPI)
                  000001a2    00000009     F2837xD_struct.obj (.cinit:_SDFM)
                  000001ab    00000007     F2837xD_struct.obj (.cinit:_I2C)
                  000001b2    00000007     F2837xD_struct.obj (.cinit:_MCBSP)
                  000001b9    00000007     F2837xD_struct.obj (.cinit:_SCI)
                  000001c0    00000005     rts2800_fpu32.lib : _lock.c.obj (.cinit:__lock)
                  000001c5    00000005                       : _lock.c.obj (.cinit:__unlock)
                  000001ca    00000002     --HOLE-- [fill = 0]

.pinit     0    00000122    00000000     UNINITIALIZED

.reset     0    003fffc0    00000002     DSECT
                  003fffc0    00000002     rts2800_fpu32.lib : boot28.asm.obj (.reset)

.stack     1    00000400    00000100     UNINITIALIZED
                  00000400    00000100     --HOLE--

AdcaResultRegsFile 
*          1    00000b00    00000018     UNINITIALIZED
                  00000b00    00000018     F2837xD_GlobalVariableDefs.obj (AdcaResultRegsFile)

AdcbResultRegsFile 
*          1    00000b20    00000018     UNINITIALIZED
                  00000b20    00000018     F2837xD_GlobalVariableDefs.obj (AdcbResultRegsFile)

AdccResultRegsFile 
*          1    00000b40    00000018     UNINITIALIZED
                  00000b40    00000018     F2837xD_GlobalVariableDefs.obj (AdccResultRegsFile)

AdcdResultRegsFile 
*          1    00000b60    00000018     UNINITIALIZED
                  00000b60    00000018     F2837xD_GlobalVariableDefs.obj (AdcdResultRegsFile)

CpuTimer0RegsFile 
*          1    00000c00    00000008     UNINITIALIZED
                  00000c00    00000008     F2837xD_GlobalVariableDefs.obj (CpuTimer0RegsFile)

CpuTimer1RegsFile 
*          1    00000c08    00000008     UNINITIALIZED
                  00000c08    00000008     F2837xD_GlobalVariableDefs.obj (CpuTimer1RegsFile)

CpuTimer2RegsFile 
*          1    00000c10    00000008     UNINITIALIZED
                  00000c10    00000008     F2837xD_GlobalVariableDefs.obj (CpuTimer2RegsFile)

PieCtrlRegsFile 
*          1    00000ce0    0000001a     UNINITIALIZED
                  00000ce0    0000001a     F2837xD_GlobalVariableDefs.obj (PieCtrlRegsFile)

DmaRegsFile 
*          1    00001000    000000e0     UNINITIALIZED
                  00001000    000000e0     F2837xD_GlobalVariableDefs.obj (DmaRegsFile)

Cla1RegsFile 
*          1    00001400    0000003e     UNINITIALIZED
                  00001400    0000003e     F2837xD_GlobalVariableDefs.obj (Cla1RegsFile)

Clb1LogicCfgRegsFile 
*          1    00003000    0000003e     UNINITIALIZED
                  00003000    0000003e     F2837xD_GlobalVariableDefs.obj (Clb1LogicCfgRegsFile)

Clb1LogicCtrlRegsFile 
*          1    00003100    00000040     UNINITIALIZED
                  00003100    00000040     F2837xD_GlobalVariableDefs.obj (Clb1LogicCtrlRegsFile)

Clb1DataExchRegsFile 
*          1    00003200    00000108     UNINITIALIZED
                  00003200    00000108     F2837xD_GlobalVariableDefs.obj (Clb1DataExchRegsFile)

Clb2LogicCfgRegsFile 
*          1    00003400    0000003e     UNINITIALIZED
                  00003400    0000003e     F2837xD_GlobalVariableDefs.obj (Clb2LogicCfgRegsFile)

Clb2LogicCtrlRegsFile 
*          1    00003500    00000040     UNINITIALIZED
                  00003500    00000040     F2837xD_GlobalVariableDefs.obj (Clb2LogicCtrlRegsFile)

Clb2DataExchRegsFile 
*          1    00003600    00000108     UNINITIALIZED
                  00003600    00000108     F2837xD_GlobalVariableDefs.obj (Clb2DataExchRegsFile)

Clb3LogicCfgRegsFile 
*          1    00003800    0000003e     UNINITIALIZED
                  00003800    0000003e     F2837xD_GlobalVariableDefs.obj (Clb3LogicCfgRegsFile)

Clb3LogicCtrlRegsFile 
*          1    00003900    00000040     UNINITIALIZED
                  00003900    00000040     F2837xD_GlobalVariableDefs.obj (Clb3LogicCtrlRegsFile)

Clb3DataExchRegsFile 
*          1    00003a00    00000108     UNINITIALIZED
                  00003a00    00000108     F2837xD_GlobalVariableDefs.obj (Clb3DataExchRegsFile)

Clb4LogicCfgRegsFile 
*          1    00003c00    0000003e     UNINITIALIZED
                  00003c00    0000003e     F2837xD_GlobalVariableDefs.obj (Clb4LogicCfgRegsFile)

Clb4LogicCtrlRegsFile 
*          1    00003d00    00000040     UNINITIALIZED
                  00003d00    00000040     F2837xD_GlobalVariableDefs.obj (Clb4LogicCtrlRegsFile)

Clb4DataExchRegsFile 
*          1    00003e00    00000108     UNINITIALIZED
                  00003e00    00000108     F2837xD_GlobalVariableDefs.obj (Clb4DataExchRegsFile)

EPwm1RegsFile 
*          1    00004000    00000100     UNINITIALIZED
                  00004000    00000100     F2837xD_GlobalVariableDefs.obj (EPwm1RegsFile)

EPwm2RegsFile 
*          1    00004100    00000100     UNINITIALIZED
                  00004100    00000100     F2837xD_GlobalVariableDefs.obj (EPwm2RegsFile)

EPwm3RegsFile 
*          1    00004200    00000100     UNINITIALIZED
                  00004200    00000100     F2837xD_GlobalVariableDefs.obj (EPwm3RegsFile)

EPwm4RegsFile 
*          1    00004300    00000100     UNINITIALIZED
                  00004300    00000100     F2837xD_GlobalVariableDefs.obj (EPwm4RegsFile)

EPwm5RegsFile 
*          1    00004400    00000100     UNINITIALIZED
                  00004400    00000100     F2837xD_GlobalVariableDefs.obj (EPwm5RegsFile)

EPwm6RegsFile 
*          1    00004500    00000100     UNINITIALIZED
                  00004500    00000100     F2837xD_GlobalVariableDefs.obj (EPwm6RegsFile)

EPwm7RegsFile 
*          1    00004600    00000100     UNINITIALIZED
                  00004600    00000100     F2837xD_GlobalVariableDefs.obj (EPwm7RegsFile)

EPwm8RegsFile 
*          1    00004700    00000100     UNINITIALIZED
                  00004700    00000100     F2837xD_GlobalVariableDefs.obj (EPwm8RegsFile)

EPwm9RegsFile 
*          1    00004800    00000100     UNINITIALIZED
                  00004800    00000100     F2837xD_GlobalVariableDefs.obj (EPwm9RegsFile)

EPwm10RegsFile 
*          1    00004900    00000100     UNINITIALIZED
                  00004900    00000100     F2837xD_GlobalVariableDefs.obj (EPwm10RegsFile)

EPwm11RegsFile 
*          1    00004a00    00000100     UNINITIALIZED
                  00004a00    00000100     F2837xD_GlobalVariableDefs.obj (EPwm11RegsFile)

EPwm12RegsFile 
*          1    00004b00    00000100     UNINITIALIZED
                  00004b00    00000100     F2837xD_GlobalVariableDefs.obj (EPwm12RegsFile)

ECap1RegsFile 
*          1    00005000    0000001a     UNINITIALIZED
                  00005000    0000001a     F2837xD_GlobalVariableDefs.obj (ECap1RegsFile)

ECap2RegsFile 
*          1    00005020    0000001a     UNINITIALIZED
                  00005020    0000001a     F2837xD_GlobalVariableDefs.obj (ECap2RegsFile)

ECap3RegsFile 
*          1    00005040    0000001a     UNINITIALIZED
                  00005040    0000001a     F2837xD_GlobalVariableDefs.obj (ECap3RegsFile)

ECap4RegsFile 
*          1    00005060    0000001a     UNINITIALIZED
                  00005060    0000001a     F2837xD_GlobalVariableDefs.obj (ECap4RegsFile)

ECap5RegsFile 
*          1    00005080    0000001a     UNINITIALIZED
                  00005080    0000001a     F2837xD_GlobalVariableDefs.obj (ECap5RegsFile)

ECap6RegsFile 
*          1    000050a0    0000001a     UNINITIALIZED
                  000050a0    0000001a     F2837xD_GlobalVariableDefs.obj (ECap6RegsFile)

EQep1RegsFile 
*          1    00005100    00000022     UNINITIALIZED
                  00005100    00000022     F2837xD_GlobalVariableDefs.obj (EQep1RegsFile)

EQep2RegsFile 
*          1    00005140    00000022     UNINITIALIZED
                  00005140    00000022     F2837xD_GlobalVariableDefs.obj (EQep2RegsFile)

EQep3RegsFile 
*          1    00005180    00000022     UNINITIALIZED
                  00005180    00000022     F2837xD_GlobalVariableDefs.obj (EQep3RegsFile)

DacaRegsFile 
*          1    00005c00    00000007     UNINITIALIZED
                  00005c00    00000007     F2837xD_GlobalVariableDefs.obj (DacaRegsFile)

DacbRegsFile 
*          1    00005c10    00000007     UNINITIALIZED
                  00005c10    00000007     F2837xD_GlobalVariableDefs.obj (DacbRegsFile)

DaccRegsFile 
*          1    00005c20    00000007     UNINITIALIZED
                  00005c20    00000007     F2837xD_GlobalVariableDefs.obj (DaccRegsFile)

Cmpss1RegsFile 
*          1    00005c80    0000001b     UNINITIALIZED
                  00005c80    0000001b     F2837xD_GlobalVariableDefs.obj (Cmpss1RegsFile)

Cmpss2RegsFile 
*          1    00005ca0    0000001b     UNINITIALIZED
                  00005ca0    0000001b     F2837xD_GlobalVariableDefs.obj (Cmpss2RegsFile)

Cmpss3RegsFile 
*          1    00005cc0    0000001b     UNINITIALIZED
                  00005cc0    0000001b     F2837xD_GlobalVariableDefs.obj (Cmpss3RegsFile)

Cmpss4RegsFile 
*          1    00005ce0    0000001b     UNINITIALIZED
                  00005ce0    0000001b     F2837xD_GlobalVariableDefs.obj (Cmpss4RegsFile)

Cmpss5RegsFile 
*          1    00005d00    0000001b     UNINITIALIZED
                  00005d00    0000001b     F2837xD_GlobalVariableDefs.obj (Cmpss5RegsFile)

Cmpss6RegsFile 
*          1    00005d20    0000001b     UNINITIALIZED
                  00005d20    0000001b     F2837xD_GlobalVariableDefs.obj (Cmpss6RegsFile)

Cmpss7RegsFile 
*          1    00005d40    0000001b     UNINITIALIZED
                  00005d40    0000001b     F2837xD_GlobalVariableDefs.obj (Cmpss7RegsFile)

Cmpss8RegsFile 
*          1    00005d60    0000001b     UNINITIALIZED
                  00005d60    0000001b     F2837xD_GlobalVariableDefs.obj (Cmpss8RegsFile)

Sdfm1RegsFile 
*          1    00005e00    00000048     UNINITIALIZED
                  00005e00    00000048     F2837xD_GlobalVariableDefs.obj (Sdfm1RegsFile)

Sdfm2RegsFile 
*          1    00005e80    00000048     UNINITIALIZED
                  00005e80    00000048     F2837xD_GlobalVariableDefs.obj (Sdfm2RegsFile)

McbspaRegsFile 
*          1    00006000    00000024     UNINITIALIZED
                  00006000    00000024     F2837xD_GlobalVariableDefs.obj (McbspaRegsFile)

McbspbRegsFile 
*          1    00006040    00000024     UNINITIALIZED
                  00006040    00000024     F2837xD_GlobalVariableDefs.obj (McbspbRegsFile)

SpiaRegsFile 
*          1    00006100    00000010     UNINITIALIZED
                  00006100    00000010     F2837xD_GlobalVariableDefs.obj (SpiaRegsFile)

SpibRegsFile 
*          1    00006110    00000010     UNINITIALIZED
                  00006110    00000010     F2837xD_GlobalVariableDefs.obj (SpibRegsFile)

SpicRegsFile 
*          1    00006120    00000010     UNINITIALIZED
                  00006120    00000010     F2837xD_GlobalVariableDefs.obj (SpicRegsFile)

UppRegsFile 
*          1    00006200    00000048     UNINITIALIZED
                  00006200    00000048     F2837xD_GlobalVariableDefs.obj (UppRegsFile)

WdRegsFile 
*          1    00007000    0000002b     UNINITIALIZED
                  00007000    0000002b     F2837xD_GlobalVariableDefs.obj (WdRegsFile)

NmiIntruptRegsFile 
*          1    00007060    00000007     UNINITIALIZED
                  00007060    00000007     F2837xD_GlobalVariableDefs.obj (NmiIntruptRegsFile)

XintRegsFile 
*          1    00007070    0000000b     UNINITIALIZED
                  00007070    0000000b     F2837xD_GlobalVariableDefs.obj (XintRegsFile)

SciaRegsFile 
*          1    00007200    00000010     UNINITIALIZED
                  00007200    00000010     F2837xD_GlobalVariableDefs.obj (SciaRegsFile)

ScibRegsFile 
*          1    00007210    00000010     UNINITIALIZED
                  00007210    00000010     F2837xD_GlobalVariableDefs.obj (ScibRegsFile)

ScicRegsFile 
*          1    00007220    00000010     UNINITIALIZED
                  00007220    00000010     F2837xD_GlobalVariableDefs.obj (ScicRegsFile)

ScidRegsFile 
*          1    00007230    00000010     UNINITIALIZED
                  00007230    00000010     F2837xD_GlobalVariableDefs.obj (ScidRegsFile)

I2caRegsFile 
*          1    00007300    00000022     UNINITIALIZED
                  00007300    00000022     F2837xD_GlobalVariableDefs.obj (I2caRegsFile)

I2cbRegsFile 
*          1    00007340    00000022     UNINITIALIZED
                  00007340    00000022     F2837xD_GlobalVariableDefs.obj (I2cbRegsFile)

AdcaRegsFile 
*          1    00007400    0000007c     UNINITIALIZED
                  00007400    0000007c     F2837xD_GlobalVariableDefs.obj (AdcaRegsFile)

AdcbRegsFile 
*          1    00007480    0000007c     UNINITIALIZED
                  00007480    0000007c     F2837xD_GlobalVariableDefs.obj (AdcbRegsFile)

AdccRegsFile 
*          1    00007500    0000007c     UNINITIALIZED
                  00007500    0000007c     F2837xD_GlobalVariableDefs.obj (AdccRegsFile)

AdcdRegsFile 
*          1    00007580    0000007c     UNINITIALIZED
                  00007580    0000007c     F2837xD_GlobalVariableDefs.obj (AdcdRegsFile)

InputXbarRegsFile 
*          1    00007900    00000020     UNINITIALIZED
                  00007900    00000020     F2837xD_GlobalVariableDefs.obj (InputXbarRegsFile)

XbarRegsFile 
*          1    00007920    0000000e     UNINITIALIZED
                  00007920    0000000e     F2837xD_GlobalVariableDefs.obj (XbarRegsFile)

SyncSocRegsFile 
*          1    00007940    00000006     UNINITIALIZED
                  00007940    00000006     F2837xD_GlobalVariableDefs.obj (SyncSocRegsFile)

DmaClaSrcSelRegsFile 
*          1    00007980    0000001a     UNINITIALIZED
                  00007980    0000001a     F2837xD_GlobalVariableDefs.obj (DmaClaSrcSelRegsFile)

EPwmXbarRegsFile 
*          1    00007a00    00000040     UNINITIALIZED
                  00007a00    00000040     F2837xD_GlobalVariableDefs.obj (EPwmXbarRegsFile)

ClbXbarRegsFile 
*          1    00007a40    00000040     UNINITIALIZED
                  00007a40    00000040     F2837xD_GlobalVariableDefs.obj (ClbXbarRegsFile)

OutputXbarRegsFile 
*          1    00007a80    00000040     UNINITIALIZED
                  00007a80    00000040     F2837xD_GlobalVariableDefs.obj (OutputXbarRegsFile)

GpioCtrlRegsFile 
*          1    00007c00    00000180     UNINITIALIZED
                  00007c00    00000180     F2837xD_GlobalVariableDefs.obj (GpioCtrlRegsFile)

GpioDataRegsFile 
*          1    00007f00    00000030     UNINITIALIZED
                  00007f00    00000030     F2837xD_GlobalVariableDefs.obj (GpioDataRegsFile)

CLAscratch 
*          1    00008800    00000100     UNINITIALIZED
                  00008800    00000100     --HOLE--

.ebss      1    0000e000    0000007d     UNINITIALIZED
                  0000e000    0000001e     F2837xD_struct.obj (.ebss:_TRIP_SEL)
                  0000e01e    0000001a     F2837xD_struct.obj (.ebss:_EPWM)
                  0000e038    00000008     F2837xD_struct.obj (.ebss:_EQEP)
                  0000e040    0000000e     F2837xD_struct.obj (.ebss:_ECAP)
                  0000e04e    0000000a     F2837xD_struct.obj (.ebss:_ADC)
                  0000e058    00000008     F2837xD_struct.obj (.ebss:_SPI)
                  0000e060    00000006     F2837xD_struct.obj (.ebss:_SDFM)
                  0000e066    00000006     rts2800_fpu32.lib : exit.c.obj (.ebss)
                  0000e06c    00000004     F2837xD_struct.obj (.ebss:_I2C)
                  0000e070    00000004     F2837xD_struct.obj (.ebss:_MCBSP)
                  0000e074    00000004     F2837xD_struct.obj (.ebss:_SCI)
                  0000e078    00000002     rts2800_fpu32.lib : _lock.c.obj (.ebss:__lock)
                  0000e07a    00000002                       : _lock.c.obj (.ebss:__unlock)
                  0000e07c    00000001     sdfm_filter_sync_cla_cpu01.obj (.ebss)

.econst    1    0000f000    000001c0     
                  0000f000    000001c0     F2837xD_PieVect.obj (.econst:_PieVectTableInit)

.TI.ramfunc 
*          0    000001cc    00000004     
                  000001cc    00000004     F2837xD_usDelay.obj (.TI.ramfunc)

Cla1Prog   0    0000a800    000000b4     
                  0000a800    0000008c     sdfm_filter_sync.obj (Cla1Prog:_Cla1Task1)
                  0000a88c    00000018     sdfm_filter_sync.obj (Cla1Prog:_Cla1Task8)
                  0000a8a4    00000010     sdfm_filter_sync.obj (Cla1Prog:_Cla1Task2)

Cla1ToCpuMsgRAM 
*          1    00001480    00000001     UNINITIALIZED
                  00001480    00000001     sdfm_filter_sync.obj (Cla1ToCpuMsgRAM)

Filter1_RegsFile 
*          1    00009000    00000400     
                  00009000    00000400     sdfm_filter_sync.obj (Filter1_RegsFile) [fill = 1111]

Filter2_RegsFile 
*          1    00009400    00000400     
                  00009400    00000400     sdfm_filter_sync.obj (Filter2_RegsFile) [fill = 2222]

Filter3_RegsFile 
*          1    00009800    00000400     
                  00009800    00000400     sdfm_filter_sync.obj (Filter3_RegsFile) [fill = 3333]

Filter4_RegsFile 
*          1    00009c00    00000400     
                  00009c00    00000400     sdfm_filter_sync.obj (Filter4_RegsFile) [fill = 4444]

.bss_cla   1    00008900    00000004     UNINITIALIZED
                  00008900    00000004     sdfm_filter_sync.obj (.bss_cla)

PieVectTableFile 
*          1    00000d00    000001c0     UNINITIALIZED
                  00000d00    000001c0     F2837xD_GlobalVariableDefs.obj (PieVectTableFile)

EmuKeyVar 
*          1    00000d00    00000000     UNINITIALIZED

EmuBModeVar 
*          1    00000d00    00000000     UNINITIALIZED

EmuBootPinsVar 
*          1    00000d00    00000000     UNINITIALIZED

FlashCallbackVar 
*          1    00000d00    00000000     UNINITIALIZED

FlashScalingVar 
*          1    00000d00    00000000     UNINITIALIZED

Emif1RegsFile 
*          1    00047000    00000028     UNINITIALIZED
                  00047000    00000028     F2837xD_GlobalVariableDefs.obj (Emif1RegsFile)

Emif2RegsFile 
*          1    00047800    00000028     UNINITIALIZED
                  00047800    00000028     F2837xD_GlobalVariableDefs.obj (Emif2RegsFile)

CanaRegsFile 
*          1    00048000    00000164     UNINITIALIZED
                  00048000    00000164     F2837xD_GlobalVariableDefs.obj (CanaRegsFile)

CanbRegsFile 
*          1    0004a000    00000164     UNINITIALIZED
                  0004a000    00000164     F2837xD_GlobalVariableDefs.obj (CanbRegsFile)

IpcRegsFile 
*          1    00050000    00000024     UNINITIALIZED
                  00050000    00000024     F2837xD_GlobalVariableDefs.obj (IpcRegsFile)

FlashPumpSemaphoreRegsFile 
*          1    00050024    00000002     UNINITIALIZED
                  00050024    00000002     F2837xD_GlobalVariableDefs.obj (FlashPumpSemaphoreRegsFile)

DevCfgRegsFile 
*          1    0005d000    0000012e     UNINITIALIZED
                  0005d000    0000012e     F2837xD_GlobalVariableDefs.obj (DevCfgRegsFile)

AnalogSubsysRegsFile 
*          1    0005d180    0000003e     UNINITIALIZED
                  0005d180    0000003e     F2837xD_GlobalVariableDefs.obj (AnalogSubsysRegsFile)

ClkCfgRegsFile 
*          1    0005d200    00000032     UNINITIALIZED
                  0005d200    00000032     F2837xD_GlobalVariableDefs.obj (ClkCfgRegsFile)

CpuSysRegsFile 
*          1    0005d300    00000082     UNINITIALIZED
                  0005d300    00000082     F2837xD_GlobalVariableDefs.obj (CpuSysRegsFile)

DcsmZ1RegsFile 
*          1    0005f000    00000022     UNINITIALIZED
                  0005f000    00000022     F2837xD_GlobalVariableDefs.obj (DcsmZ1RegsFile)

DcsmZ2RegsFile 
*          1    0005f040    00000022     UNINITIALIZED
                  0005f040    00000022     F2837xD_GlobalVariableDefs.obj (DcsmZ2RegsFile)

DcsmCommonRegsFile 
*          1    0005f070    00000006     UNINITIALIZED
                  0005f070    00000006     F2837xD_GlobalVariableDefs.obj (DcsmCommonRegsFile)

MemCfgRegsFile 
*          1    0005f400    00000076     UNINITIALIZED
                  0005f400    00000076     F2837xD_GlobalVariableDefs.obj (MemCfgRegsFile)

Emif1ConfigRegsFile 
*          1    0005f480    0000000a     UNINITIALIZED
                  0005f480    0000000a     F2837xD_GlobalVariableDefs.obj (Emif1ConfigRegsFile)

Emif2ConfigRegsFile 
*          1    0005f4a0    0000000a     UNINITIALIZED
                  0005f4a0    0000000a     F2837xD_GlobalVariableDefs.obj (Emif2ConfigRegsFile)

AccessProtectionRegsFile 
*          1    0005f4c0    0000002e     UNINITIALIZED
                  0005f4c0    0000002e     F2837xD_GlobalVariableDefs.obj (AccessProtectionRegsFile)

MemoryErrorRegsFile 
*          1    0005f500    0000003a     UNINITIALIZED
                  0005f500    0000003a     F2837xD_GlobalVariableDefs.obj (MemoryErrorRegsFile)

Flash0CtrlRegsFile 
*          1    0005f800    00000182     UNINITIALIZED
                  0005f800    00000182     F2837xD_GlobalVariableDefs.obj (Flash0CtrlRegsFile)

Flash0EccRegsFile 
*          1    0005fb00    00000028     UNINITIALIZED
                  0005fb00    00000028     F2837xD_GlobalVariableDefs.obj (Flash0EccRegsFile)

RomPrefetchRegsFile 
*          1    0005e608    00000002     UNINITIALIZED
                  0005e608    00000002     F2837xD_GlobalVariableDefs.obj (RomPrefetchRegsFile)

RomWaitStateRegsFile 
*          1    0005f540    00000002     UNINITIALIZED
                  0005f540    00000002     F2837xD_GlobalVariableDefs.obj (RomWaitStateRegsFile)

UidRegsFile 
*          1    000703c0    00000010     UNINITIALIZED
                  000703c0    00000010     F2837xD_GlobalVariableDefs.obj (UidRegsFile)

.text.1    0    0000a000    0000060d     
                  0000a000    00000010     F2837xD_SysCtrl.obj (.text:_SysXtalOscSel)
                  0000a010    0000000f     sdfm_filter_sync_cla_cpu01.obj (.text:_cla1Isr3)
                  0000a01f    0000000f     sdfm_filter_sync_cla_cpu01.obj (.text:_cla1Isr4)
                  0000a02e    0000000f     sdfm_filter_sync_cla_cpu01.obj (.text:_cla1Isr5)
                  0000a03d    0000000f     sdfm_filter_sync_cla_cpu01.obj (.text:_cla1Isr6)
                  0000a04c    0000000f     sdfm_filter_sync_cla_cpu01.obj (.text:_cla1Isr7)
                  0000a05b    0000000e     F2837xD_SysCtrl.obj (.text:_DisableDog)
                  0000a069    0000000e     F2837xD_SysCtrl.obj (.text:_ServiceDog)
                  0000a077    0000000d     F2837xD_DefaultISR.obj (.text:_EMPTY_ISR)
                  0000a084    0000000a     F2837xD_DefaultISR.obj (.text:_ADCA1_ISR)
                  0000a08e    0000000a     F2837xD_DefaultISR.obj (.text:_ADCA2_ISR)
                  0000a098    0000000a     F2837xD_DefaultISR.obj (.text:_ADCA3_ISR)
                  0000a0a2    0000000a     F2837xD_DefaultISR.obj (.text:_ADCA4_ISR)
                  0000a0ac    0000000a     F2837xD_DefaultISR.obj (.text:_ADCA_EVT_ISR)
                  0000a0b6    0000000a     F2837xD_DefaultISR.obj (.text:_ADCB1_ISR)
                  0000a0c0    0000000a     F2837xD_DefaultISR.obj (.text:_ADCB2_ISR)
                  0000a0ca    0000000a     F2837xD_DefaultISR.obj (.text:_ADCB3_ISR)
                  0000a0d4    0000000a     F2837xD_DefaultISR.obj (.text:_ADCB4_ISR)
                  0000a0de    0000000a     F2837xD_DefaultISR.obj (.text:_ADCB_EVT_ISR)
                  0000a0e8    0000000a     F2837xD_DefaultISR.obj (.text:_ADCC1_ISR)
                  0000a0f2    0000000a     F2837xD_DefaultISR.obj (.text:_ADCC2_ISR)
                  0000a0fc    0000000a     F2837xD_DefaultISR.obj (.text:_ADCC3_ISR)
                  0000a106    0000000a     F2837xD_DefaultISR.obj (.text:_ADCC4_ISR)
                  0000a110    0000000a     F2837xD_DefaultISR.obj (.text:_ADCC_EVT_ISR)
                  0000a11a    0000000a     F2837xD_DefaultISR.obj (.text:_ADCD1_ISR)
                  0000a124    0000000a     F2837xD_DefaultISR.obj (.text:_ADCD2_ISR)
                  0000a12e    0000000a     F2837xD_DefaultISR.obj (.text:_ADCD3_ISR)
                  0000a138    0000000a     F2837xD_DefaultISR.obj (.text:_ADCD4_ISR)
                  0000a142    0000000a     F2837xD_DefaultISR.obj (.text:_ADCD_EVT_ISR)
                  0000a14c    0000000a     F2837xD_DefaultISR.obj (.text:_AUX_PLL_SLIP_ISR)
                  0000a156    0000000a     F2837xD_DefaultISR.obj (.text:_CANA0_ISR)
                  0000a160    0000000a     F2837xD_DefaultISR.obj (.text:_CANA1_ISR)
                  0000a16a    0000000a     F2837xD_DefaultISR.obj (.text:_CANB0_ISR)
                  0000a174    0000000a     F2837xD_DefaultISR.obj (.text:_CANB1_ISR)
                  0000a17e    0000000a     F2837xD_DefaultISR.obj (.text:_CLA1_1_ISR)
                  0000a188    0000000a     F2837xD_DefaultISR.obj (.text:_CLA1_2_ISR)
                  0000a192    0000000a     F2837xD_DefaultISR.obj (.text:_CLA1_3_ISR)
                  0000a19c    0000000a     F2837xD_DefaultISR.obj (.text:_CLA1_4_ISR)
                  0000a1a6    0000000a     F2837xD_DefaultISR.obj (.text:_CLA1_5_ISR)
                  0000a1b0    0000000a     F2837xD_DefaultISR.obj (.text:_CLA1_6_ISR)
                  0000a1ba    0000000a     F2837xD_DefaultISR.obj (.text:_CLA1_7_ISR)
                  0000a1c4    0000000a     F2837xD_DefaultISR.obj (.text:_CLA1_8_ISR)
                  0000a1ce    0000000a     F2837xD_DefaultISR.obj (.text:_CLA_OVERFLOW_ISR)
                  0000a1d8    0000000a     F2837xD_DefaultISR.obj (.text:_CLA_UNDERFLOW_ISR)
                  0000a1e2    0000000a     F2837xD_DefaultISR.obj (.text:_DATALOG_ISR)
                  0000a1ec    0000000a     F2837xD_DefaultISR.obj (.text:_DMA_CH1_ISR)
                  0000a1f6    0000000a     F2837xD_DefaultISR.obj (.text:_DMA_CH2_ISR)
                  0000a200    0000000a     F2837xD_DefaultISR.obj (.text:_DMA_CH3_ISR)
                  0000a20a    0000000a     F2837xD_DefaultISR.obj (.text:_DMA_CH4_ISR)
                  0000a214    0000000a     F2837xD_DefaultISR.obj (.text:_DMA_CH5_ISR)
                  0000a21e    0000000a     F2837xD_DefaultISR.obj (.text:_DMA_CH6_ISR)
                  0000a228    0000000a     F2837xD_DefaultISR.obj (.text:_ECAP1_ISR)
                  0000a232    0000000a     F2837xD_DefaultISR.obj (.text:_ECAP2_ISR)
                  0000a23c    0000000a     F2837xD_DefaultISR.obj (.text:_ECAP3_ISR)
                  0000a246    0000000a     F2837xD_DefaultISR.obj (.text:_ECAP4_ISR)
                  0000a250    0000000a     F2837xD_DefaultISR.obj (.text:_ECAP5_ISR)
                  0000a25a    0000000a     F2837xD_DefaultISR.obj (.text:_ECAP6_ISR)
                  0000a264    0000000a     F2837xD_DefaultISR.obj (.text:_EMIF_ERROR_ISR)
                  0000a26e    0000000a     F2837xD_DefaultISR.obj (.text:_EMU_ISR)
                  0000a278    0000000a     F2837xD_DefaultISR.obj (.text:_EPWM10_ISR)
                  0000a282    0000000a     F2837xD_DefaultISR.obj (.text:_EPWM10_TZ_ISR)
                  0000a28c    0000000a     F2837xD_DefaultISR.obj (.text:_EPWM11_ISR)
                  0000a296    0000000a     F2837xD_DefaultISR.obj (.text:_EPWM11_TZ_ISR)
                  0000a2a0    0000000a     F2837xD_DefaultISR.obj (.text:_EPWM12_ISR)
                  0000a2aa    0000000a     F2837xD_DefaultISR.obj (.text:_EPWM12_TZ_ISR)
                  0000a2b4    0000000a     F2837xD_DefaultISR.obj (.text:_EPWM1_ISR)
                  0000a2be    0000000a     F2837xD_DefaultISR.obj (.text:_EPWM1_TZ_ISR)
                  0000a2c8    0000000a     F2837xD_DefaultISR.obj (.text:_EPWM2_ISR)
                  0000a2d2    0000000a     F2837xD_DefaultISR.obj (.text:_EPWM2_TZ_ISR)
                  0000a2dc    0000000a     F2837xD_DefaultISR.obj (.text:_EPWM3_ISR)
                  0000a2e6    0000000a     F2837xD_DefaultISR.obj (.text:_EPWM3_TZ_ISR)
                  0000a2f0    0000000a     F2837xD_DefaultISR.obj (.text:_EPWM4_ISR)
                  0000a2fa    0000000a     F2837xD_DefaultISR.obj (.text:_EPWM4_TZ_ISR)
                  0000a304    0000000a     F2837xD_DefaultISR.obj (.text:_EPWM5_ISR)
                  0000a30e    0000000a     F2837xD_DefaultISR.obj (.text:_EPWM5_TZ_ISR)
                  0000a318    0000000a     F2837xD_DefaultISR.obj (.text:_EPWM6_ISR)
                  0000a322    0000000a     F2837xD_DefaultISR.obj (.text:_EPWM6_TZ_ISR)
                  0000a32c    0000000a     F2837xD_DefaultISR.obj (.text:_EPWM7_ISR)
                  0000a336    0000000a     F2837xD_DefaultISR.obj (.text:_EPWM7_TZ_ISR)
                  0000a340    0000000a     F2837xD_DefaultISR.obj (.text:_EPWM8_ISR)
                  0000a34a    0000000a     F2837xD_DefaultISR.obj (.text:_EPWM8_TZ_ISR)
                  0000a354    0000000a     F2837xD_DefaultISR.obj (.text:_EPWM9_ISR)
                  0000a35e    0000000a     F2837xD_DefaultISR.obj (.text:_EPWM9_TZ_ISR)
                  0000a368    0000000a     F2837xD_DefaultISR.obj (.text:_EQEP1_ISR)
                  0000a372    0000000a     F2837xD_DefaultISR.obj (.text:_EQEP2_ISR)
                  0000a37c    0000000a     F2837xD_DefaultISR.obj (.text:_EQEP3_ISR)
                  0000a386    0000000a     F2837xD_DefaultISR.obj (.text:_FLASH_CORRECTABLE_ERROR_ISR)
                  0000a390    0000000a     F2837xD_DefaultISR.obj (.text:_FPU_OVERFLOW_ISR)
                  0000a39a    0000000a     F2837xD_DefaultISR.obj (.text:_FPU_UNDERFLOW_ISR)
                  0000a3a4    0000000a     F2837xD_DefaultISR.obj (.text:_I2CA_FIFO_ISR)
                  0000a3ae    0000000a     F2837xD_DefaultISR.obj (.text:_I2CA_ISR)
                  0000a3b8    0000000a     F2837xD_DefaultISR.obj (.text:_I2CB_FIFO_ISR)
                  0000a3c2    0000000a     F2837xD_DefaultISR.obj (.text:_I2CB_ISR)
                  0000a3cc    0000000a     F2837xD_DefaultISR.obj (.text:_ILLEGAL_ISR)
                  0000a3d6    0000000a     F2837xD_DefaultISR.obj (.text:_IPC0_ISR)
                  0000a3e0    0000000a     F2837xD_DefaultISR.obj (.text:_IPC1_ISR)
                  0000a3ea    0000000a     F2837xD_DefaultISR.obj (.text:_IPC2_ISR)
                  0000a3f4    0000000a     F2837xD_DefaultISR.obj (.text:_IPC3_ISR)
                  0000a3fe    0000000a     F2837xD_DefaultISR.obj (.text:_MCBSPA_RX_ISR)
                  0000a408    0000000a     F2837xD_DefaultISR.obj (.text:_MCBSPA_TX_ISR)
                  0000a412    0000000a     F2837xD_DefaultISR.obj (.text:_MCBSPB_RX_ISR)
                  0000a41c    0000000a     F2837xD_DefaultISR.obj (.text:_MCBSPB_TX_ISR)
                  0000a426    0000000a     F2837xD_DefaultISR.obj (.text:_NMI_ISR)
                  0000a430    0000000a     F2837xD_DefaultISR.obj (.text:_NOTUSED_ISR)
                  0000a43a    0000000a     F2837xD_DefaultISR.obj (.text:_PIE_RESERVED_ISR)
                  0000a444    0000000a     F2837xD_DefaultISR.obj (.text:_RAM_ACCESS_VIOLATION_ISR)
                  0000a44e    0000000a     F2837xD_DefaultISR.obj (.text:_RAM_CORRECTABLE_ERROR_ISR)
                  0000a458    0000000a     F2837xD_DefaultISR.obj (.text:_RTOS_ISR)
                  0000a462    0000000a     F2837xD_DefaultISR.obj (.text:_SCIA_RX_ISR)
                  0000a46c    0000000a     F2837xD_DefaultISR.obj (.text:_SCIA_TX_ISR)
                  0000a476    0000000a     F2837xD_DefaultISR.obj (.text:_SCIB_RX_ISR)
                  0000a480    0000000a     F2837xD_DefaultISR.obj (.text:_SCIB_TX_ISR)
                  0000a48a    0000000a     F2837xD_DefaultISR.obj (.text:_SCIC_RX_ISR)
                  0000a494    0000000a     F2837xD_DefaultISR.obj (.text:_SCIC_TX_ISR)
                  0000a49e    0000000a     F2837xD_DefaultISR.obj (.text:_SCID_RX_ISR)
                  0000a4a8    0000000a     F2837xD_DefaultISR.obj (.text:_SCID_TX_ISR)
                  0000a4b2    0000000a     F2837xD_DefaultISR.obj (.text:_SD1_ISR)
                  0000a4bc    0000000a     F2837xD_DefaultISR.obj (.text:_SD2_ISR)
                  0000a4c6    0000000a     F2837xD_DefaultISR.obj (.text:_SPIA_RX_ISR)
                  0000a4d0    0000000a     F2837xD_DefaultISR.obj (.text:_SPIA_TX_ISR)
                  0000a4da    0000000a     F2837xD_DefaultISR.obj (.text:_SPIB_RX_ISR)
                  0000a4e4    0000000a     F2837xD_DefaultISR.obj (.text:_SPIB_TX_ISR)
                  0000a4ee    0000000a     F2837xD_DefaultISR.obj (.text:_SPIC_RX_ISR)
                  0000a4f8    0000000a     F2837xD_DefaultISR.obj (.text:_SPIC_TX_ISR)
                  0000a502    0000000a     F2837xD_DefaultISR.obj (.text:_SYS_PLL_SLIP_ISR)
                  0000a50c    0000000a     F2837xD_DefaultISR.obj (.text:_TIMER0_ISR)
                  0000a516    0000000a     F2837xD_DefaultISR.obj (.text:_TIMER1_ISR)
                  0000a520    0000000a     F2837xD_DefaultISR.obj (.text:_TIMER2_ISR)
                  0000a52a    0000000a     F2837xD_DefaultISR.obj (.text:_UPPA_ISR)
                  0000a534    0000000a     F2837xD_DefaultISR.obj (.text:_USBA_ISR)
                  0000a53e    0000000a     F2837xD_DefaultISR.obj (.text:_USER10_ISR)
                  0000a548    0000000a     F2837xD_DefaultISR.obj (.text:_USER11_ISR)
                  0000a552    0000000a     F2837xD_DefaultISR.obj (.text:_USER12_ISR)
                  0000a55c    0000000a     F2837xD_DefaultISR.obj (.text:_USER1_ISR)
                  0000a566    0000000a     F2837xD_DefaultISR.obj (.text:_USER2_ISR)
                  0000a570    0000000a     F2837xD_DefaultISR.obj (.text:_USER3_ISR)
                  0000a57a    0000000a     F2837xD_DefaultISR.obj (.text:_USER4_ISR)
                  0000a584    0000000a     F2837xD_DefaultISR.obj (.text:_USER5_ISR)
                  0000a58e    0000000a     F2837xD_DefaultISR.obj (.text:_USER6_ISR)
                  0000a598    0000000a     F2837xD_DefaultISR.obj (.text:_USER7_ISR)
                  0000a5a2    0000000a     F2837xD_DefaultISR.obj (.text:_USER8_ISR)
                  0000a5ac    0000000a     F2837xD_DefaultISR.obj (.text:_USER9_ISR)
                  0000a5b6    0000000a     F2837xD_DefaultISR.obj (.text:_VCU_ISR)
                  0000a5c0    0000000a     F2837xD_DefaultISR.obj (.text:_WAKE_ISR)
                  0000a5ca    0000000a     F2837xD_DefaultISR.obj (.text:_XINT1_ISR)
                  0000a5d4    0000000a     F2837xD_DefaultISR.obj (.text:_XINT2_ISR)
                  0000a5de    0000000a     F2837xD_DefaultISR.obj (.text:_XINT3_ISR)
                  0000a5e8    0000000a     F2837xD_DefaultISR.obj (.text:_XINT4_ISR)
                  0000a5f2    0000000a     F2837xD_DefaultISR.obj (.text:_XINT5_ISR)
                  0000a5fc    00000009     rts2800_fpu32.lib : _lock.c.obj (.text)
                  0000a605    00000008     F2837xD_CodeStartBranch.obj (.text)

.text.2    0    0000b000    000007fe     
                  0000b000    0000034a     sdfm_filter_sync_cla_cpu01.obj (.text:_main)
                  0000b34a    00000267     F2837xD_sdfm_drivers.obj (.text:_Sdfm_configureData_filter)
                  0000b5b1    000001f4     F2837xD_sdfm_drivers.obj (.text:_Sdfm_configureComparator)
                  0000b7a5    00000056     rts2800_fpu32.lib : boot28.asm.obj (.text)
                  0000b7fb    00000002                       : pre_init.c.obj (.text)
                  0000b7fd    00000001                       : startup.c.obj (.text)

.text.3    0    0000b800    000007fe     
                  0000b800    000001ef     F2837xD_SysCtrl.obj (.text:_InitSysPll)
                  0000b9ef    000001c2     F2837xD_sdfm_drivers.obj (.text:_Sdfm_configureInterrupt)
                  0000bbb1    00000088     rts2800_fpu32.lib : fs_div28.asm.obj (.text)
                  0000bc39    00000084     F2837xD_SysCtrl.obj (.text:_InitPeripheralClocks)
                  0000bcbd    0000007f     F2837xD_sdfm_drivers.obj (.text:_Sdfm_configureInputCtrl)
                  0000bd3c    00000073     F2837xD_sdfm_drivers.obj (.text:_Sdfm_configureExternalreset)
                  0000bdaf    00000037     sdfm_filter_sync_cla_cpu01.obj (.text:_CLA_initCpu1Cla)
                  0000bde6    00000035     sdfm_filter_sync_cla_cpu01.obj (.text:_Cla_initMemoryMap)
                  0000be1b    00000029     rts2800_fpu32.lib : exit.c.obj (.text)
                  0000be44    00000026     F2837xD_PieVect.obj (.text:_InitPieVectTable)
                  0000be6a    00000025     F2837xD_Gpio.obj (.text:_GPIO_EnableUnbondedIOPullupsFor100Pin)
                  0000be8f    00000024     rts2800_fpu32.lib : cpy_tbl.c.obj (.text)
                  0000beb3    00000020     F2837xD_SysCtrl.obj (.text:_InitSysCtrl)
                  0000bed3    0000001f     F2837xD_PieCtrl.obj (.text:_InitPieCtrl)
                  0000bef2    0000001d     F2837xD_SysCtrl.obj (.text:_ConfigureTMXAnalogTrim)
                  0000bf0f    0000001d     rts2800_fpu32.lib : memcpy.c.obj (.text)
                  0000bf2c    00000019     F2837xD_Gpio.obj (.text:_GPIO_EnableUnbondedIOPullupsFor176Pin)
                  0000bf45    00000018     rts2800_fpu32.lib : ll_aox28.asm.obj (.text)
                  0000bf5d    00000016     F2837xD_Gpio.obj (.text:_GPIO_EnableUnbondedIOPullups)
                  0000bf73    00000014     F2837xD_SysCtrl.obj (.text:_SysIntOsc2Sel)
                  0000bf87    00000012     rts2800_fpu32.lib : args_main.c.obj (.text)
                  0000bf99    00000011     F2837xD_sdfm_drivers.obj (.text:_Sdfm_enableMFE)
                  0000bfaa    00000011     F2837xD_sdfm_drivers.obj (.text:_Sdfm_enableMIE)
                  0000bfbb    00000011     sdfm_filter_sync_cla_cpu01.obj (.text:_cla1Isr1)
                  0000bfcc    00000011     sdfm_filter_sync_cla_cpu01.obj (.text:_cla1Isr2)
                  0000bfdd    00000011     sdfm_filter_sync_cla_cpu01.obj (.text:_cla1Isr8)
                  0000bfee    00000010     F2837xD_SysCtrl.obj (.text:_SysIntOsc1Sel)

MODULE SUMMARY

       Module                           code   initialized data   uninitialized data
       ------                           ----   ----------------   ------------------
    .\
       F2837xD_GlobalVariableDefs.obj   0      0                  9870              
       sdfm_filter_sync.obj             180    4096               5                 
       F2837xD_sdfm_drivers.obj         1841   0                  0                 
       F2837xD_DefaultISR.obj           1413   0                  0                 
       sdfm_filter_sync_cla_cpu01.obj   1076   0                  1                 
       F2837xD_SysCtrl.obj              768    0                  0                 
       F2837xD_PieVect.obj              38     448                0                 
       F2837xD_struct.obj               0      144                114               
       F2837xD_Gpio.obj                 84     0                  0                 
       F2837xD_PieCtrl.obj              31     0                  0                 
       F2837xD_CodeStartBranch.obj      10     0                  0                 
       F2837xD_usDelay.obj              4      0                  0                 
    +--+--------------------------------+------+------------------+--------------------+
       Total:                           5445   4688               9990              
                                                                                    
    C:/ti/ccs1250/ccs/tools/compiler/ti-cgt-c2000_22.6.1.LTS/lib/rts2800_fpu32.lib
       fs_div28.asm.obj                 136    0                  0                 
       boot28.asm.obj                   86     0                  0                 
       exit.c.obj                       41     14                 6                 
       cpy_tbl.c.obj                    36     0                  0                 
       memcpy.c.obj                     29     0                  0                 
       ll_aox28.asm.obj                 24     0                  0                 
       _lock.c.obj                      9      10                 4                 
       args_main.c.obj                  18     0                  0                 
       pre_init.c.obj                   2      0                  0                 
       startup.c.obj                    1      0                  0                 
    +--+--------------------------------+------+------------------+--------------------+
       Total:                           382    24                 10                
                                                                                    
       Stack:                           0      0                  256               
    +--+--------------------------------+------+------------------+--------------------+
       Grand Total:                     5827   4712               10256             


GLOBAL DATA SYMBOLS: SORTED BY DATA PAGE

address     data page           name
--------    ----------------    ----
00000400      10 (00000400)     __stack

00000b00      2c (00000b00)     _AdcaResultRegs
00000b20      2c (00000b00)     _AdcbResultRegs

00000b40      2d (00000b40)     _AdccResultRegs
00000b60      2d (00000b40)     _AdcdResultRegs

00000c00      30 (00000c00)     _CpuTimer0Regs
00000c08      30 (00000c00)     _CpuTimer1Regs
00000c10      30 (00000c00)     _CpuTimer2Regs

00000ce0      33 (00000cc0)     _PieCtrlRegs

00000d00      34 (00000d00)     _PieVectTable

00001000      40 (00001000)     _DmaRegs

00001400      50 (00001400)     _Cla1Regs

00001480      52 (00001480)     _ledControlFlag

00003000      c0 (00003000)     _Clb1LogicCfgRegs

00003100      c4 (00003100)     _Clb1LogicCtrlRegs

00003200      c8 (00003200)     _Clb1DataExchRegs

00003400      d0 (00003400)     _Clb2LogicCfgRegs

00003500      d4 (00003500)     _Clb2LogicCtrlRegs

00003600      d8 (00003600)     _Clb2DataExchRegs

00003800      e0 (00003800)     _Clb3LogicCfgRegs

00003900      e4 (00003900)     _Clb3LogicCtrlRegs

00003a00      e8 (00003a00)     _Clb3DataExchRegs

00003c00      f0 (00003c00)     _Clb4LogicCfgRegs

00003d00      f4 (00003d00)     _Clb4LogicCtrlRegs

00003e00      f8 (00003e00)     _Clb4DataExchRegs

00004000     100 (00004000)     _EPwm1Regs

00004100     104 (00004100)     _EPwm2Regs

00004200     108 (00004200)     _EPwm3Regs

00004300     10c (00004300)     _EPwm4Regs

00004400     110 (00004400)     _EPwm5Regs

00004500     114 (00004500)     _EPwm6Regs

00004600     118 (00004600)     _EPwm7Regs

00004700     11c (00004700)     _EPwm8Regs

00004800     120 (00004800)     _EPwm9Regs

00004900     124 (00004900)     _EPwm10Regs

00004a00     128 (00004a00)     _EPwm11Regs

00004b00     12c (00004b00)     _EPwm12Regs

00005000     140 (00005000)     _ECap1Regs
00005020     140 (00005000)     _ECap2Regs

00005040     141 (00005040)     _ECap3Regs
00005060     141 (00005040)     _ECap4Regs

00005080     142 (00005080)     _ECap5Regs
000050a0     142 (00005080)     _ECap6Regs

00005100     144 (00005100)     _EQep1Regs

00005140     145 (00005140)     _EQep2Regs

00005180     146 (00005180)     _EQep3Regs

00005c00     170 (00005c00)     _DacaRegs
00005c10     170 (00005c00)     _DacbRegs
00005c20     170 (00005c00)     _DaccRegs

00005c80     172 (00005c80)     _Cmpss1Regs
00005ca0     172 (00005c80)     _Cmpss2Regs

00005cc0     173 (00005cc0)     _Cmpss3Regs
00005ce0     173 (00005cc0)     _Cmpss4Regs

00005d00     174 (00005d00)     _Cmpss5Regs
00005d20     174 (00005d00)     _Cmpss6Regs

00005d40     175 (00005d40)     _Cmpss7Regs
00005d60     175 (00005d40)     _Cmpss8Regs

00005e00     178 (00005e00)     _Sdfm1Regs

00005e80     17a (00005e80)     _Sdfm2Regs

00006000     180 (00006000)     _McbspaRegs

00006040     181 (00006040)     _McbspbRegs

00006100     184 (00006100)     _SpiaRegs
00006110     184 (00006100)     _SpibRegs
00006120     184 (00006100)     _SpicRegs

00006200     188 (00006200)     _UppRegs

00007000     1c0 (00007000)     _WdRegs

00007060     1c1 (00007040)     _NmiIntruptRegs
00007070     1c1 (00007040)     _XintRegs

00007200     1c8 (00007200)     _SciaRegs
00007210     1c8 (00007200)     _ScibRegs
00007220     1c8 (00007200)     _ScicRegs
00007230     1c8 (00007200)     _ScidRegs

00007300     1cc (00007300)     _I2caRegs

00007340     1cd (00007340)     _I2cbRegs

00007400     1d0 (00007400)     _AdcaRegs

00007480     1d2 (00007480)     _AdcbRegs

00007500     1d4 (00007500)     _AdccRegs

00007580     1d6 (00007580)     _AdcdRegs

00007900     1e4 (00007900)     _InputXbarRegs
00007920     1e4 (00007900)     _XbarRegs

00007940     1e5 (00007940)     _SyncSocRegs

00007980     1e6 (00007980)     _DmaClaSrcSelRegs

00007a00     1e8 (00007a00)     _EPwmXbarRegs

00007a40     1e9 (00007a40)     _ClbXbarRegs

00007a80     1ea (00007a80)     _OutputXbarRegs

00007c00     1f0 (00007c00)     _GpioCtrlRegs

00007f00     1fc (00007f00)     _GpioDataRegs

00008900     224 (00008900)     _loopCounter1
00008901     224 (00008900)     _loopCounter2
00008902     224 (00008900)     _TaskCpu1Cla1
00008903     224 (00008900)     _TaskCpu1Cla1_task2

00009000     240 (00009000)     _Filter1_Result

00009400     250 (00009400)     _Filter2_Result

00009800     260 (00009800)     _Filter3_Result

00009c00     270 (00009c00)     _Filter4_Result

0000e000     380 (0000e000)     _TRIP_SEL
0000e01e     380 (0000e000)     _EPWM
0000e038     380 (0000e000)     _EQEP

0000e040     381 (0000e040)     _ECAP
0000e04e     381 (0000e040)     _ADC
0000e058     381 (0000e040)     _SPI
0000e060     381 (0000e040)     _SDFM
0000e066     381 (0000e040)     ___TI_enable_exit_profile_output
0000e068     381 (0000e040)     ___TI_cleanup_ptr
0000e06a     381 (0000e040)     ___TI_dtors_ptr
0000e06c     381 (0000e040)     _I2C
0000e070     381 (0000e040)     _MCBSP
0000e074     381 (0000e040)     _SCI
0000e078     381 (0000e040)     __lock
0000e07a     381 (0000e040)     __unlock
0000e07c     381 (0000e040)     _gPeripheralNumber

0000f000     3c0 (0000f000)     _PieVectTableInit

00047000    11c0 (00047000)     _Emif1Regs

00047800    11e0 (00047800)     _Emif2Regs

00048000    1200 (00048000)     _CanaRegs

0004a000    1280 (0004a000)     _CanbRegs

00050000    1400 (00050000)     _IpcRegs
00050024    1400 (00050000)     _FlashPumpSemaphoreRegs

0005d000    1740 (0005d000)     _DevCfgRegs

0005d180    1746 (0005d180)     _AnalogSubsysRegs

0005d200    1748 (0005d200)     _ClkCfgRegs

0005d300    174c (0005d300)     _CpuSysRegs

0005e608    1798 (0005e600)     _RomPrefetchRegs

0005f000    17c0 (0005f000)     _DcsmZ1Regs

0005f040    17c1 (0005f040)     _DcsmZ2Regs
0005f070    17c1 (0005f040)     _DcsmCommonRegs

0005f400    17d0 (0005f400)     _MemCfgRegs

0005f480    17d2 (0005f480)     _Emif1ConfigRegs
0005f4a0    17d2 (0005f480)     _Emif2ConfigRegs

0005f4c0    17d3 (0005f4c0)     _AccessProtectionRegs

0005f500    17d4 (0005f500)     _MemoryErrorRegs

0005f540    17d5 (0005f540)     _RomWaitStateRegs

0005f800    17e0 (0005f800)     _Flash0CtrlRegs

0005fb00    17ec (0005fb00)     _Flash0EccRegs

000703c0    1c0f (000703c0)     _UidRegs


GLOBAL SYMBOLS: SORTED ALPHABETICALLY BY Name 

page  address   name                                  
----  -------   ----                                  
abs   ffffffff  .text                                 
0     0000be1b  C$$EXIT                               
abs   00000100  CLA_SCRATCHPAD_SIZE                   
0     0000bbb1  FS$$DIV                               
0     0000bf45  LL$$AND                               
0     0000bf4d  LL$$OR                                
0     0000bf55  LL$$XOR                               
1     0000e04e  _ADC                                  
0     0000a084  _ADCA1_ISR                            
0     0000a08e  _ADCA2_ISR                            
0     0000a098  _ADCA3_ISR                            
0     0000a0a2  _ADCA4_ISR                            
0     0000a0ac  _ADCA_EVT_ISR                         
0     0000a0b6  _ADCB1_ISR                            
0     0000a0c0  _ADCB2_ISR                            
0     0000a0ca  _ADCB3_ISR                            
0     0000a0d4  _ADCB4_ISR                            
0     0000a0de  _ADCB_EVT_ISR                         
0     0000a0e8  _ADCC1_ISR                            
0     0000a0f2  _ADCC2_ISR                            
0     0000a0fc  _ADCC3_ISR                            
0     0000a106  _ADCC4_ISR                            
0     0000a110  _ADCC_EVT_ISR                         
0     0000a11a  _ADCD1_ISR                            
0     0000a124  _ADCD2_ISR                            
0     0000a12e  _ADCD3_ISR                            
0     0000a138  _ADCD4_ISR                            
0     0000a142  _ADCD_EVT_ISR                         
0     0000a14c  _AUX_PLL_SLIP_ISR                     
1     0005f4c0  _AccessProtectionRegs                 
1     00007400  _AdcaRegs                             
1     00000b00  _AdcaResultRegs                       
1     00007480  _AdcbRegs                             
1     00000b20  _AdcbResultRegs                       
1     00007500  _AdccRegs                             
1     00000b40  _AdccResultRegs                       
1     00007580  _AdcdRegs                             
1     00000b60  _AdcdResultRegs                       
1     0005d180  _AnalogSubsysRegs                     
0     0000a156  _CANA0_ISR                            
0     0000a160  _CANA1_ISR                            
0     0000a16a  _CANB0_ISR                            
0     0000a174  _CANB1_ISR                            
0     0000a17e  _CLA1_1_ISR                           
0     0000a188  _CLA1_2_ISR                           
0     0000a192  _CLA1_3_ISR                           
0     0000a19c  _CLA1_4_ISR                           
0     0000a1a6  _CLA1_5_ISR                           
0     0000a1b0  _CLA1_6_ISR                           
0     0000a1ba  _CLA1_7_ISR                           
0     0000a1c4  _CLA1_8_ISR                           
0     0000a1ce  _CLA_OVERFLOW_ISR                     
0     0000a1d8  _CLA_UNDERFLOW_ISR                    
0     0000bdaf  _CLA_initCpu1Cla                      
1     00048000  _CanaRegs                             
1     0004a000  _CanbRegs                             
1     00001400  _Cla1Regs                             
0     0000a800  _Cla1Task1                            
0     0000a8a4  _Cla1Task2                            
0     0000a88c  _Cla1Task8                            
0     0000bde6  _Cla_initMemoryMap                    
1     00003200  _Clb1DataExchRegs                     
1     00003000  _Clb1LogicCfgRegs                     
1     00003100  _Clb1LogicCtrlRegs                    
1     00003600  _Clb2DataExchRegs                     
1     00003400  _Clb2LogicCfgRegs                     
1     00003500  _Clb2LogicCtrlRegs                    
1     00003a00  _Clb3DataExchRegs                     
1     00003800  _Clb3LogicCfgRegs                     
1     00003900  _Clb3LogicCtrlRegs                    
1     00003e00  _Clb4DataExchRegs                     
1     00003c00  _Clb4LogicCfgRegs                     
1     00003d00  _Clb4LogicCtrlRegs                    
1     00007a40  _ClbXbarRegs                          
1     0005d200  _ClkCfgRegs                           
1     00005c80  _Cmpss1Regs                           
1     00005ca0  _Cmpss2Regs                           
1     00005cc0  _Cmpss3Regs                           
1     00005ce0  _Cmpss4Regs                           
1     00005d00  _Cmpss5Regs                           
1     00005d20  _Cmpss6Regs                           
1     00005d40  _Cmpss7Regs                           
1     00005d60  _Cmpss8Regs                           
0     0000bef2  _ConfigureTMXAnalogTrim               
1     0005d300  _CpuSysRegs                           
1     00000c00  _CpuTimer0Regs                        
1     00000c08  _CpuTimer1Regs                        
1     00000c10  _CpuTimer2Regs                        
0     0000a1e2  _DATALOG_ISR                          
0     0000a1ec  _DMA_CH1_ISR                          
0     0000a1f6  _DMA_CH2_ISR                          
0     0000a200  _DMA_CH3_ISR                          
0     0000a20a  _DMA_CH4_ISR                          
0     0000a214  _DMA_CH5_ISR                          
0     0000a21e  _DMA_CH6_ISR                          
1     00005c00  _DacaRegs                             
1     00005c10  _DacbRegs                             
1     00005c20  _DaccRegs                             
1     0005f070  _DcsmCommonRegs                       
1     0005f000  _DcsmZ1Regs                           
1     0005f040  _DcsmZ2Regs                           
1     0005d000  _DevCfgRegs                           
0     0000a05b  _DisableDog                           
1     00007980  _DmaClaSrcSelRegs                     
1     00001000  _DmaRegs                              
1     0000e040  _ECAP                                 
0     0000a228  _ECAP1_ISR                            
0     0000a232  _ECAP2_ISR                            
0     0000a23c  _ECAP3_ISR                            
0     0000a246  _ECAP4_ISR                            
0     0000a250  _ECAP5_ISR                            
0     0000a25a  _ECAP6_ISR                            
1     00005000  _ECap1Regs                            
1     00005020  _ECap2Regs                            
1     00005040  _ECap3Regs                            
1     00005060  _ECap4Regs                            
1     00005080  _ECap5Regs                            
1     000050a0  _ECap6Regs                            
0     0000a264  _EMIF_ERROR_ISR                       
0     0000a077  _EMPTY_ISR                            
0     0000a26e  _EMU_ISR                              
1     0000e01e  _EPWM                                 
0     0000a278  _EPWM10_ISR                           
0     0000a282  _EPWM10_TZ_ISR                        
0     0000a28c  _EPWM11_ISR                           
0     0000a296  _EPWM11_TZ_ISR                        
0     0000a2a0  _EPWM12_ISR                           
0     0000a2aa  _EPWM12_TZ_ISR                        
0     0000a2b4  _EPWM1_ISR                            
0     0000a2be  _EPWM1_TZ_ISR                         
0     0000a2c8  _EPWM2_ISR                            
0     0000a2d2  _EPWM2_TZ_ISR                         
0     0000a2dc  _EPWM3_ISR                            
0     0000a2e6  _EPWM3_TZ_ISR                         
0     0000a2f0  _EPWM4_ISR                            
0     0000a2fa  _EPWM4_TZ_ISR                         
0     0000a304  _EPWM5_ISR                            
0     0000a30e  _EPWM5_TZ_ISR                         
0     0000a318  _EPWM6_ISR                            
0     0000a322  _EPWM6_TZ_ISR                         
0     0000a32c  _EPWM7_ISR                            
0     0000a336  _EPWM7_TZ_ISR                         
0     0000a340  _EPWM8_ISR                            
0     0000a34a  _EPWM8_TZ_ISR                         
0     0000a354  _EPWM9_ISR                            
0     0000a35e  _EPWM9_TZ_ISR                         
1     00004900  _EPwm10Regs                           
1     00004a00  _EPwm11Regs                           
1     00004b00  _EPwm12Regs                           
1     00004000  _EPwm1Regs                            
1     00004100  _EPwm2Regs                            
1     00004200  _EPwm3Regs                            
1     00004300  _EPwm4Regs                            
1     00004400  _EPwm5Regs                            
1     00004500  _EPwm6Regs                            
1     00004600  _EPwm7Regs                            
1     00004700  _EPwm8Regs                            
1     00004800  _EPwm9Regs                            
1     00007a00  _EPwmXbarRegs                         
1     0000e038  _EQEP                                 
0     0000a368  _EQEP1_ISR                            
0     0000a372  _EQEP2_ISR                            
0     0000a37c  _EQEP3_ISR                            
1     00005100  _EQep1Regs                            
1     00005140  _EQep2Regs                            
1     00005180  _EQep3Regs                            
1     0005f480  _Emif1ConfigRegs                      
1     00047000  _Emif1Regs                            
1     0005f4a0  _Emif2ConfigRegs                      
1     00047800  _Emif2Regs                            
0     000001cc  _F28x_usDelay                         
0     0000a386  _FLASH_CORRECTABLE_ERROR_ISR          
0     0000a390  _FPU_OVERFLOW_ISR                     
0     0000a39a  _FPU_UNDERFLOW_ISR                    
1     00009000  _Filter1_Result                       
1     00009400  _Filter2_Result                       
1     00009800  _Filter3_Result                       
1     00009c00  _Filter4_Result                       
1     0005f800  _Flash0CtrlRegs                       
1     0005fb00  _Flash0EccRegs                        
1     00050024  _FlashPumpSemaphoreRegs               
0     0000bf5d  _GPIO_EnableUnbondedIOPullups         
0     0000be6a  _GPIO_EnableUnbondedIOPullupsFor100Pin
0     0000bf2c  _GPIO_EnableUnbondedIOPullupsFor176Pin
1     00007c00  _GpioCtrlRegs                         
1     00007f00  _GpioDataRegs                         
1     0000e06c  _I2C                                  
0     0000a3a4  _I2CA_FIFO_ISR                        
0     0000a3ae  _I2CA_ISR                             
0     0000a3b8  _I2CB_FIFO_ISR                        
0     0000a3c2  _I2CB_ISR                             
1     00007300  _I2caRegs                             
1     00007340  _I2cbRegs                             
0     0000a3cc  _ILLEGAL_ISR                          
0     0000a3d6  _IPC0_ISR                             
0     0000a3e0  _IPC1_ISR                             
0     0000a3ea  _IPC2_ISR                             
0     0000a3f4  _IPC3_ISR                             
0     0000bc39  _InitPeripheralClocks                 
0     0000bed3  _InitPieCtrl                          
0     0000be44  _InitPieVectTable                     
0     0000beb3  _InitSysCtrl                          
0     0000b800  _InitSysPll                           
1     00007900  _InputXbarRegs                        
1     00050000  _IpcRegs                              
1     0000e070  _MCBSP                                
0     0000a3fe  _MCBSPA_RX_ISR                        
0     0000a408  _MCBSPA_TX_ISR                        
0     0000a412  _MCBSPB_RX_ISR                        
0     0000a41c  _MCBSPB_TX_ISR                        
1     00006000  _McbspaRegs                           
1     00006040  _McbspbRegs                           
1     0005f400  _MemCfgRegs                           
1     0005f500  _MemoryErrorRegs                      
0     0000a426  _NMI_ISR                              
0     0000a430  _NOTUSED_ISR                          
1     00007060  _NmiIntruptRegs                       
1     00007a80  _OutputXbarRegs                       
0     0000a43a  _PIE_RESERVED_ISR                     
1     00000ce0  _PieCtrlRegs                          
1     00000d00  _PieVectTable                         
1     0000f000  _PieVectTableInit                     
0     0000a444  _RAM_ACCESS_VIOLATION_ISR             
0     0000a44e  _RAM_CORRECTABLE_ERROR_ISR            
0     0000a458  _RTOS_ISR                             
1     0005e608  _RomPrefetchRegs                      
1     0005f540  _RomWaitStateRegs                     
1     0000e074  _SCI                                  
0     0000a462  _SCIA_RX_ISR                          
0     0000a46c  _SCIA_TX_ISR                          
0     0000a476  _SCIB_RX_ISR                          
0     0000a480  _SCIB_TX_ISR                          
0     0000a48a  _SCIC_RX_ISR                          
0     0000a494  _SCIC_TX_ISR                          
0     0000a49e  _SCID_RX_ISR                          
0     0000a4a8  _SCID_TX_ISR                          
0     0000a4b2  _SD1_ISR                              
0     0000a4bc  _SD2_ISR                              
1     0000e060  _SDFM                                 
1     0000e058  _SPI                                  
0     0000a4c6  _SPIA_RX_ISR                          
0     0000a4d0  _SPIA_TX_ISR                          
0     0000a4da  _SPIB_RX_ISR                          
0     0000a4e4  _SPIB_TX_ISR                          
0     0000a4ee  _SPIC_RX_ISR                          
0     0000a4f8  _SPIC_TX_ISR                          
0     0000a502  _SYS_PLL_SLIP_ISR                     
1     00007200  _SciaRegs                             
1     00007210  _ScibRegs                             
1     00007220  _ScicRegs                             
1     00007230  _ScidRegs                             
1     00005e00  _Sdfm1Regs                            
1     00005e80  _Sdfm2Regs                            
0     0000b5b1  _Sdfm_configureComparator             
0     0000b34a  _Sdfm_configureData_filter            
0     0000bd3c  _Sdfm_configureExternalreset          
0     0000bcbd  _Sdfm_configureInputCtrl              
0     0000b9ef  _Sdfm_configureInterrupt              
0     0000bf99  _Sdfm_enableMFE                       
0     0000bfaa  _Sdfm_enableMIE                       
0     0000a069  _ServiceDog                           
1     00006100  _SpiaRegs                             
1     00006110  _SpibRegs                             
1     00006120  _SpicRegs                             
1     00007940  _SyncSocRegs                          
0     0000bfee  _SysIntOsc1Sel                        
0     0000bf73  _SysIntOsc2Sel                        
0     0000a000  _SysXtalOscSel                        
0     0000a50c  _TIMER0_ISR                           
0     0000a516  _TIMER1_ISR                           
0     0000a520  _TIMER2_ISR                           
1     0000e000  _TRIP_SEL                             
1     00008902  _TaskCpu1Cla1                         
1     00008903  _TaskCpu1Cla1_task2                   
0     0000a52a  _UPPA_ISR                             
0     0000a534  _USBA_ISR                             
0     0000a53e  _USER10_ISR                           
0     0000a548  _USER11_ISR                           
0     0000a552  _USER12_ISR                           
0     0000a55c  _USER1_ISR                            
0     0000a566  _USER2_ISR                            
0     0000a570  _USER3_ISR                            
0     0000a57a  _USER4_ISR                            
0     0000a584  _USER5_ISR                            
0     0000a58e  _USER6_ISR                            
0     0000a598  _USER7_ISR                            
0     0000a5a2  _USER8_ISR                            
0     0000a5ac  _USER9_ISR                            
1     000703c0  _UidRegs                              
1     00006200  _UppRegs                              
0     0000a5b6  _VCU_ISR                              
0     0000a5c0  _WAKE_ISR                             
1     00007000  _WdRegs                               
0     0000a5ca  _XINT1_ISR                            
0     0000a5d4  _XINT2_ISR                            
0     0000a5de  _XINT3_ISR                            
0     0000a5e8  _XINT4_ISR                            
0     0000a5f2  _XINT5_ISR                            
1     00007920  _XbarRegs                             
1     00007070  _XintRegs                             
1     00000500  __STACK_END                           
abs   00000100  __STACK_SIZE                          
1     0000e068  ___TI_cleanup_ptr                     
1     0000e06a  ___TI_dtors_ptr                       
1     0000e066  ___TI_enable_exit_profile_output      
abs   ffffffff  ___TI_pprof_out_hndl                  
abs   ffffffff  ___TI_prof_data_size                  
abs   ffffffff  ___TI_prof_data_start                 
abs   ffffffff  ___binit__                            
abs   ffffffff  ___c_args__                           
0     00000122  ___cinit__                            
abs   ffffffff  ___etext__                            
abs   ffffffff  ___pinit__                            
abs   ffffffff  ___text__                             
0     0000bf87  __args_main                           
1     0000e078  __lock                                
0     0000a604  __nop                                 
0     0000a600  __register_lock                       
0     0000a5fc  __register_unlock                     
1     00000400  __stack                               
0     0000b7fd  __system_post_cinit                   
0     0000b7fb  __system_pre_init                     
1     0000e07a  __unlock                              
0     0000be1b  _abort                                
0     0000b7a5  _c_int00                              
0     0000bfbb  _cla1Isr1                             
0     0000bfcc  _cla1Isr2                             
0     0000a010  _cla1Isr3                             
0     0000a01f  _cla1Isr4                             
0     0000a02e  _cla1Isr5                             
0     0000a03d  _cla1Isr6                             
0     0000a04c  _cla1Isr7                             
0     0000bfdd  _cla1Isr8                             
0     0000be8f  _copy_in                              
0     0000be1d  _exit                                 
1     0000e07c  _gPeripheralNumber                    
1     00001480  _ledControlFlag                       
1     00008900  _loopCounter1                         
1     00008901  _loopCounter2                         
0     0000b000  _main                                 
0     0000bf0f  _memcpy                               
abs   ffffffff  binit                                 
0     00000122  cinit                                 
0     00000000  code_start                            
abs   ffffffff  etext                                 
abs   ffffffff  pinit                                 


GLOBAL SYMBOLS: SORTED BY Symbol Address 

page  address   name                                  
----  -------   ----                                  
0     00000000  code_start                            
0     00000122  ___cinit__                            
0     00000122  cinit                                 
0     000001cc  _F28x_usDelay                         
0     0000a000  _SysXtalOscSel                        
0     0000a010  _cla1Isr3                             
0     0000a01f  _cla1Isr4                             
0     0000a02e  _cla1Isr5                             
0     0000a03d  _cla1Isr6                             
0     0000a04c  _cla1Isr7                             
0     0000a05b  _DisableDog                           
0     0000a069  _ServiceDog                           
0     0000a077  _EMPTY_ISR                            
0     0000a084  _ADCA1_ISR                            
0     0000a08e  _ADCA2_ISR                            
0     0000a098  _ADCA3_ISR                            
0     0000a0a2  _ADCA4_ISR                            
0     0000a0ac  _ADCA_EVT_ISR                         
0     0000a0b6  _ADCB1_ISR                            
0     0000a0c0  _ADCB2_ISR                            
0     0000a0ca  _ADCB3_ISR                            
0     0000a0d4  _ADCB4_ISR                            
0     0000a0de  _ADCB_EVT_ISR                         
0     0000a0e8  _ADCC1_ISR                            
0     0000a0f2  _ADCC2_ISR                            
0     0000a0fc  _ADCC3_ISR                            
0     0000a106  _ADCC4_ISR                            
0     0000a110  _ADCC_EVT_ISR                         
0     0000a11a  _ADCD1_ISR                            
0     0000a124  _ADCD2_ISR                            
0     0000a12e  _ADCD3_ISR                            
0     0000a138  _ADCD4_ISR                            
0     0000a142  _ADCD_EVT_ISR                         
0     0000a14c  _AUX_PLL_SLIP_ISR                     
0     0000a156  _CANA0_ISR                            
0     0000a160  _CANA1_ISR                            
0     0000a16a  _CANB0_ISR                            
0     0000a174  _CANB1_ISR                            
0     0000a17e  _CLA1_1_ISR                           
0     0000a188  _CLA1_2_ISR                           
0     0000a192  _CLA1_3_ISR                           
0     0000a19c  _CLA1_4_ISR                           
0     0000a1a6  _CLA1_5_ISR                           
0     0000a1b0  _CLA1_6_ISR                           
0     0000a1ba  _CLA1_7_ISR                           
0     0000a1c4  _CLA1_8_ISR                           
0     0000a1ce  _CLA_OVERFLOW_ISR                     
0     0000a1d8  _CLA_UNDERFLOW_ISR                    
0     0000a1e2  _DATALOG_ISR                          
0     0000a1ec  _DMA_CH1_ISR                          
0     0000a1f6  _DMA_CH2_ISR                          
0     0000a200  _DMA_CH3_ISR                          
0     0000a20a  _DMA_CH4_ISR                          
0     0000a214  _DMA_CH5_ISR                          
0     0000a21e  _DMA_CH6_ISR                          
0     0000a228  _ECAP1_ISR                            
0     0000a232  _ECAP2_ISR                            
0     0000a23c  _ECAP3_ISR                            
0     0000a246  _ECAP4_ISR                            
0     0000a250  _ECAP5_ISR                            
0     0000a25a  _ECAP6_ISR                            
0     0000a264  _EMIF_ERROR_ISR                       
0     0000a26e  _EMU_ISR                              
0     0000a278  _EPWM10_ISR                           
0     0000a282  _EPWM10_TZ_ISR                        
0     0000a28c  _EPWM11_ISR                           
0     0000a296  _EPWM11_TZ_ISR                        
0     0000a2a0  _EPWM12_ISR                           
0     0000a2aa  _EPWM12_TZ_ISR                        
0     0000a2b4  _EPWM1_ISR                            
0     0000a2be  _EPWM1_TZ_ISR                         
0     0000a2c8  _EPWM2_ISR                            
0     0000a2d2  _EPWM2_TZ_ISR                         
0     0000a2dc  _EPWM3_ISR                            
0     0000a2e6  _EPWM3_TZ_ISR                         
0     0000a2f0  _EPWM4_ISR                            
0     0000a2fa  _EPWM4_TZ_ISR                         
0     0000a304  _EPWM5_ISR                            
0     0000a30e  _EPWM5_TZ_ISR                         
0     0000a318  _EPWM6_ISR                            
0     0000a322  _EPWM6_TZ_ISR                         
0     0000a32c  _EPWM7_ISR                            
0     0000a336  _EPWM7_TZ_ISR                         
0     0000a340  _EPWM8_ISR                            
0     0000a34a  _EPWM8_TZ_ISR                         
0     0000a354  _EPWM9_ISR                            
0     0000a35e  _EPWM9_TZ_ISR                         
0     0000a368  _EQEP1_ISR                            
0     0000a372  _EQEP2_ISR                            
0     0000a37c  _EQEP3_ISR                            
0     0000a386  _FLASH_CORRECTABLE_ERROR_ISR          
0     0000a390  _FPU_OVERFLOW_ISR                     
0     0000a39a  _FPU_UNDERFLOW_ISR                    
0     0000a3a4  _I2CA_FIFO_ISR                        
0     0000a3ae  _I2CA_ISR                             
0     0000a3b8  _I2CB_FIFO_ISR                        
0     0000a3c2  _I2CB_ISR                             
0     0000a3cc  _ILLEGAL_ISR                          
0     0000a3d6  _IPC0_ISR                             
0     0000a3e0  _IPC1_ISR                             
0     0000a3ea  _IPC2_ISR                             
0     0000a3f4  _IPC3_ISR                             
0     0000a3fe  _MCBSPA_RX_ISR                        
0     0000a408  _MCBSPA_TX_ISR                        
0     0000a412  _MCBSPB_RX_ISR                        
0     0000a41c  _MCBSPB_TX_ISR                        
0     0000a426  _NMI_ISR                              
0     0000a430  _NOTUSED_ISR                          
0     0000a43a  _PIE_RESERVED_ISR                     
0     0000a444  _RAM_ACCESS_VIOLATION_ISR             
0     0000a44e  _RAM_CORRECTABLE_ERROR_ISR            
0     0000a458  _RTOS_ISR                             
0     0000a462  _SCIA_RX_ISR                          
0     0000a46c  _SCIA_TX_ISR                          
0     0000a476  _SCIB_RX_ISR                          
0     0000a480  _SCIB_TX_ISR                          
0     0000a48a  _SCIC_RX_ISR                          
0     0000a494  _SCIC_TX_ISR                          
0     0000a49e  _SCID_RX_ISR                          
0     0000a4a8  _SCID_TX_ISR                          
0     0000a4b2  _SD1_ISR                              
0     0000a4bc  _SD2_ISR                              
0     0000a4c6  _SPIA_RX_ISR                          
0     0000a4d0  _SPIA_TX_ISR                          
0     0000a4da  _SPIB_RX_ISR                          
0     0000a4e4  _SPIB_TX_ISR                          
0     0000a4ee  _SPIC_RX_ISR                          
0     0000a4f8  _SPIC_TX_ISR                          
0     0000a502  _SYS_PLL_SLIP_ISR                     
0     0000a50c  _TIMER0_ISR                           
0     0000a516  _TIMER1_ISR                           
0     0000a520  _TIMER2_ISR                           
0     0000a52a  _UPPA_ISR                             
0     0000a534  _USBA_ISR                             
0     0000a53e  _USER10_ISR                           
0     0000a548  _USER11_ISR                           
0     0000a552  _USER12_ISR                           
0     0000a55c  _USER1_ISR                            
0     0000a566  _USER2_ISR                            
0     0000a570  _USER3_ISR                            
0     0000a57a  _USER4_ISR                            
0     0000a584  _USER5_ISR                            
0     0000a58e  _USER6_ISR                            
0     0000a598  _USER7_ISR                            
0     0000a5a2  _USER8_ISR                            
0     0000a5ac  _USER9_ISR                            
0     0000a5b6  _VCU_ISR                              
0     0000a5c0  _WAKE_ISR                             
0     0000a5ca  _XINT1_ISR                            
0     0000a5d4  _XINT2_ISR                            
0     0000a5de  _XINT3_ISR                            
0     0000a5e8  _XINT4_ISR                            
0     0000a5f2  _XINT5_ISR                            
0     0000a5fc  __register_unlock                     
0     0000a600  __register_lock                       
0     0000a604  __nop                                 
0     0000a800  _Cla1Task1                            
0     0000a88c  _Cla1Task8                            
0     0000a8a4  _Cla1Task2                            
0     0000b000  _main                                 
0     0000b34a  _Sdfm_configureData_filter            
0     0000b5b1  _Sdfm_configureComparator             
0     0000b7a5  _c_int00                              
0     0000b7fb  __system_pre_init                     
0     0000b7fd  __system_post_cinit                   
0     0000b800  _InitSysPll                           
0     0000b9ef  _Sdfm_configureInterrupt              
0     0000bbb1  FS$$DIV                               
0     0000bc39  _InitPeripheralClocks                 
0     0000bcbd  _Sdfm_configureInputCtrl              
0     0000bd3c  _Sdfm_configureExternalreset          
0     0000bdaf  _CLA_initCpu1Cla                      
0     0000bde6  _Cla_initMemoryMap                    
0     0000be1b  C$$EXIT                               
0     0000be1b  _abort                                
0     0000be1d  _exit                                 
0     0000be44  _InitPieVectTable                     
0     0000be6a  _GPIO_EnableUnbondedIOPullupsFor100Pin
0     0000be8f  _copy_in                              
0     0000beb3  _InitSysCtrl                          
0     0000bed3  _InitPieCtrl                          
0     0000bef2  _ConfigureTMXAnalogTrim               
0     0000bf0f  _memcpy                               
0     0000bf2c  _GPIO_EnableUnbondedIOPullupsFor176Pin
0     0000bf45  LL$$AND                               
0     0000bf4d  LL$$OR                                
0     0000bf55  LL$$XOR                               
0     0000bf5d  _GPIO_EnableUnbondedIOPullups         
0     0000bf73  _SysIntOsc2Sel                        
0     0000bf87  __args_main                           
0     0000bf99  _Sdfm_enableMFE                       
0     0000bfaa  _Sdfm_enableMIE                       
0     0000bfbb  _cla1Isr1                             
0     0000bfcc  _cla1Isr2                             
0     0000bfdd  _cla1Isr8                             
0     0000bfee  _SysIntOsc1Sel                        
1     00000400  __stack                               
1     00000500  __STACK_END                           
1     00000b00  _AdcaResultRegs                       
1     00000b20  _AdcbResultRegs                       
1     00000b40  _AdccResultRegs                       
1     00000b60  _AdcdResultRegs                       
1     00000c00  _CpuTimer0Regs                        
1     00000c08  _CpuTimer1Regs                        
1     00000c10  _CpuTimer2Regs                        
1     00000ce0  _PieCtrlRegs                          
1     00000d00  _PieVectTable                         
1     00001000  _DmaRegs                              
1     00001400  _Cla1Regs                             
1     00001480  _ledControlFlag                       
1     00003000  _Clb1LogicCfgRegs                     
1     00003100  _Clb1LogicCtrlRegs                    
1     00003200  _Clb1DataExchRegs                     
1     00003400  _Clb2LogicCfgRegs                     
1     00003500  _Clb2LogicCtrlRegs                    
1     00003600  _Clb2DataExchRegs                     
1     00003800  _Clb3LogicCfgRegs                     
1     00003900  _Clb3LogicCtrlRegs                    
1     00003a00  _Clb3DataExchRegs                     
1     00003c00  _Clb4LogicCfgRegs                     
1     00003d00  _Clb4LogicCtrlRegs                    
1     00003e00  _Clb4DataExchRegs                     
1     00004000  _EPwm1Regs                            
1     00004100  _EPwm2Regs                            
1     00004200  _EPwm3Regs                            
1     00004300  _EPwm4Regs                            
1     00004400  _EPwm5Regs                            
1     00004500  _EPwm6Regs                            
1     00004600  _EPwm7Regs                            
1     00004700  _EPwm8Regs                            
1     00004800  _EPwm9Regs                            
1     00004900  _EPwm10Regs                           
1     00004a00  _EPwm11Regs                           
1     00004b00  _EPwm12Regs                           
1     00005000  _ECap1Regs                            
1     00005020  _ECap2Regs                            
1     00005040  _ECap3Regs                            
1     00005060  _ECap4Regs                            
1     00005080  _ECap5Regs                            
1     000050a0  _ECap6Regs                            
1     00005100  _EQep1Regs                            
1     00005140  _EQep2Regs                            
1     00005180  _EQep3Regs                            
1     00005c00  _DacaRegs                             
1     00005c10  _DacbRegs                             
1     00005c20  _DaccRegs                             
1     00005c80  _Cmpss1Regs                           
1     00005ca0  _Cmpss2Regs                           
1     00005cc0  _Cmpss3Regs                           
1     00005ce0  _Cmpss4Regs                           
1     00005d00  _Cmpss5Regs                           
1     00005d20  _Cmpss6Regs                           
1     00005d40  _Cmpss7Regs                           
1     00005d60  _Cmpss8Regs                           
1     00005e00  _Sdfm1Regs                            
1     00005e80  _Sdfm2Regs                            
1     00006000  _McbspaRegs                           
1     00006040  _McbspbRegs                           
1     00006100  _SpiaRegs                             
1     00006110  _SpibRegs                             
1     00006120  _SpicRegs                             
1     00006200  _UppRegs                              
1     00007000  _WdRegs                               
1     00007060  _NmiIntruptRegs                       
1     00007070  _XintRegs                             
1     00007200  _SciaRegs                             
1     00007210  _ScibRegs                             
1     00007220  _ScicRegs                             
1     00007230  _ScidRegs                             
1     00007300  _I2caRegs                             
1     00007340  _I2cbRegs                             
1     00007400  _AdcaRegs                             
1     00007480  _AdcbRegs                             
1     00007500  _AdccRegs                             
1     00007580  _AdcdRegs                             
1     00007900  _InputXbarRegs                        
1     00007920  _XbarRegs                             
1     00007940  _SyncSocRegs                          
1     00007980  _DmaClaSrcSelRegs                     
1     00007a00  _EPwmXbarRegs                         
1     00007a40  _ClbXbarRegs                          
1     00007a80  _OutputXbarRegs                       
1     00007c00  _GpioCtrlRegs                         
1     00007f00  _GpioDataRegs                         
1     00008900  _loopCounter1                         
1     00008901  _loopCounter2                         
1     00008902  _TaskCpu1Cla1                         
1     00008903  _TaskCpu1Cla1_task2                   
1     00009000  _Filter1_Result                       
1     00009400  _Filter2_Result                       
1     00009800  _Filter3_Result                       
1     00009c00  _Filter4_Result                       
1     0000e000  _TRIP_SEL                             
1     0000e01e  _EPWM                                 
1     0000e038  _EQEP                                 
1     0000e040  _ECAP                                 
1     0000e04e  _ADC                                  
1     0000e058  _SPI                                  
1     0000e060  _SDFM                                 
1     0000e066  ___TI_enable_exit_profile_output      
1     0000e068  ___TI_cleanup_ptr                     
1     0000e06a  ___TI_dtors_ptr                       
1     0000e06c  _I2C                                  
1     0000e070  _MCBSP                                
1     0000e074  _SCI                                  
1     0000e078  __lock                                
1     0000e07a  __unlock                              
1     0000e07c  _gPeripheralNumber                    
1     0000f000  _PieVectTableInit                     
1     00047000  _Emif1Regs                            
1     00047800  _Emif2Regs                            
1     00048000  _CanaRegs                             
1     0004a000  _CanbRegs                             
1     00050000  _IpcRegs                              
1     00050024  _FlashPumpSemaphoreRegs               
1     0005d000  _DevCfgRegs                           
1     0005d180  _AnalogSubsysRegs                     
1     0005d200  _ClkCfgRegs                           
1     0005d300  _CpuSysRegs                           
1     0005e608  _RomPrefetchRegs                      
1     0005f000  _DcsmZ1Regs                           
1     0005f040  _DcsmZ2Regs                           
1     0005f070  _DcsmCommonRegs                       
1     0005f400  _MemCfgRegs                           
1     0005f480  _Emif1ConfigRegs                      
1     0005f4a0  _Emif2ConfigRegs                      
1     0005f4c0  _AccessProtectionRegs                 
1     0005f500  _MemoryErrorRegs                      
1     0005f540  _RomWaitStateRegs                     
1     0005f800  _Flash0CtrlRegs                       
1     0005fb00  _Flash0EccRegs                        
1     000703c0  _UidRegs                              
abs   00000100  CLA_SCRATCHPAD_SIZE                   
abs   00000100  __STACK_SIZE                          
abs   ffffffff  .text                                 
abs   ffffffff  ___TI_pprof_out_hndl                  
abs   ffffffff  ___TI_prof_data_size                  
abs   ffffffff  ___TI_prof_data_start                 
abs   ffffffff  ___binit__                            
abs   ffffffff  ___c_args__                           
abs   ffffffff  ___etext__                            
abs   ffffffff  ___pinit__                            
abs   ffffffff  ___text__                             
abs   ffffffff  binit                                 
abs   ffffffff  etext                                 
abs   ffffffff  pinit                                 

[346 symbols]
