******************************************************************************
             TMS320C2000 Linker PC v22.6.1                     
******************************************************************************
>> Linked Fri Dec  6 18:07:46 2024

OUTPUT FILE NAME:   <AC_Battery_CPU2.out>
ENTRY POINT SYMBOL: "code_start"  address: 00000000


MEMORY CONFIGURATION

         name            origin    length      used     unused   attr    fill
----------------------  --------  ---------  --------  --------  ----  --------
PAGE 0:
  BEGIN                 00000000   00000002  00000002  00000000  RWIX
  RAMM0                 00000122   000002de  00000094  0000024a  RWIX
  RAMLS12345            00008800   00002800  00000a2e  00001dd2  RWIX
  RAMD0                 0000b000   00000800  00000800  00000000  RWIX
  RAMD1                 0000b800   00000800  000003c6  0000043a  RWIX
  RAMGS1                0000d000   00001000  00000000  00001000  RWIX
  RESET                 003fffc0   00000002  00000000  00000002  RWIX

PAGE 1:
  BOOT_RSVD             00000002   00000121  00000000  00000121  RWIX
  RAMM1                 00000400   000003f8  00000100  000002f8  RWIX
  ADCARESULT            00000b00   00000018  00000018  00000000  RWIX
  ADCBRESULT            00000b20   00000018  00000018  00000000  RWIX
  ADCCRESULT            00000b40   00000018  00000018  00000000  RWIX
  ADCDRESULT            00000b60   00000018  00000018  00000000  RWIX
  CPUTIMER0             00000c00   00000008  00000008  00000000  RWIX
  CPUTIMER1             00000c08   00000008  00000008  00000000  RWIX
  CPUTIMER2             00000c10   00000008  00000008  00000000  RWIX
  PIECTRL               00000ce0   0000001a  0000001a  00000000  RWIX
  PIEVECTTABLE          00000d00   00000200  000001c0  00000040  RWIX
  DMA                   00001000   00000200  000000e0  00000120  RWIX
  CLA1                  00001400   00000080  0000003e  00000042  RWIX
  CLA1_MSGRAMLOW        00001480   00000080  00000016  0000006a  RWIX
  CLA1_MSGRAMHIGH       00001500   00000080  0000001c  00000064  RWIX
  CLB1LOGICCFG          00003000   00000052  0000003e  00000014  RWIX
  CLB1LOGICCTRL         00003100   00000040  00000040  00000000  RWIX
  CLB1DATAEXCH          00003200   00000200  00000108  000000f8  RWIX
  CLB2LOGICCFG          00003400   00000052  0000003e  00000014  RWIX
  CLB2LOGICCTRL         00003500   00000040  00000040  00000000  RWIX
  CLB2DATAEXCH          00003600   00000200  00000108  000000f8  RWIX
  CLB3LOGICCFG          00003800   00000052  0000003e  00000014  RWIX
  CLB3LOGICCTRL         00003900   00000040  00000040  00000000  RWIX
  CLB3DATAEXCH          00003a00   00000200  00000108  000000f8  RWIX
  CLB4LOGICCFG          00003c00   00000052  0000003e  00000014  RWIX
  CLB4LOGICCTRL         00003d00   00000040  00000040  00000000  RWIX
  CLB4DATAEXCH          00003e00   00000200  00000108  000000f8  RWIX
  EPWM1                 00004000   00000100  00000100  00000000  RWIX
  EPWM2                 00004100   00000100  00000100  00000000  RWIX
  EPWM3                 00004200   00000100  00000100  00000000  RWIX
  EPWM4                 00004300   00000100  00000100  00000000  RWIX
  EPWM5                 00004400   00000100  00000100  00000000  RWIX
  EPWM6                 00004500   00000100  00000100  00000000  RWIX
  EPWM7                 00004600   00000100  00000100  00000000  RWIX
  EPWM8                 00004700   00000100  00000100  00000000  RWIX
  EPWM9                 00004800   00000100  00000100  00000000  RWIX
  EPWM10                00004900   00000100  00000100  00000000  RWIX
  EPWM11                00004a00   00000100  00000100  00000000  RWIX
  EPWM12                00004b00   00000100  00000100  00000000  RWIX
  ECAP1                 00005000   00000020  0000001a  00000006  RWIX
  ECAP2                 00005020   00000020  0000001a  00000006  RWIX
  ECAP3                 00005040   00000020  0000001a  00000006  RWIX
  ECAP4                 00005060   00000020  0000001a  00000006  RWIX
  ECAP5                 00005080   00000020  0000001a  00000006  RWIX
  ECAP6                 000050a0   00000020  0000001a  00000006  RWIX
  EQEP1                 00005100   00000022  00000022  00000000  RWIX
  EQEP2                 00005140   00000022  00000022  00000000  RWIX
  EQEP3                 00005180   00000022  00000022  00000000  RWIX
  DACA                  00005c00   00000008  00000007  00000001  RWIX
  DACB                  00005c10   00000008  00000007  00000001  RWIX
  DACC                  00005c20   00000008  00000007  00000001  RWIX
  CMPSS1                00005c80   00000020  0000001b  00000005  RWIX
  CMPSS2                00005ca0   00000020  0000001b  00000005  RWIX
  CMPSS3                00005cc0   00000020  0000001b  00000005  RWIX
  CMPSS4                00005ce0   00000020  0000001b  00000005  RWIX
  CMPSS5                00005d00   00000020  0000001b  00000005  RWIX
  CMPSS6                00005d20   00000020  0000001b  00000005  RWIX
  CMPSS7                00005d40   00000020  0000001b  00000005  RWIX
  CMPSS8                00005d60   00000020  0000001b  00000005  RWIX
  SDFM1                 00005e00   00000080  00000048  00000038  RWIX
  SDFM2                 00005e80   00000080  00000048  00000038  RWIX
  MCBSPA                00006000   00000024  00000024  00000000  RWIX
  MCBSPB                00006040   00000024  00000024  00000000  RWIX
  SPIA                  00006100   00000010  00000010  00000000  RWIX
  SPIB                  00006110   00000010  00000010  00000000  RWIX
  SPIC                  00006120   00000010  00000010  00000000  RWIX
  WD                    00007000   0000002b  0000002b  00000000  RWIX
  NMIINTRUPT            00007060   00000007  00000007  00000000  RWIX
  XINT                  00007070   0000000b  0000000b  00000000  RWIX
  SCIA                  00007200   00000010  00000010  00000000  RWIX
  SCIB                  00007210   00000010  00000010  00000000  RWIX
  SCIC                  00007220   00000010  00000010  00000000  RWIX
  SCID                  00007230   00000010  00000010  00000000  RWIX
  I2CA                  00007300   00000022  00000022  00000000  RWIX
  I2CB                  00007340   00000022  00000022  00000000  RWIX
  ADCA                  00007400   00000080  0000007c  00000004  RWIX
  ADCB                  00007480   00000080  0000007c  00000004  RWIX
  ADCC                  00007500   00000080  0000007c  00000004  RWIX
  ADCD                  00007580   00000080  0000007c  00000004  RWIX
  DMACLASRCSEL          00007980   0000001a  0000001a  00000000  RWIX
  GPIODATA              00007f00   00000030  00000030  00000000  RWIX
  RAMLS0                00008000   00000800  00000359  000004a7  RWIX
  RAMLS2_1              00009000   00000400  00000000  00000400  RWIX
  RAMLS2_2              00009400   00000400  00000000  00000400  RWIX
  RAMLS3_1              00009800   00000400  00000000  00000400  RWIX
  RAMLS3_2              00009c00   00000400  00000000  00000400  RWIX
  RAMGS0                0000c000   00001000  00000000  00001000  RWIX
  RAMGS2                0000e000   00001000  0000007e  00000f82  RWIX
  RAMGS3                0000f000   00001000  000001c0  00000e40  RWIX
  RAMGS4                00010000   00001000  00000000  00001000  RWIX
  RAMGS5                00011000   00001000  00000000  00001000  RWIX
  RAMGS6                00012000   00001000  00000000  00001000  RWIX
  RAMGS7                00013000   00001000  00000000  00001000  RWIX
  RAMGS8                00014000   00001000  00000000  00001000  RWIX
  RAMGS9                00015000   00001000  00000000  00001000  RWIX
  RAMGS10               00016000   00001000  00000000  00001000  RWIX
  RAMGS11               00017000   00001000  00000000  00001000  RWIX
  RAMGS12               00018000   00001000  00000000  00001000  RWIX
  RAMGS13               00019000   00001000  00000000  00001000  RWIX
  RAMGS14               0001a000   00001000  00000000  00001000  RWIX
  RAMGS15               0001b000   00000ff8  00000000  00000ff8  RWIX
  EMIF1                 00047000   00000070  00000028  00000048  RWIX
  CANA                  00048000   00000200  00000164  0000009c  RWIX
  CANB                  0004a000   00000200  00000164  0000009c  RWIX
  IPC                   00050000   00000024  00000024  00000000  RWIX
  FLASHPUMPSEMAPHORE    00050024   00000002  00000002  00000000  RWIX
  CLKCFG                0005d200   00000032  00000032  00000000  RWIX
  CPUSYS                0005d300   00000082  00000082  00000000  RWIX
  ROMPREFETCH           0005e608   00000002  00000002  00000000  RWIX
  DCSMZ1                0005f000   00000024  00000022  00000002  RWIX
  DCSMZ2                0005f040   00000024  00000022  00000002  RWIX
  DCSMCOMMON            0005f070   00000008  00000006  00000002  RWIX
  MEMCFG                0005f400   00000080  00000076  0000000a  RWIX
  EMIF1CONFIG           0005f480   00000020  0000000a  00000016  RWIX
  ACCESSPROTECTION      0005f4c0   00000040  0000002e  00000012  RWIX
  MEMORYERROR           0005f500   00000040  0000003a  00000006  RWIX
  FLASH0CTRL            0005f800   00000182  00000182  00000000  RWIX
  FLASH0ECC             0005fb00   00000028  00000028  00000000  RWIX
  UID                   000703c0   00000010  00000010  00000000  RWIX


SECTION ALLOCATION MAP

 output                                  attributes/
section   page    origin      length       input sections
--------  ----  ----------  ----------   ----------------
codestart 
*          0    00000000    00000002     
                  00000000    00000002     F2837xD_CodeStartBranch.obj (codestart)

.cinit     0    00000122    00000090     
                  00000122    0000001d     F2837xD_struct.obj (.cinit:_EPWM)
                  0000013f    00000014     sdfm_filter_sync_cla_cpu02.obj (.cinit)
                  00000153    00000011     F2837xD_struct.obj (.cinit:_ECAP)
                  00000164    0000000e     rts2800_fpu32.lib : exit.c.obj (.cinit)
                  00000172    0000000b     F2837xD_struct.obj (.cinit:_EQEP)
                  0000017d    0000000b     F2837xD_struct.obj (.cinit:_SPI)
                  00000188    00000009     F2837xD_struct.obj (.cinit:_SDFM)
                  00000191    00000007     F2837xD_struct.obj (.cinit:_I2C)
                  00000198    00000007     F2837xD_struct.obj (.cinit:_MCBSP)
                  0000019f    00000007     F2837xD_struct.obj (.cinit:_SCI)
                  000001a6    00000005     rts2800_fpu32.lib : _lock.c.obj (.cinit:__lock)
                  000001ab    00000005                       : _lock.c.obj (.cinit:__unlock)
                  000001b0    00000002     --HOLE-- [fill = 0]

.pinit     0    00000122    00000000     UNINITIALIZED

.reset     0    003fffc0    00000002     DSECT
                  003fffc0    00000002     rts2800_fpu32.lib : boot28.asm.obj (.reset)

.stack     1    00000400    00000100     UNINITIALIZED
                  00000400    00000100     --HOLE--

AdcaResultRegsFile 
*          1    00000b00    00000018     UNINITIALIZED
                  00000b00    00000018     F2837xD_GlobalVariableDefs.obj (AdcaResultRegsFile)

AdcbResultRegsFile 
*          1    00000b20    00000018     UNINITIALIZED
                  00000b20    00000018     F2837xD_GlobalVariableDefs.obj (AdcbResultRegsFile)

AdccResultRegsFile 
*          1    00000b40    00000018     UNINITIALIZED
                  00000b40    00000018     F2837xD_GlobalVariableDefs.obj (AdccResultRegsFile)

AdcdResultRegsFile 
*          1    00000b60    00000018     UNINITIALIZED
                  00000b60    00000018     F2837xD_GlobalVariableDefs.obj (AdcdResultRegsFile)

Cla1ToCpuMsgRAM 
*          1    00001480    00000016     UNINITIALIZED
                  00001480    00000016     sdfm_filter_sync.obj (Cla1ToCpuMsgRAM)

CpuToCla1MsgRAM 
*          1    00001500    0000001c     UNINITIALIZED
                  00001500    0000001c     sdfm_filter_sync.obj (CpuToCla1MsgRAM)

AdcaRegsFile 
*          1    00007400    0000007c     UNINITIALIZED
                  00007400    0000007c     F2837xD_GlobalVariableDefs.obj (AdcaRegsFile)

AdcbRegsFile 
*          1    00007480    0000007c     UNINITIALIZED
                  00007480    0000007c     F2837xD_GlobalVariableDefs.obj (AdcbRegsFile)

AdccRegsFile 
*          1    00007500    0000007c     UNINITIALIZED
                  00007500    0000007c     F2837xD_GlobalVariableDefs.obj (AdccRegsFile)

AdcdRegsFile 
*          1    00007580    0000007c     UNINITIALIZED
                  00007580    0000007c     F2837xD_GlobalVariableDefs.obj (AdcdRegsFile)

.ebss      1    0000e000    0000007e     UNINITIALIZED
                  0000e000    0000002a     sdfm_filter_sync_cla_cpu02.obj (.ebss)
                  0000e02a    0000000e     F2837xD_struct.obj (.ebss:_ECAP)
                  0000e038    00000008     F2837xD_struct.obj (.ebss:_EQEP)
                  0000e040    0000001a     F2837xD_struct.obj (.ebss:_EPWM)
                  0000e05a    00000008     F2837xD_struct.obj (.ebss:_SPI)
                  0000e062    00000006     F2837xD_struct.obj (.ebss:_SDFM)
                  0000e068    00000006     rts2800_fpu32.lib : exit.c.obj (.ebss)
                  0000e06e    00000004     F2837xD_struct.obj (.ebss:_I2C)
                  0000e072    00000004     F2837xD_struct.obj (.ebss:_MCBSP)
                  0000e076    00000004     F2837xD_struct.obj (.ebss:_SCI)
                  0000e07a    00000002     rts2800_fpu32.lib : _lock.c.obj (.ebss:__lock)
                  0000e07c    00000002                       : _lock.c.obj (.ebss:__unlock)

.econst    1    0000f000    000001c0     
                  0000f000    000001c0     F2837xD_PieVect.obj (.econst:_PieVectTableInit)

.TI.ramfunc 
*          0    000001b2    00000004     
                  000001b2    00000004     F2837xD_usDelay.obj (.TI.ramfunc)

Cla1Prog   0    00008800    00000a2e     
                  00008800    0000093e     sdfm_filter_sync.obj (Cla1Prog:_Cla1Task1)
                  0000913e    000000b8     sdfm_filter_sync.obj (Cla1Prog:_Cla1Task8)
                  000091f6    00000010     sdfm_filter_sync.obj (Cla1Prog:_Cla1Task2)
                  00009206    00000008     sdfm_filter_sync.obj (Cla1Prog:_Cla1Task3)
                  0000920e    00000008     sdfm_filter_sync.obj (Cla1Prog:_Cla1Task4)
                  00009216    00000008     sdfm_filter_sync.obj (Cla1Prog:_Cla1Task5)
                  0000921e    00000008     sdfm_filter_sync.obj (Cla1Prog:_Cla1Task6)
                  00009226    00000008     sdfm_filter_sync.obj (Cla1Prog:_Cla1Task7)

CLADataLS0 
*          1    00008000    0000022e     UNINITIALIZED
                  00008000    0000022e     sdfm_filter_sync.obj (CLADataLS0)

CLAscratch 
*          1    0000822e    00000100     UNINITIALIZED
                  0000822e    00000100     --HOLE--

.bss_cla   1    0000832e    0000002b     UNINITIALIZED
                  0000832e    00000028     sdfm_filter_sync.obj (.bss_cla:_filterBand_Udc_CFDAB)
                  00008356    00000003     sdfm_filter_sync.obj (.bss_cla)

.reset     0    003fffc0    00000000     DSECT

CpuTimer0RegsFile 
*          1    00000c00    00000008     UNINITIALIZED
                  00000c00    00000008     F2837xD_GlobalVariableDefs.obj (CpuTimer0RegsFile)

CpuTimer1RegsFile 
*          1    00000c08    00000008     UNINITIALIZED
                  00000c08    00000008     F2837xD_GlobalVariableDefs.obj (CpuTimer1RegsFile)

CpuTimer2RegsFile 
*          1    00000c10    00000008     UNINITIALIZED
                  00000c10    00000008     F2837xD_GlobalVariableDefs.obj (CpuTimer2RegsFile)

PieCtrlRegsFile 
*          1    00000ce0    0000001a     UNINITIALIZED
                  00000ce0    0000001a     F2837xD_GlobalVariableDefs.obj (PieCtrlRegsFile)

PieVectTableFile 
*          1    00000d00    000001c0     UNINITIALIZED
                  00000d00    000001c0     F2837xD_GlobalVariableDefs.obj (PieVectTableFile)

EmuKeyVar 
*          1    00000d00    00000000     UNINITIALIZED

EmuBModeVar 
*          1    00000d00    00000000     UNINITIALIZED

EmuBootPinsVar 
*          1    00000d00    00000000     UNINITIALIZED

FlashCallbackVar 
*          1    00000d00    00000000     UNINITIALIZED

FlashScalingVar 
*          1    00000d00    00000000     UNINITIALIZED

DmaRegsFile 
*          1    00001000    000000e0     UNINITIALIZED
                  00001000    000000e0     F2837xD_GlobalVariableDefs.obj (DmaRegsFile)

Cla1RegsFile 
*          1    00001400    0000003e     UNINITIALIZED
                  00001400    0000003e     F2837xD_GlobalVariableDefs.obj (Cla1RegsFile)

Clb1LogicCfgRegsFile 
*          1    00003000    0000003e     UNINITIALIZED
                  00003000    0000003e     F2837xD_GlobalVariableDefs.obj (Clb1LogicCfgRegsFile)

Clb1LogicCtrlRegsFile 
*          1    00003100    00000040     UNINITIALIZED
                  00003100    00000040     F2837xD_GlobalVariableDefs.obj (Clb1LogicCtrlRegsFile)

Clb1DataExchRegsFile 
*          1    00003200    00000108     UNINITIALIZED
                  00003200    00000108     F2837xD_GlobalVariableDefs.obj (Clb1DataExchRegsFile)

Clb2LogicCfgRegsFile 
*          1    00003400    0000003e     UNINITIALIZED
                  00003400    0000003e     F2837xD_GlobalVariableDefs.obj (Clb2LogicCfgRegsFile)

Clb2LogicCtrlRegsFile 
*          1    00003500    00000040     UNINITIALIZED
                  00003500    00000040     F2837xD_GlobalVariableDefs.obj (Clb2LogicCtrlRegsFile)

Clb2DataExchRegsFile 
*          1    00003600    00000108     UNINITIALIZED
                  00003600    00000108     F2837xD_GlobalVariableDefs.obj (Clb2DataExchRegsFile)

Clb3LogicCfgRegsFile 
*          1    00003800    0000003e     UNINITIALIZED
                  00003800    0000003e     F2837xD_GlobalVariableDefs.obj (Clb3LogicCfgRegsFile)

Clb3LogicCtrlRegsFile 
*          1    00003900    00000040     UNINITIALIZED
                  00003900    00000040     F2837xD_GlobalVariableDefs.obj (Clb3LogicCtrlRegsFile)

Clb3DataExchRegsFile 
*          1    00003a00    00000108     UNINITIALIZED
                  00003a00    00000108     F2837xD_GlobalVariableDefs.obj (Clb3DataExchRegsFile)

Clb4LogicCfgRegsFile 
*          1    00003c00    0000003e     UNINITIALIZED
                  00003c00    0000003e     F2837xD_GlobalVariableDefs.obj (Clb4LogicCfgRegsFile)

Clb4LogicCtrlRegsFile 
*          1    00003d00    00000040     UNINITIALIZED
                  00003d00    00000040     F2837xD_GlobalVariableDefs.obj (Clb4LogicCtrlRegsFile)

Clb4DataExchRegsFile 
*          1    00003e00    00000108     UNINITIALIZED
                  00003e00    00000108     F2837xD_GlobalVariableDefs.obj (Clb4DataExchRegsFile)

EPwm1RegsFile 
*          1    00004000    00000100     UNINITIALIZED
                  00004000    00000100     F2837xD_GlobalVariableDefs.obj (EPwm1RegsFile)

EPwm2RegsFile 
*          1    00004100    00000100     UNINITIALIZED
                  00004100    00000100     F2837xD_GlobalVariableDefs.obj (EPwm2RegsFile)

EPwm3RegsFile 
*          1    00004200    00000100     UNINITIALIZED
                  00004200    00000100     F2837xD_GlobalVariableDefs.obj (EPwm3RegsFile)

EPwm4RegsFile 
*          1    00004300    00000100     UNINITIALIZED
                  00004300    00000100     F2837xD_GlobalVariableDefs.obj (EPwm4RegsFile)

EPwm5RegsFile 
*          1    00004400    00000100     UNINITIALIZED
                  00004400    00000100     F2837xD_GlobalVariableDefs.obj (EPwm5RegsFile)

EPwm6RegsFile 
*          1    00004500    00000100     UNINITIALIZED
                  00004500    00000100     F2837xD_GlobalVariableDefs.obj (EPwm6RegsFile)

EPwm7RegsFile 
*          1    00004600    00000100     UNINITIALIZED
                  00004600    00000100     F2837xD_GlobalVariableDefs.obj (EPwm7RegsFile)

EPwm8RegsFile 
*          1    00004700    00000100     UNINITIALIZED
                  00004700    00000100     F2837xD_GlobalVariableDefs.obj (EPwm8RegsFile)

EPwm9RegsFile 
*          1    00004800    00000100     UNINITIALIZED
                  00004800    00000100     F2837xD_GlobalVariableDefs.obj (EPwm9RegsFile)

EPwm10RegsFile 
*          1    00004900    00000100     UNINITIALIZED
                  00004900    00000100     F2837xD_GlobalVariableDefs.obj (EPwm10RegsFile)

EPwm11RegsFile 
*          1    00004a00    00000100     UNINITIALIZED
                  00004a00    00000100     F2837xD_GlobalVariableDefs.obj (EPwm11RegsFile)

EPwm12RegsFile 
*          1    00004b00    00000100     UNINITIALIZED
                  00004b00    00000100     F2837xD_GlobalVariableDefs.obj (EPwm12RegsFile)

ECap1RegsFile 
*          1    00005000    0000001a     UNINITIALIZED
                  00005000    0000001a     F2837xD_GlobalVariableDefs.obj (ECap1RegsFile)

ECap2RegsFile 
*          1    00005020    0000001a     UNINITIALIZED
                  00005020    0000001a     F2837xD_GlobalVariableDefs.obj (ECap2RegsFile)

ECap3RegsFile 
*          1    00005040    0000001a     UNINITIALIZED
                  00005040    0000001a     F2837xD_GlobalVariableDefs.obj (ECap3RegsFile)

ECap4RegsFile 
*          1    00005060    0000001a     UNINITIALIZED
                  00005060    0000001a     F2837xD_GlobalVariableDefs.obj (ECap4RegsFile)

ECap5RegsFile 
*          1    00005080    0000001a     UNINITIALIZED
                  00005080    0000001a     F2837xD_GlobalVariableDefs.obj (ECap5RegsFile)

ECap6RegsFile 
*          1    000050a0    0000001a     UNINITIALIZED
                  000050a0    0000001a     F2837xD_GlobalVariableDefs.obj (ECap6RegsFile)

EQep1RegsFile 
*          1    00005100    00000022     UNINITIALIZED
                  00005100    00000022     F2837xD_GlobalVariableDefs.obj (EQep1RegsFile)

EQep2RegsFile 
*          1    00005140    00000022     UNINITIALIZED
                  00005140    00000022     F2837xD_GlobalVariableDefs.obj (EQep2RegsFile)

EQep3RegsFile 
*          1    00005180    00000022     UNINITIALIZED
                  00005180    00000022     F2837xD_GlobalVariableDefs.obj (EQep3RegsFile)

DacaRegsFile 
*          1    00005c00    00000007     UNINITIALIZED
                  00005c00    00000007     F2837xD_GlobalVariableDefs.obj (DacaRegsFile)

DacbRegsFile 
*          1    00005c10    00000007     UNINITIALIZED
                  00005c10    00000007     F2837xD_GlobalVariableDefs.obj (DacbRegsFile)

DaccRegsFile 
*          1    00005c20    00000007     UNINITIALIZED
                  00005c20    00000007     F2837xD_GlobalVariableDefs.obj (DaccRegsFile)

Cmpss1RegsFile 
*          1    00005c80    0000001b     UNINITIALIZED
                  00005c80    0000001b     F2837xD_GlobalVariableDefs.obj (Cmpss1RegsFile)

Cmpss2RegsFile 
*          1    00005ca0    0000001b     UNINITIALIZED
                  00005ca0    0000001b     F2837xD_GlobalVariableDefs.obj (Cmpss2RegsFile)

Cmpss3RegsFile 
*          1    00005cc0    0000001b     UNINITIALIZED
                  00005cc0    0000001b     F2837xD_GlobalVariableDefs.obj (Cmpss3RegsFile)

Cmpss4RegsFile 
*          1    00005ce0    0000001b     UNINITIALIZED
                  00005ce0    0000001b     F2837xD_GlobalVariableDefs.obj (Cmpss4RegsFile)

Cmpss5RegsFile 
*          1    00005d00    0000001b     UNINITIALIZED
                  00005d00    0000001b     F2837xD_GlobalVariableDefs.obj (Cmpss5RegsFile)

Cmpss6RegsFile 
*          1    00005d20    0000001b     UNINITIALIZED
                  00005d20    0000001b     F2837xD_GlobalVariableDefs.obj (Cmpss6RegsFile)

Cmpss7RegsFile 
*          1    00005d40    0000001b     UNINITIALIZED
                  00005d40    0000001b     F2837xD_GlobalVariableDefs.obj (Cmpss7RegsFile)

Cmpss8RegsFile 
*          1    00005d60    0000001b     UNINITIALIZED
                  00005d60    0000001b     F2837xD_GlobalVariableDefs.obj (Cmpss8RegsFile)

Sdfm1RegsFile 
*          1    00005e00    00000048     UNINITIALIZED
                  00005e00    00000048     F2837xD_GlobalVariableDefs.obj (Sdfm1RegsFile)

Sdfm2RegsFile 
*          1    00005e80    00000048     UNINITIALIZED
                  00005e80    00000048     F2837xD_GlobalVariableDefs.obj (Sdfm2RegsFile)

McbspaRegsFile 
*          1    00006000    00000024     UNINITIALIZED
                  00006000    00000024     F2837xD_GlobalVariableDefs.obj (McbspaRegsFile)

McbspbRegsFile 
*          1    00006040    00000024     UNINITIALIZED
                  00006040    00000024     F2837xD_GlobalVariableDefs.obj (McbspbRegsFile)

SpiaRegsFile 
*          1    00006100    00000010     UNINITIALIZED
                  00006100    00000010     F2837xD_GlobalVariableDefs.obj (SpiaRegsFile)

SpibRegsFile 
*          1    00006110    00000010     UNINITIALIZED
                  00006110    00000010     F2837xD_GlobalVariableDefs.obj (SpibRegsFile)

SpicRegsFile 
*          1    00006120    00000010     UNINITIALIZED
                  00006120    00000010     F2837xD_GlobalVariableDefs.obj (SpicRegsFile)

WdRegsFile 
*          1    00007000    0000002b     UNINITIALIZED
                  00007000    0000002b     F2837xD_GlobalVariableDefs.obj (WdRegsFile)

NmiIntruptRegsFile 
*          1    00007060    00000007     UNINITIALIZED
                  00007060    00000007     F2837xD_GlobalVariableDefs.obj (NmiIntruptRegsFile)

XintRegsFile 
*          1    00007070    0000000b     UNINITIALIZED
                  00007070    0000000b     F2837xD_GlobalVariableDefs.obj (XintRegsFile)

SciaRegsFile 
*          1    00007200    00000010     UNINITIALIZED
                  00007200    00000010     F2837xD_GlobalVariableDefs.obj (SciaRegsFile)

ScibRegsFile 
*          1    00007210    00000010     UNINITIALIZED
                  00007210    00000010     F2837xD_GlobalVariableDefs.obj (ScibRegsFile)

ScicRegsFile 
*          1    00007220    00000010     UNINITIALIZED
                  00007220    00000010     F2837xD_GlobalVariableDefs.obj (ScicRegsFile)

ScidRegsFile 
*          1    00007230    00000010     UNINITIALIZED
                  00007230    00000010     F2837xD_GlobalVariableDefs.obj (ScidRegsFile)

I2caRegsFile 
*          1    00007300    00000022     UNINITIALIZED
                  00007300    00000022     F2837xD_GlobalVariableDefs.obj (I2caRegsFile)

I2cbRegsFile 
*          1    00007340    00000022     UNINITIALIZED
                  00007340    00000022     F2837xD_GlobalVariableDefs.obj (I2cbRegsFile)

DmaClaSrcSelRegsFile 
*          1    00007980    0000001a     UNINITIALIZED
                  00007980    0000001a     F2837xD_GlobalVariableDefs.obj (DmaClaSrcSelRegsFile)

GpioDataRegsFile 
*          1    00007f00    00000030     UNINITIALIZED
                  00007f00    00000030     F2837xD_GlobalVariableDefs.obj (GpioDataRegsFile)

Emif1RegsFile 
*          1    00047000    00000028     UNINITIALIZED
                  00047000    00000028     F2837xD_GlobalVariableDefs.obj (Emif1RegsFile)

CanaRegsFile 
*          1    00048000    00000164     UNINITIALIZED
                  00048000    00000164     F2837xD_GlobalVariableDefs.obj (CanaRegsFile)

CanbRegsFile 
*          1    0004a000    00000164     UNINITIALIZED
                  0004a000    00000164     F2837xD_GlobalVariableDefs.obj (CanbRegsFile)

IpcRegsFile 
*          1    00050000    00000024     UNINITIALIZED
                  00050000    00000024     F2837xD_GlobalVariableDefs.obj (IpcRegsFile)

FlashPumpSemaphoreRegsFile 
*          1    00050024    00000002     UNINITIALIZED
                  00050024    00000002     F2837xD_GlobalVariableDefs.obj (FlashPumpSemaphoreRegsFile)

ClkCfgRegsFile 
*          1    0005d200    00000032     UNINITIALIZED
                  0005d200    00000032     F2837xD_GlobalVariableDefs.obj (ClkCfgRegsFile)

CpuSysRegsFile 
*          1    0005d300    00000082     UNINITIALIZED
                  0005d300    00000082     F2837xD_GlobalVariableDefs.obj (CpuSysRegsFile)

DcsmZ1RegsFile 
*          1    0005f000    00000022     UNINITIALIZED
                  0005f000    00000022     F2837xD_GlobalVariableDefs.obj (DcsmZ1RegsFile)

DcsmZ2RegsFile 
*          1    0005f040    00000022     UNINITIALIZED
                  0005f040    00000022     F2837xD_GlobalVariableDefs.obj (DcsmZ2RegsFile)

DcsmCommonRegsFile 
*          1    0005f070    00000006     UNINITIALIZED
                  0005f070    00000006     F2837xD_GlobalVariableDefs.obj (DcsmCommonRegsFile)

MemCfgRegsFile 
*          1    0005f400    00000076     UNINITIALIZED
                  0005f400    00000076     F2837xD_GlobalVariableDefs.obj (MemCfgRegsFile)

Emif1ConfigRegsFile 
*          1    0005f480    0000000a     UNINITIALIZED
                  0005f480    0000000a     F2837xD_GlobalVariableDefs.obj (Emif1ConfigRegsFile)

AccessProtectionRegsFile 
*          1    0005f4c0    0000002e     UNINITIALIZED
                  0005f4c0    0000002e     F2837xD_GlobalVariableDefs.obj (AccessProtectionRegsFile)

MemoryErrorRegsFile 
*          1    0005f500    0000003a     UNINITIALIZED
                  0005f500    0000003a     F2837xD_GlobalVariableDefs.obj (MemoryErrorRegsFile)

Flash0CtrlRegsFile 
*          1    0005f800    00000182     UNINITIALIZED
                  0005f800    00000182     F2837xD_GlobalVariableDefs.obj (Flash0CtrlRegsFile)

Flash0EccRegsFile 
*          1    0005fb00    00000028     UNINITIALIZED
                  0005fb00    00000028     F2837xD_GlobalVariableDefs.obj (Flash0EccRegsFile)

RomPrefetchRegsFile 
*          1    0005e608    00000002     UNINITIALIZED
                  0005e608    00000002     F2837xD_GlobalVariableDefs.obj (RomPrefetchRegsFile)

UidRegsFile 
*          1    000703c0    00000010     UNINITIALIZED
                  000703c0    00000010     F2837xD_GlobalVariableDefs.obj (UidRegsFile)

.text.1    0    0000b000    00000800     
                  0000b000    0000018b     sdfm_filter_sync_cla_cpu02.obj (.text:_PWM_CFDAB)
                  0000b18b    000000bc     sdfm_filter_sync_cla_cpu02.obj (.text:_CMPSS_Protection_TPC)
                  0000b247    00000094     sdfm_filter_sync_cla_cpu02.obj (.text:_main)
                  0000b2db    00000090     sdfm_filter_sync_cla_cpu02.obj (.text:_Init_ADC_C)
                  0000b36b    0000007a     F2837xD_SysCtrl.obj (.text:_InitPeripheralClocks)
                  0000b3e5    00000056     rts2800_fpu32.lib : boot28.asm.obj (.text)
                  0000b43b    00000046     sdfm_filter_sync_cla_cpu02.obj (.text:_CLA_initCpu2Cla)
                  0000b481    0000003c     sdfm_filter_sync_cla_cpu02.obj (.text:_Cla_initMemoryMap)
                  0000b4bd    00000029     rts2800_fpu32.lib : exit.c.obj (.text)
                  0000b4e6    00000026     F2837xD_PieVect.obj (.text:_InitPieVectTable)
                  0000b50c    00000024     rts2800_fpu32.lib : cpy_tbl.c.obj (.text)
                  0000b530    0000001f     F2837xD_PieCtrl.obj (.text:_InitPieCtrl)
                  0000b54f    0000001d     rts2800_fpu32.lib : memcpy.c.obj (.text)
                  0000b56c    00000018                       : ll_aox28.asm.obj (.text)
                  0000b584    00000014     sdfm_filter_sync_cla_cpu02.obj (.text:_cla1Isr1)
                  0000b598    00000014     sdfm_filter_sync_cla_cpu02.obj (.text:_cla1Isr8)
                  0000b5ac    00000012     rts2800_fpu32.lib : args_main.c.obj (.text)
                  0000b5be    00000011     sdfm_filter_sync_cla_cpu02.obj (.text:_cla1Isr2)
                  0000b5cf    0000000f     sdfm_filter_sync_cla_cpu02.obj (.text:_cla1Isr3)
                  0000b5de    0000000f     sdfm_filter_sync_cla_cpu02.obj (.text:_cla1Isr4)
                  0000b5ed    0000000f     sdfm_filter_sync_cla_cpu02.obj (.text:_cla1Isr5)
                  0000b5fc    0000000f     sdfm_filter_sync_cla_cpu02.obj (.text:_cla1Isr6)
                  0000b60b    0000000f     sdfm_filter_sync_cla_cpu02.obj (.text:_cla1Isr7)
                  0000b61a    0000000e     F2837xD_SysCtrl.obj (.text:_DisableDog)
                  0000b628    0000000d     F2837xD_DefaultISR.obj (.text:_EMPTY_ISR)
                  0000b635    0000000a     F2837xD_DefaultISR.obj (.text:_ADCA1_ISR)
                  0000b63f    0000000a     F2837xD_DefaultISR.obj (.text:_ADCA2_ISR)
                  0000b649    0000000a     F2837xD_DefaultISR.obj (.text:_ADCA3_ISR)
                  0000b653    0000000a     F2837xD_DefaultISR.obj (.text:_ADCA4_ISR)
                  0000b65d    0000000a     F2837xD_DefaultISR.obj (.text:_ADCA_EVT_ISR)
                  0000b667    0000000a     F2837xD_DefaultISR.obj (.text:_ADCB1_ISR)
                  0000b671    0000000a     F2837xD_DefaultISR.obj (.text:_ADCB2_ISR)
                  0000b67b    0000000a     F2837xD_DefaultISR.obj (.text:_ADCB3_ISR)
                  0000b685    0000000a     F2837xD_DefaultISR.obj (.text:_ADCB4_ISR)
                  0000b68f    0000000a     F2837xD_DefaultISR.obj (.text:_ADCB_EVT_ISR)
                  0000b699    0000000a     F2837xD_DefaultISR.obj (.text:_ADCC1_ISR)
                  0000b6a3    0000000a     F2837xD_DefaultISR.obj (.text:_ADCC2_ISR)
                  0000b6ad    0000000a     F2837xD_DefaultISR.obj (.text:_ADCC3_ISR)
                  0000b6b7    0000000a     F2837xD_DefaultISR.obj (.text:_ADCC4_ISR)
                  0000b6c1    0000000a     F2837xD_DefaultISR.obj (.text:_ADCC_EVT_ISR)
                  0000b6cb    0000000a     F2837xD_DefaultISR.obj (.text:_ADCD1_ISR)
                  0000b6d5    0000000a     F2837xD_DefaultISR.obj (.text:_ADCD2_ISR)
                  0000b6df    0000000a     F2837xD_DefaultISR.obj (.text:_ADCD3_ISR)
                  0000b6e9    0000000a     F2837xD_DefaultISR.obj (.text:_ADCD4_ISR)
                  0000b6f3    0000000a     F2837xD_DefaultISR.obj (.text:_ADCD_EVT_ISR)
                  0000b6fd    0000000a     F2837xD_DefaultISR.obj (.text:_AUX_PLL_SLIP_ISR)
                  0000b707    0000000a     F2837xD_DefaultISR.obj (.text:_CANA0_ISR)
                  0000b711    0000000a     F2837xD_DefaultISR.obj (.text:_CANA1_ISR)
                  0000b71b    0000000a     F2837xD_DefaultISR.obj (.text:_CANB0_ISR)
                  0000b725    0000000a     F2837xD_DefaultISR.obj (.text:_CANB1_ISR)
                  0000b72f    0000000a     F2837xD_DefaultISR.obj (.text:_CLA1_1_ISR)
                  0000b739    0000000a     F2837xD_DefaultISR.obj (.text:_CLA1_2_ISR)
                  0000b743    0000000a     F2837xD_DefaultISR.obj (.text:_CLA1_3_ISR)
                  0000b74d    0000000a     F2837xD_DefaultISR.obj (.text:_CLA1_4_ISR)
                  0000b757    0000000a     F2837xD_DefaultISR.obj (.text:_CLA1_5_ISR)
                  0000b761    0000000a     F2837xD_DefaultISR.obj (.text:_CLA1_6_ISR)
                  0000b76b    0000000a     F2837xD_DefaultISR.obj (.text:_CLA1_7_ISR)
                  0000b775    0000000a     F2837xD_DefaultISR.obj (.text:_CLA1_8_ISR)
                  0000b77f    0000000a     F2837xD_DefaultISR.obj (.text:_CLA_OVERFLOW_ISR)
                  0000b789    0000000a     F2837xD_DefaultISR.obj (.text:_CLA_UNDERFLOW_ISR)
                  0000b793    0000000a     F2837xD_DefaultISR.obj (.text:_DATALOG_ISR)
                  0000b79d    0000000a     F2837xD_DefaultISR.obj (.text:_DMA_CH1_ISR)
                  0000b7a7    0000000a     F2837xD_DefaultISR.obj (.text:_DMA_CH2_ISR)
                  0000b7b1    0000000a     F2837xD_DefaultISR.obj (.text:_DMA_CH3_ISR)
                  0000b7bb    0000000a     F2837xD_DefaultISR.obj (.text:_DMA_CH4_ISR)
                  0000b7c5    0000000a     F2837xD_DefaultISR.obj (.text:_DMA_CH5_ISR)
                  0000b7cf    0000000a     F2837xD_DefaultISR.obj (.text:_DMA_CH6_ISR)
                  0000b7d9    0000000a     F2837xD_DefaultISR.obj (.text:_ECAP1_ISR)
                  0000b7e3    0000000a     F2837xD_DefaultISR.obj (.text:_ECAP2_ISR)
                  0000b7ed    0000000a     F2837xD_DefaultISR.obj (.text:_ECAP3_ISR)
                  0000b7f7    00000009     rts2800_fpu32.lib : _lock.c.obj (.text)

.text.2    0    0000b800    000003c6     
                  0000b800    0000000a     F2837xD_DefaultISR.obj (.text:_ECAP4_ISR)
                  0000b80a    0000000a     F2837xD_DefaultISR.obj (.text:_ECAP5_ISR)
                  0000b814    0000000a     F2837xD_DefaultISR.obj (.text:_ECAP6_ISR)
                  0000b81e    0000000a     F2837xD_DefaultISR.obj (.text:_EMIF_ERROR_ISR)
                  0000b828    0000000a     F2837xD_DefaultISR.obj (.text:_EMU_ISR)
                  0000b832    0000000a     F2837xD_DefaultISR.obj (.text:_EPWM10_ISR)
                  0000b83c    0000000a     F2837xD_DefaultISR.obj (.text:_EPWM10_TZ_ISR)
                  0000b846    0000000a     F2837xD_DefaultISR.obj (.text:_EPWM11_ISR)
                  0000b850    0000000a     F2837xD_DefaultISR.obj (.text:_EPWM11_TZ_ISR)
                  0000b85a    0000000a     F2837xD_DefaultISR.obj (.text:_EPWM12_ISR)
                  0000b864    0000000a     F2837xD_DefaultISR.obj (.text:_EPWM12_TZ_ISR)
                  0000b86e    0000000a     F2837xD_DefaultISR.obj (.text:_EPWM1_ISR)
                  0000b878    0000000a     F2837xD_DefaultISR.obj (.text:_EPWM1_TZ_ISR)
                  0000b882    0000000a     F2837xD_DefaultISR.obj (.text:_EPWM2_ISR)
                  0000b88c    0000000a     F2837xD_DefaultISR.obj (.text:_EPWM2_TZ_ISR)
                  0000b896    0000000a     F2837xD_DefaultISR.obj (.text:_EPWM3_ISR)
                  0000b8a0    0000000a     F2837xD_DefaultISR.obj (.text:_EPWM3_TZ_ISR)
                  0000b8aa    0000000a     F2837xD_DefaultISR.obj (.text:_EPWM4_ISR)
                  0000b8b4    0000000a     F2837xD_DefaultISR.obj (.text:_EPWM4_TZ_ISR)
                  0000b8be    0000000a     F2837xD_DefaultISR.obj (.text:_EPWM5_ISR)
                  0000b8c8    0000000a     F2837xD_DefaultISR.obj (.text:_EPWM5_TZ_ISR)
                  0000b8d2    0000000a     F2837xD_DefaultISR.obj (.text:_EPWM6_ISR)
                  0000b8dc    0000000a     F2837xD_DefaultISR.obj (.text:_EPWM6_TZ_ISR)
                  0000b8e6    0000000a     F2837xD_DefaultISR.obj (.text:_EPWM7_ISR)
                  0000b8f0    0000000a     F2837xD_DefaultISR.obj (.text:_EPWM7_TZ_ISR)
                  0000b8fa    0000000a     F2837xD_DefaultISR.obj (.text:_EPWM8_ISR)
                  0000b904    0000000a     F2837xD_DefaultISR.obj (.text:_EPWM8_TZ_ISR)
                  0000b90e    0000000a     F2837xD_DefaultISR.obj (.text:_EPWM9_ISR)
                  0000b918    0000000a     F2837xD_DefaultISR.obj (.text:_EPWM9_TZ_ISR)
                  0000b922    0000000a     F2837xD_DefaultISR.obj (.text:_EQEP1_ISR)
                  0000b92c    0000000a     F2837xD_DefaultISR.obj (.text:_EQEP2_ISR)
                  0000b936    0000000a     F2837xD_DefaultISR.obj (.text:_EQEP3_ISR)
                  0000b940    0000000a     F2837xD_DefaultISR.obj (.text:_FLASH_CORRECTABLE_ERROR_ISR)
                  0000b94a    0000000a     F2837xD_DefaultISR.obj (.text:_FPU_OVERFLOW_ISR)
                  0000b954    0000000a     F2837xD_DefaultISR.obj (.text:_FPU_UNDERFLOW_ISR)
                  0000b95e    0000000a     F2837xD_DefaultISR.obj (.text:_I2CA_FIFO_ISR)
                  0000b968    0000000a     F2837xD_DefaultISR.obj (.text:_I2CA_ISR)
                  0000b972    0000000a     F2837xD_DefaultISR.obj (.text:_I2CB_FIFO_ISR)
                  0000b97c    0000000a     F2837xD_DefaultISR.obj (.text:_I2CB_ISR)
                  0000b986    0000000a     F2837xD_DefaultISR.obj (.text:_ILLEGAL_ISR)
                  0000b990    0000000a     F2837xD_DefaultISR.obj (.text:_IPC0_ISR)
                  0000b99a    0000000a     F2837xD_DefaultISR.obj (.text:_IPC1_ISR)
                  0000b9a4    0000000a     F2837xD_DefaultISR.obj (.text:_IPC2_ISR)
                  0000b9ae    0000000a     F2837xD_DefaultISR.obj (.text:_IPC3_ISR)
                  0000b9b8    0000000a     F2837xD_DefaultISR.obj (.text:_MCBSPA_RX_ISR)
                  0000b9c2    0000000a     F2837xD_DefaultISR.obj (.text:_MCBSPA_TX_ISR)
                  0000b9cc    0000000a     F2837xD_DefaultISR.obj (.text:_MCBSPB_RX_ISR)
                  0000b9d6    0000000a     F2837xD_DefaultISR.obj (.text:_MCBSPB_TX_ISR)
                  0000b9e0    0000000a     F2837xD_DefaultISR.obj (.text:_NMI_ISR)
                  0000b9ea    0000000a     F2837xD_DefaultISR.obj (.text:_NOTUSED_ISR)
                  0000b9f4    0000000a     F2837xD_DefaultISR.obj (.text:_PIE_RESERVED_ISR)
                  0000b9fe    0000000a     F2837xD_DefaultISR.obj (.text:_RAM_ACCESS_VIOLATION_ISR)
                  0000ba08    0000000a     F2837xD_DefaultISR.obj (.text:_RAM_CORRECTABLE_ERROR_ISR)
                  0000ba12    0000000a     F2837xD_DefaultISR.obj (.text:_RTOS_ISR)
                  0000ba1c    0000000a     F2837xD_DefaultISR.obj (.text:_SCIA_RX_ISR)
                  0000ba26    0000000a     F2837xD_DefaultISR.obj (.text:_SCIA_TX_ISR)
                  0000ba30    0000000a     F2837xD_DefaultISR.obj (.text:_SCIB_RX_ISR)
                  0000ba3a    0000000a     F2837xD_DefaultISR.obj (.text:_SCIB_TX_ISR)
                  0000ba44    0000000a     F2837xD_DefaultISR.obj (.text:_SCIC_RX_ISR)
                  0000ba4e    0000000a     F2837xD_DefaultISR.obj (.text:_SCIC_TX_ISR)
                  0000ba58    0000000a     F2837xD_DefaultISR.obj (.text:_SCID_RX_ISR)
                  0000ba62    0000000a     F2837xD_DefaultISR.obj (.text:_SCID_TX_ISR)
                  0000ba6c    0000000a     F2837xD_DefaultISR.obj (.text:_SD1_ISR)
                  0000ba76    0000000a     F2837xD_DefaultISR.obj (.text:_SD2_ISR)
                  0000ba80    0000000a     F2837xD_DefaultISR.obj (.text:_SPIA_RX_ISR)
                  0000ba8a    0000000a     F2837xD_DefaultISR.obj (.text:_SPIA_TX_ISR)
                  0000ba94    0000000a     F2837xD_DefaultISR.obj (.text:_SPIB_RX_ISR)
                  0000ba9e    0000000a     F2837xD_DefaultISR.obj (.text:_SPIB_TX_ISR)
                  0000baa8    0000000a     F2837xD_DefaultISR.obj (.text:_SPIC_RX_ISR)
                  0000bab2    0000000a     F2837xD_DefaultISR.obj (.text:_SPIC_TX_ISR)
                  0000babc    0000000a     F2837xD_DefaultISR.obj (.text:_SYS_PLL_SLIP_ISR)
                  0000bac6    0000000a     F2837xD_DefaultISR.obj (.text:_TIMER0_ISR)
                  0000bad0    0000000a     F2837xD_DefaultISR.obj (.text:_TIMER1_ISR)
                  0000bada    0000000a     F2837xD_DefaultISR.obj (.text:_TIMER2_ISR)
                  0000bae4    0000000a     F2837xD_DefaultISR.obj (.text:_UPPA_ISR)
                  0000baee    0000000a     F2837xD_DefaultISR.obj (.text:_USBA_ISR)
                  0000baf8    0000000a     F2837xD_DefaultISR.obj (.text:_USER10_ISR)
                  0000bb02    0000000a     F2837xD_DefaultISR.obj (.text:_USER11_ISR)
                  0000bb0c    0000000a     F2837xD_DefaultISR.obj (.text:_USER12_ISR)
                  0000bb16    0000000a     F2837xD_DefaultISR.obj (.text:_USER1_ISR)
                  0000bb20    0000000a     F2837xD_DefaultISR.obj (.text:_USER2_ISR)
                  0000bb2a    0000000a     F2837xD_DefaultISR.obj (.text:_USER3_ISR)
                  0000bb34    0000000a     F2837xD_DefaultISR.obj (.text:_USER4_ISR)
                  0000bb3e    0000000a     F2837xD_DefaultISR.obj (.text:_USER5_ISR)
                  0000bb48    0000000a     F2837xD_DefaultISR.obj (.text:_USER6_ISR)
                  0000bb52    0000000a     F2837xD_DefaultISR.obj (.text:_USER7_ISR)
                  0000bb5c    0000000a     F2837xD_DefaultISR.obj (.text:_USER8_ISR)
                  0000bb66    0000000a     F2837xD_DefaultISR.obj (.text:_USER9_ISR)
                  0000bb70    0000000a     F2837xD_DefaultISR.obj (.text:_VCU_ISR)
                  0000bb7a    0000000a     F2837xD_DefaultISR.obj (.text:_WAKE_ISR)
                  0000bb84    0000000a     F2837xD_DefaultISR.obj (.text:_XINT1_ISR)
                  0000bb8e    0000000a     F2837xD_DefaultISR.obj (.text:_XINT2_ISR)
                  0000bb98    0000000a     F2837xD_DefaultISR.obj (.text:_XINT3_ISR)
                  0000bba2    0000000a     F2837xD_DefaultISR.obj (.text:_XINT4_ISR)
                  0000bbac    0000000a     F2837xD_DefaultISR.obj (.text:_XINT5_ISR)
                  0000bbb6    00000008     F2837xD_CodeStartBranch.obj (.text)
                  0000bbbe    00000005     F2837xD_SysCtrl.obj (.text:_InitSysCtrl)
                  0000bbc3    00000002     rts2800_fpu32.lib : pre_init.c.obj (.text)
                  0000bbc5    00000001                       : startup.c.obj (.text)

MODULE SUMMARY

       Module                           code   initialized data   uninitialized data
       ------                           ----   ----------------   ------------------
    .\
       F2837xD_GlobalVariableDefs.obj   0      0                  8754              
       sdfm_filter_sync.obj             2606   0                  651               
       F2837xD_DefaultISR.obj           1413   0                  0                 
       sdfm_filter_sync_cla_cpu02.obj   1137   20                 42                
       F2837xD_PieVect.obj              38     448                0                 
       F2837xD_struct.obj               0      98                 74                
       F2837xD_SysCtrl.obj              141    0                  0                 
       F2837xD_PieCtrl.obj              31     0                  0                 
       F2837xD_CodeStartBranch.obj      10     0                  0                 
       F2837xD_usDelay.obj              4      0                  0                 
    +--+--------------------------------+------+------------------+--------------------+
       Total:                           5380   566                9521              
                                                                                    
    C:/ti/ccs1250/ccs/tools/compiler/ti-cgt-c2000_22.6.1.LTS/lib/rts2800_fpu32.lib
       boot28.asm.obj                   86     0                  0                 
       exit.c.obj                       41     14                 6                 
       cpy_tbl.c.obj                    36     0                  0                 
       memcpy.c.obj                     29     0                  0                 
       ll_aox28.asm.obj                 24     0                  0                 
       _lock.c.obj                      9      10                 4                 
       args_main.c.obj                  18     0                  0                 
       pre_init.c.obj                   2      0                  0                 
       startup.c.obj                    1      0                  0                 
    +--+--------------------------------+------+------------------+--------------------+
       Total:                           246    24                 10                
                                                                                    
       Stack:                           0      0                  256               
    +--+--------------------------------+------+------------------+--------------------+
       Grand Total:                     5626   590                9787              


GLOBAL DATA SYMBOLS: SORTED BY DATA PAGE

address     data page           name
--------    ----------------    ----
00000400      10 (00000400)     __stack

00000b00      2c (00000b00)     _AdcaResultRegs
00000b20      2c (00000b00)     _AdcbResultRegs

00000b40      2d (00000b40)     _AdccResultRegs
00000b60      2d (00000b40)     _AdcdResultRegs

00000c00      30 (00000c00)     _CpuTimer0Regs
00000c08      30 (00000c00)     _CpuTimer1Regs
00000c10      30 (00000c00)     _CpuTimer2Regs

00000ce0      33 (00000cc0)     _PieCtrlRegs

00000d00      34 (00000d00)     _PieVectTable

00001000      40 (00001000)     _DmaRegs

00001400      50 (00001400)     _Cla1Regs

00001480      52 (00001480)     _ClaToCPU

00001500      54 (00001500)     _CpuToCLA

00003000      c0 (00003000)     _Clb1LogicCfgRegs

00003100      c4 (00003100)     _Clb1LogicCtrlRegs

00003200      c8 (00003200)     _Clb1DataExchRegs

00003400      d0 (00003400)     _Clb2LogicCfgRegs

00003500      d4 (00003500)     _Clb2LogicCtrlRegs

00003600      d8 (00003600)     _Clb2DataExchRegs

00003800      e0 (00003800)     _Clb3LogicCfgRegs

00003900      e4 (00003900)     _Clb3LogicCtrlRegs

00003a00      e8 (00003a00)     _Clb3DataExchRegs

00003c00      f0 (00003c00)     _Clb4LogicCfgRegs

00003d00      f4 (00003d00)     _Clb4LogicCtrlRegs

00003e00      f8 (00003e00)     _Clb4DataExchRegs

00004000     100 (00004000)     _EPwm1Regs

00004100     104 (00004100)     _EPwm2Regs

00004200     108 (00004200)     _EPwm3Regs

00004300     10c (00004300)     _EPwm4Regs

00004400     110 (00004400)     _EPwm5Regs

00004500     114 (00004500)     _EPwm6Regs

00004600     118 (00004600)     _EPwm7Regs

00004700     11c (00004700)     _EPwm8Regs

00004800     120 (00004800)     _EPwm9Regs

00004900     124 (00004900)     _EPwm10Regs

00004a00     128 (00004a00)     _EPwm11Regs

00004b00     12c (00004b00)     _EPwm12Regs

00005000     140 (00005000)     _ECap1Regs
00005020     140 (00005000)     _ECap2Regs

00005040     141 (00005040)     _ECap3Regs
00005060     141 (00005040)     _ECap4Regs

00005080     142 (00005080)     _ECap5Regs
000050a0     142 (00005080)     _ECap6Regs

00005100     144 (00005100)     _EQep1Regs

00005140     145 (00005140)     _EQep2Regs

00005180     146 (00005180)     _EQep3Regs

00005c00     170 (00005c00)     _DacaRegs
00005c10     170 (00005c00)     _DacbRegs
00005c20     170 (00005c00)     _DaccRegs

00005c80     172 (00005c80)     _Cmpss1Regs
00005ca0     172 (00005c80)     _Cmpss2Regs

00005cc0     173 (00005cc0)     _Cmpss3Regs
00005ce0     173 (00005cc0)     _Cmpss4Regs

00005d00     174 (00005d00)     _Cmpss5Regs
00005d20     174 (00005d00)     _Cmpss6Regs

00005d40     175 (00005d40)     _Cmpss7Regs
00005d60     175 (00005d40)     _Cmpss8Regs

00005e00     178 (00005e00)     _Sdfm1Regs

00005e80     17a (00005e80)     _Sdfm2Regs

00006000     180 (00006000)     _McbspaRegs

00006040     181 (00006040)     _McbspbRegs

00006100     184 (00006100)     _SpiaRegs
00006110     184 (00006100)     _SpibRegs
00006120     184 (00006100)     _SpicRegs

00007000     1c0 (00007000)     _WdRegs

00007060     1c1 (00007040)     _NmiIntruptRegs
00007070     1c1 (00007040)     _XintRegs

00007200     1c8 (00007200)     _SciaRegs
00007210     1c8 (00007200)     _ScibRegs
00007220     1c8 (00007200)     _ScicRegs
00007230     1c8 (00007200)     _ScidRegs

00007300     1cc (00007300)     _I2caRegs

00007340     1cd (00007340)     _I2cbRegs

00007400     1d0 (00007400)     _AdcaRegs

00007480     1d2 (00007480)     _AdcbRegs

00007500     1d4 (00007500)     _AdccRegs

00007580     1d6 (00007580)     _AdcdRegs

00007980     1e6 (00007980)     _DmaClaSrcSelRegs

00007f00     1fc (00007f00)     _GpioDataRegs

00008000     200 (00008000)     _IsrTickerTask1
00008002     200 (00008000)     _rc1
00008010     200 (00008000)     _rc_Duty
0000801e     200 (00008000)     _rc_Phi
0000802c     200 (00008000)     _rc_VdcRef
0000803a     200 (00008000)     _rc_VcRef

00008048     201 (00008040)     _rc_IlvRef
00008056     201 (00008040)     _Kp_volt_Ubat_test
00008058     201 (00008040)     _Ki_volt_Ubat_test
0000805a     201 (00008040)     _Kp_volt_Udc_test
0000805c     201 (00008040)     _Ki_volt_Udc_test
0000805e     201 (00008040)     _pi_volt_Udc
0000807c     201 (00008040)     _pi_volt_Ubat

0000809a     202 (00008080)     _pi_volt_Ilv
000080b8     202 (00008080)     _Duty
000080ba     202 (00008080)     _detaPhi
000080bc     202 (00008080)     _theta1
000080be     202 (00008080)     _theta2

000080c0     203 (000080c0)     _Phase_Q1
000080c2     203 (000080c0)     _Phase_Q2
000080c4     203 (000080c0)     _Phase_S1_old
000080c6     203 (000080c0)     _Phase_S4_old
000080c8     203 (000080c0)     _Cmpa_Q1
000080ca     203 (000080c0)     _Cmpa_Q2
000080cc     203 (000080c0)     _Cmpa_S1
000080ce     203 (000080c0)     _Cmpa_S4
000080d0     203 (000080c0)     _Cmpb_S4
000080d2     203 (000080c0)     _PeriodMax
000080d4     203 (000080c0)     _error_volt_Udc_controller
000080d6     203 (000080c0)     _start_duty
000080d8     203 (000080c0)     _Cnt_duty
000080da     203 (000080c0)     _Cnt_phi
000080dc     203 (000080c0)     _Enable_duty
000080dd     203 (000080c0)     _Enable_phi
000080de     203 (000080c0)     _Flag_duty
000080df     203 (000080c0)     _Flag_phi
000080e0     203 (000080c0)     _AdcValue
000080ea     203 (000080c0)     _adc_filter
000080f4     203 (000080c0)     _adc_offset
000080fe     203 (000080c0)     _START_ADC
000080ff     203 (000080c0)     _OffsetCalCounter

00008100     204 (00008100)     _ResetOffset
00008102     204 (00008100)     _filter_Udc_CFDAB
0000810e     204 (00008100)     _filter_Ubat
0000811a     204 (00008100)     _filter_Vc
00008126     204 (00008100)     _filter_Ilv
00008132     204 (00008100)     _filter_Udc_CFDAB_pre
0000813e     204 (00008100)     _filter_Vc_pre

0000814a     205 (00008140)     _Enable_filter
0000814c     205 (00008140)     _Cnt_filter
0000814e     205 (00008140)     _filterBand_Vc
00008176     205 (00008140)     _cntl_2p2z_coeff_Udc

0000818a     206 (00008180)     _cntl_2p2z_coeff_Vc
0000819e     206 (00008180)     _cntl_2p2z_coeff_Ilv
000081b2     206 (00008180)     _cntl_2p2z_coeff_Ubat

000081c6     207 (000081c0)     _cntl_2p2z_var_Udc
000081d8     207 (000081c0)     _cntl_2p2z_var_Vc
000081ea     207 (000081c0)     _cntl_2p2z_var_Ilv
000081fc     207 (000081c0)     _cntl_2p2z_var_Ubat

0000820e     208 (00008200)     _cntl_pi_Ilv

0000832e     20c (00008300)     _filterBand_Udc_CFDAB

00008356     20d (00008340)     _TaskCpu2Cla1
00008357     20d (00008340)     _TaskCpu2Cla1_task2
00008358     20d (00008340)     _TaskCpu2Cla1_task8

0000e000     380 (0000e000)     _Task8_Isr
0000e001     380 (0000e000)     _StartFlag
0000e002     380 (0000e000)     _START
0000e003     380 (0000e000)     _Task1_Isr
0000e004     380 (0000e000)     _Task2_Isr
0000e005     380 (0000e000)     _ChannelAdc
0000e006     380 (0000e000)     _Vout_Display
0000e008     380 (0000e000)     _Vin_Display
0000e00a     380 (0000e000)     _Vc_Display
0000e00c     380 (0000e000)     _Setting_bat
0000e02a     380 (0000e000)     _ECAP
0000e038     380 (0000e000)     _EQEP

0000e040     381 (0000e040)     _EPWM
0000e05a     381 (0000e040)     _SPI
0000e062     381 (0000e040)     _SDFM
0000e068     381 (0000e040)     ___TI_enable_exit_profile_output
0000e06a     381 (0000e040)     ___TI_cleanup_ptr
0000e06c     381 (0000e040)     ___TI_dtors_ptr
0000e06e     381 (0000e040)     _I2C
0000e072     381 (0000e040)     _MCBSP
0000e076     381 (0000e040)     _SCI
0000e07a     381 (0000e040)     __lock
0000e07c     381 (0000e040)     __unlock

0000f000     3c0 (0000f000)     _PieVectTableInit

00047000    11c0 (00047000)     _Emif1Regs

00048000    1200 (00048000)     _CanaRegs

0004a000    1280 (0004a000)     _CanbRegs

00050000    1400 (00050000)     _IpcRegs
00050024    1400 (00050000)     _FlashPumpSemaphoreRegs

0005d200    1748 (0005d200)     _ClkCfgRegs

0005d300    174c (0005d300)     _CpuSysRegs

0005e608    1798 (0005e600)     _RomPrefetchRegs

0005f000    17c0 (0005f000)     _DcsmZ1Regs

0005f040    17c1 (0005f040)     _DcsmZ2Regs
0005f070    17c1 (0005f040)     _DcsmCommonRegs

0005f400    17d0 (0005f400)     _MemCfgRegs

0005f480    17d2 (0005f480)     _Emif1ConfigRegs

0005f4c0    17d3 (0005f4c0)     _AccessProtectionRegs

0005f500    17d4 (0005f500)     _MemoryErrorRegs

0005f800    17e0 (0005f800)     _Flash0CtrlRegs

0005fb00    17ec (0005fb00)     _Flash0EccRegs

000703c0    1c0f (000703c0)     _UidRegs


GLOBAL SYMBOLS: SORTED ALPHABETICALLY BY Name 

page  address   name                            
----  -------   ----                            
abs   ffffffff  .text                           
0     0000b4bd  C$$EXIT                         
abs   00000100  CLA_SCRATCHPAD_SIZE             
0     0000b56c  LL$$AND                         
0     0000b574  LL$$OR                          
0     0000b57c  LL$$XOR                         
0     0000b635  _ADCA1_ISR                      
0     0000b63f  _ADCA2_ISR                      
0     0000b649  _ADCA3_ISR                      
0     0000b653  _ADCA4_ISR                      
0     0000b65d  _ADCA_EVT_ISR                   
0     0000b667  _ADCB1_ISR                      
0     0000b671  _ADCB2_ISR                      
0     0000b67b  _ADCB3_ISR                      
0     0000b685  _ADCB4_ISR                      
0     0000b68f  _ADCB_EVT_ISR                   
0     0000b699  _ADCC1_ISR                      
0     0000b6a3  _ADCC2_ISR                      
0     0000b6ad  _ADCC3_ISR                      
0     0000b6b7  _ADCC4_ISR                      
0     0000b6c1  _ADCC_EVT_ISR                   
0     0000b6cb  _ADCD1_ISR                      
0     0000b6d5  _ADCD2_ISR                      
0     0000b6df  _ADCD3_ISR                      
0     0000b6e9  _ADCD4_ISR                      
0     0000b6f3  _ADCD_EVT_ISR                   
0     0000b6fd  _AUX_PLL_SLIP_ISR               
1     0005f4c0  _AccessProtectionRegs           
1     000080e0  _AdcValue                       
1     00007400  _AdcaRegs                       
1     00000b00  _AdcaResultRegs                 
1     00007480  _AdcbRegs                       
1     00000b20  _AdcbResultRegs                 
1     00007500  _AdccRegs                       
1     00000b40  _AdccResultRegs                 
1     00007580  _AdcdRegs                       
1     00000b60  _AdcdResultRegs                 
0     0000b707  _CANA0_ISR                      
0     0000b711  _CANA1_ISR                      
0     0000b71b  _CANB0_ISR                      
0     0000b725  _CANB1_ISR                      
0     0000b72f  _CLA1_1_ISR                     
0     0000b739  _CLA1_2_ISR                     
0     0000b743  _CLA1_3_ISR                     
0     0000b74d  _CLA1_4_ISR                     
0     0000b757  _CLA1_5_ISR                     
0     0000b761  _CLA1_6_ISR                     
0     0000b76b  _CLA1_7_ISR                     
0     0000b775  _CLA1_8_ISR                     
0     0000b77f  _CLA_OVERFLOW_ISR               
0     0000b789  _CLA_UNDERFLOW_ISR              
0     0000b43b  _CLA_initCpu2Cla                
0     0000b18b  _CMPSS_Protection_TPC           
1     00048000  _CanaRegs                       
1     0004a000  _CanbRegs                       
1     0000e005  _ChannelAdc                     
1     00001400  _Cla1Regs                       
0     00008800  _Cla1Task1                      
0     000091f6  _Cla1Task2                      
0     00009206  _Cla1Task3                      
0     0000920e  _Cla1Task4                      
0     00009216  _Cla1Task5                      
0     0000921e  _Cla1Task6                      
0     00009226  _Cla1Task7                      
0     0000913e  _Cla1Task8                      
1     00001480  _ClaToCPU                       
0     0000b481  _Cla_initMemoryMap              
1     00003200  _Clb1DataExchRegs               
1     00003000  _Clb1LogicCfgRegs               
1     00003100  _Clb1LogicCtrlRegs              
1     00003600  _Clb2DataExchRegs               
1     00003400  _Clb2LogicCfgRegs               
1     00003500  _Clb2LogicCtrlRegs              
1     00003a00  _Clb3DataExchRegs               
1     00003800  _Clb3LogicCfgRegs               
1     00003900  _Clb3LogicCtrlRegs              
1     00003e00  _Clb4DataExchRegs               
1     00003c00  _Clb4LogicCfgRegs               
1     00003d00  _Clb4LogicCtrlRegs              
1     0005d200  _ClkCfgRegs                     
1     000080c8  _Cmpa_Q1                        
1     000080ca  _Cmpa_Q2                        
1     000080cc  _Cmpa_S1                        
1     000080ce  _Cmpa_S4                        
1     000080d0  _Cmpb_S4                        
1     00005c80  _Cmpss1Regs                     
1     00005ca0  _Cmpss2Regs                     
1     00005cc0  _Cmpss3Regs                     
1     00005ce0  _Cmpss4Regs                     
1     00005d00  _Cmpss5Regs                     
1     00005d20  _Cmpss6Regs                     
1     00005d40  _Cmpss7Regs                     
1     00005d60  _Cmpss8Regs                     
1     000080d8  _Cnt_duty                       
1     0000814c  _Cnt_filter                     
1     000080da  _Cnt_phi                        
1     0005d300  _CpuSysRegs                     
1     00000c00  _CpuTimer0Regs                  
1     00000c08  _CpuTimer1Regs                  
1     00000c10  _CpuTimer2Regs                  
1     00001500  _CpuToCLA                       
0     0000b793  _DATALOG_ISR                    
0     0000b79d  _DMA_CH1_ISR                    
0     0000b7a7  _DMA_CH2_ISR                    
0     0000b7b1  _DMA_CH3_ISR                    
0     0000b7bb  _DMA_CH4_ISR                    
0     0000b7c5  _DMA_CH5_ISR                    
0     0000b7cf  _DMA_CH6_ISR                    
1     00005c00  _DacaRegs                       
1     00005c10  _DacbRegs                       
1     00005c20  _DaccRegs                       
1     0005f070  _DcsmCommonRegs                 
1     0005f000  _DcsmZ1Regs                     
1     0005f040  _DcsmZ2Regs                     
0     0000b61a  _DisableDog                     
1     00007980  _DmaClaSrcSelRegs               
1     00001000  _DmaRegs                        
1     000080b8  _Duty                           
1     0000e02a  _ECAP                           
0     0000b7d9  _ECAP1_ISR                      
0     0000b7e3  _ECAP2_ISR                      
0     0000b7ed  _ECAP3_ISR                      
0     0000b800  _ECAP4_ISR                      
0     0000b80a  _ECAP5_ISR                      
0     0000b814  _ECAP6_ISR                      
1     00005000  _ECap1Regs                      
1     00005020  _ECap2Regs                      
1     00005040  _ECap3Regs                      
1     00005060  _ECap4Regs                      
1     00005080  _ECap5Regs                      
1     000050a0  _ECap6Regs                      
0     0000b81e  _EMIF_ERROR_ISR                 
0     0000b628  _EMPTY_ISR                      
0     0000b828  _EMU_ISR                        
1     0000e040  _EPWM                           
0     0000b832  _EPWM10_ISR                     
0     0000b83c  _EPWM10_TZ_ISR                  
0     0000b846  _EPWM11_ISR                     
0     0000b850  _EPWM11_TZ_ISR                  
0     0000b85a  _EPWM12_ISR                     
0     0000b864  _EPWM12_TZ_ISR                  
0     0000b86e  _EPWM1_ISR                      
0     0000b878  _EPWM1_TZ_ISR                   
0     0000b882  _EPWM2_ISR                      
0     0000b88c  _EPWM2_TZ_ISR                   
0     0000b896  _EPWM3_ISR                      
0     0000b8a0  _EPWM3_TZ_ISR                   
0     0000b8aa  _EPWM4_ISR                      
0     0000b8b4  _EPWM4_TZ_ISR                   
0     0000b8be  _EPWM5_ISR                      
0     0000b8c8  _EPWM5_TZ_ISR                   
0     0000b8d2  _EPWM6_ISR                      
0     0000b8dc  _EPWM6_TZ_ISR                   
0     0000b8e6  _EPWM7_ISR                      
0     0000b8f0  _EPWM7_TZ_ISR                   
0     0000b8fa  _EPWM8_ISR                      
0     0000b904  _EPWM8_TZ_ISR                   
0     0000b90e  _EPWM9_ISR                      
0     0000b918  _EPWM9_TZ_ISR                   
1     00004900  _EPwm10Regs                     
1     00004a00  _EPwm11Regs                     
1     00004b00  _EPwm12Regs                     
1     00004000  _EPwm1Regs                      
1     00004100  _EPwm2Regs                      
1     00004200  _EPwm3Regs                      
1     00004300  _EPwm4Regs                      
1     00004400  _EPwm5Regs                      
1     00004500  _EPwm6Regs                      
1     00004600  _EPwm7Regs                      
1     00004700  _EPwm8Regs                      
1     00004800  _EPwm9Regs                      
1     0000e038  _EQEP                           
0     0000b922  _EQEP1_ISR                      
0     0000b92c  _EQEP2_ISR                      
0     0000b936  _EQEP3_ISR                      
1     00005100  _EQep1Regs                      
1     00005140  _EQep2Regs                      
1     00005180  _EQep3Regs                      
1     0005f480  _Emif1ConfigRegs                
1     00047000  _Emif1Regs                      
1     000080dc  _Enable_duty                    
1     0000814a  _Enable_filter                  
1     000080dd  _Enable_phi                     
0     000001b2  _F28x_usDelay                   
0     0000b940  _FLASH_CORRECTABLE_ERROR_ISR    
0     0000b94a  _FPU_OVERFLOW_ISR               
0     0000b954  _FPU_UNDERFLOW_ISR              
1     000080de  _Flag_duty                      
1     000080df  _Flag_phi                       
1     0005f800  _Flash0CtrlRegs                 
1     0005fb00  _Flash0EccRegs                  
1     00050024  _FlashPumpSemaphoreRegs         
1     00007f00  _GpioDataRegs                   
1     0000e06e  _I2C                            
0     0000b95e  _I2CA_FIFO_ISR                  
0     0000b968  _I2CA_ISR                       
0     0000b972  _I2CB_FIFO_ISR                  
0     0000b97c  _I2CB_ISR                       
1     00007300  _I2caRegs                       
1     00007340  _I2cbRegs                       
0     0000b986  _ILLEGAL_ISR                    
0     0000b990  _IPC0_ISR                       
0     0000b99a  _IPC1_ISR                       
0     0000b9a4  _IPC2_ISR                       
0     0000b9ae  _IPC3_ISR                       
0     0000b36b  _InitPeripheralClocks           
0     0000b530  _InitPieCtrl                    
0     0000b4e6  _InitPieVectTable               
0     0000bbbe  _InitSysCtrl                    
0     0000b2db  _Init_ADC_C                     
1     00050000  _IpcRegs                        
1     00008000  _IsrTickerTask1                 
1     00008058  _Ki_volt_Ubat_test              
1     0000805c  _Ki_volt_Udc_test               
1     00008056  _Kp_volt_Ubat_test              
1     0000805a  _Kp_volt_Udc_test               
1     0000e072  _MCBSP                          
0     0000b9b8  _MCBSPA_RX_ISR                  
0     0000b9c2  _MCBSPA_TX_ISR                  
0     0000b9cc  _MCBSPB_RX_ISR                  
0     0000b9d6  _MCBSPB_TX_ISR                  
1     00006000  _McbspaRegs                     
1     00006040  _McbspbRegs                     
1     0005f400  _MemCfgRegs                     
1     0005f500  _MemoryErrorRegs                
0     0000b9e0  _NMI_ISR                        
0     0000b9ea  _NOTUSED_ISR                    
1     00007060  _NmiIntruptRegs                 
1     000080ff  _OffsetCalCounter               
0     0000b9f4  _PIE_RESERVED_ISR               
0     0000b000  _PWM_CFDAB                      
1     000080d2  _PeriodMax                      
1     000080c0  _Phase_Q1                       
1     000080c2  _Phase_Q2                       
1     000080c4  _Phase_S1_old                   
1     000080c6  _Phase_S4_old                   
1     00000ce0  _PieCtrlRegs                    
1     00000d00  _PieVectTable                   
1     0000f000  _PieVectTableInit               
0     0000b9fe  _RAM_ACCESS_VIOLATION_ISR       
0     0000ba08  _RAM_CORRECTABLE_ERROR_ISR      
0     0000ba12  _RTOS_ISR                       
1     00008100  _ResetOffset                    
1     0005e608  _RomPrefetchRegs                
1     0000e076  _SCI                            
0     0000ba1c  _SCIA_RX_ISR                    
0     0000ba26  _SCIA_TX_ISR                    
0     0000ba30  _SCIB_RX_ISR                    
0     0000ba3a  _SCIB_TX_ISR                    
0     0000ba44  _SCIC_RX_ISR                    
0     0000ba4e  _SCIC_TX_ISR                    
0     0000ba58  _SCID_RX_ISR                    
0     0000ba62  _SCID_TX_ISR                    
0     0000ba6c  _SD1_ISR                        
0     0000ba76  _SD2_ISR                        
1     0000e062  _SDFM                           
1     0000e05a  _SPI                            
0     0000ba80  _SPIA_RX_ISR                    
0     0000ba8a  _SPIA_TX_ISR                    
0     0000ba94  _SPIB_RX_ISR                    
0     0000ba9e  _SPIB_TX_ISR                    
0     0000baa8  _SPIC_RX_ISR                    
0     0000bab2  _SPIC_TX_ISR                    
1     0000e002  _START                          
1     000080fe  _START_ADC                      
0     0000babc  _SYS_PLL_SLIP_ISR               
1     00007200  _SciaRegs                       
1     00007210  _ScibRegs                       
1     00007220  _ScicRegs                       
1     00007230  _ScidRegs                       
1     00005e00  _Sdfm1Regs                      
1     00005e80  _Sdfm2Regs                      
1     0000e00c  _Setting_bat                    
1     00006100  _SpiaRegs                       
1     00006110  _SpibRegs                       
1     00006120  _SpicRegs                       
1     0000e001  _StartFlag                      
0     0000bac6  _TIMER0_ISR                     
0     0000bad0  _TIMER1_ISR                     
0     0000bada  _TIMER2_ISR                     
1     0000e003  _Task1_Isr                      
1     0000e004  _Task2_Isr                      
1     0000e000  _Task8_Isr                      
1     00008356  _TaskCpu2Cla1                   
1     00008357  _TaskCpu2Cla1_task2             
1     00008358  _TaskCpu2Cla1_task8             
0     0000bae4  _UPPA_ISR                       
0     0000baee  _USBA_ISR                       
0     0000baf8  _USER10_ISR                     
0     0000bb02  _USER11_ISR                     
0     0000bb0c  _USER12_ISR                     
0     0000bb16  _USER1_ISR                      
0     0000bb20  _USER2_ISR                      
0     0000bb2a  _USER3_ISR                      
0     0000bb34  _USER4_ISR                      
0     0000bb3e  _USER5_ISR                      
0     0000bb48  _USER6_ISR                      
0     0000bb52  _USER7_ISR                      
0     0000bb5c  _USER8_ISR                      
0     0000bb66  _USER9_ISR                      
1     000703c0  _UidRegs                        
0     0000bb70  _VCU_ISR                        
1     0000e00a  _Vc_Display                     
1     0000e008  _Vin_Display                    
1     0000e006  _Vout_Display                   
0     0000bb7a  _WAKE_ISR                       
1     00007000  _WdRegs                         
0     0000bb84  _XINT1_ISR                      
0     0000bb8e  _XINT2_ISR                      
0     0000bb98  _XINT3_ISR                      
0     0000bba2  _XINT4_ISR                      
0     0000bbac  _XINT5_ISR                      
1     00007070  _XintRegs                       
1     00000500  __STACK_END                     
abs   00000100  __STACK_SIZE                    
1     0000e06a  ___TI_cleanup_ptr               
1     0000e06c  ___TI_dtors_ptr                 
1     0000e068  ___TI_enable_exit_profile_output
abs   ffffffff  ___TI_pprof_out_hndl            
abs   ffffffff  ___TI_prof_data_size            
abs   ffffffff  ___TI_prof_data_start           
abs   ffffffff  ___binit__                      
abs   ffffffff  ___c_args__                     
0     00000122  ___cinit__                      
abs   ffffffff  ___etext__                      
abs   ffffffff  ___pinit__                      
abs   ffffffff  ___text__                       
0     0000b5ac  __args_main                     
1     0000e07a  __lock                          
0     0000b7ff  __nop                           
0     0000b7fb  __register_lock                 
0     0000b7f7  __register_unlock               
1     00000400  __stack                         
0     0000bbc5  __system_post_cinit             
0     0000bbc3  __system_pre_init               
1     0000e07c  __unlock                        
0     0000b4bd  _abort                          
1     000080ea  _adc_filter                     
1     000080f4  _adc_offset                     
0     0000b3e5  _c_int00                        
0     0000b584  _cla1Isr1                       
0     0000b5be  _cla1Isr2                       
0     0000b5cf  _cla1Isr3                       
0     0000b5de  _cla1Isr4                       
0     0000b5ed  _cla1Isr5                       
0     0000b5fc  _cla1Isr6                       
0     0000b60b  _cla1Isr7                       
0     0000b598  _cla1Isr8                       
1     0000819e  _cntl_2p2z_coeff_Ilv            
1     000081b2  _cntl_2p2z_coeff_Ubat           
1     00008176  _cntl_2p2z_coeff_Udc            
1     0000818a  _cntl_2p2z_coeff_Vc             
1     000081ea  _cntl_2p2z_var_Ilv              
1     000081fc  _cntl_2p2z_var_Ubat             
1     000081c6  _cntl_2p2z_var_Udc              
1     000081d8  _cntl_2p2z_var_Vc               
1     0000820e  _cntl_pi_Ilv                    
0     0000b50c  _copy_in                        
1     000080ba  _detaPhi                        
1     000080d4  _error_volt_Udc_controller      
0     0000b4bf  _exit                           
1     0000832e  _filterBand_Udc_CFDAB           
1     0000814e  _filterBand_Vc                  
1     00008126  _filter_Ilv                     
1     0000810e  _filter_Ubat                    
1     00008102  _filter_Udc_CFDAB               
1     00008132  _filter_Udc_CFDAB_pre           
1     0000811a  _filter_Vc                      
1     0000813e  _filter_Vc_pre                  
0     0000b247  _main                           
0     0000b54f  _memcpy                         
1     0000809a  _pi_volt_Ilv                    
1     0000807c  _pi_volt_Ubat                   
1     0000805e  _pi_volt_Udc                    
1     00008002  _rc1                            
1     00008010  _rc_Duty                        
1     00008048  _rc_IlvRef                      
1     0000801e  _rc_Phi                         
1     0000803a  _rc_VcRef                       
1     0000802c  _rc_VdcRef                      
1     000080d6  _start_duty                     
1     000080bc  _theta1                         
1     000080be  _theta2                         
abs   ffffffff  binit                           
0     00000122  cinit                           
0     00000000  code_start                      
abs   ffffffff  etext                           
abs   ffffffff  pinit                           


GLOBAL SYMBOLS: SORTED BY Symbol Address 

page  address   name                            
----  -------   ----                            
0     00000000  code_start                      
0     00000122  ___cinit__                      
0     00000122  cinit                           
0     000001b2  _F28x_usDelay                   
0     00008800  _Cla1Task1                      
0     0000913e  _Cla1Task8                      
0     000091f6  _Cla1Task2                      
0     00009206  _Cla1Task3                      
0     0000920e  _Cla1Task4                      
0     00009216  _Cla1Task5                      
0     0000921e  _Cla1Task6                      
0     00009226  _Cla1Task7                      
0     0000b000  _PWM_CFDAB                      
0     0000b18b  _CMPSS_Protection_TPC           
0     0000b247  _main                           
0     0000b2db  _Init_ADC_C                     
0     0000b36b  _InitPeripheralClocks           
0     0000b3e5  _c_int00                        
0     0000b43b  _CLA_initCpu2Cla                
0     0000b481  _Cla_initMemoryMap              
0     0000b4bd  C$$EXIT                         
0     0000b4bd  _abort                          
0     0000b4bf  _exit                           
0     0000b4e6  _InitPieVectTable               
0     0000b50c  _copy_in                        
0     0000b530  _InitPieCtrl                    
0     0000b54f  _memcpy                         
0     0000b56c  LL$$AND                         
0     0000b574  LL$$OR                          
0     0000b57c  LL$$XOR                         
0     0000b584  _cla1Isr1                       
0     0000b598  _cla1Isr8                       
0     0000b5ac  __args_main                     
0     0000b5be  _cla1Isr2                       
0     0000b5cf  _cla1Isr3                       
0     0000b5de  _cla1Isr4                       
0     0000b5ed  _cla1Isr5                       
0     0000b5fc  _cla1Isr6                       
0     0000b60b  _cla1Isr7                       
0     0000b61a  _DisableDog                     
0     0000b628  _EMPTY_ISR                      
0     0000b635  _ADCA1_ISR                      
0     0000b63f  _ADCA2_ISR                      
0     0000b649  _ADCA3_ISR                      
0     0000b653  _ADCA4_ISR                      
0     0000b65d  _ADCA_EVT_ISR                   
0     0000b667  _ADCB1_ISR                      
0     0000b671  _ADCB2_ISR                      
0     0000b67b  _ADCB3_ISR                      
0     0000b685  _ADCB4_ISR                      
0     0000b68f  _ADCB_EVT_ISR                   
0     0000b699  _ADCC1_ISR                      
0     0000b6a3  _ADCC2_ISR                      
0     0000b6ad  _ADCC3_ISR                      
0     0000b6b7  _ADCC4_ISR                      
0     0000b6c1  _ADCC_EVT_ISR                   
0     0000b6cb  _ADCD1_ISR                      
0     0000b6d5  _ADCD2_ISR                      
0     0000b6df  _ADCD3_ISR                      
0     0000b6e9  _ADCD4_ISR                      
0     0000b6f3  _ADCD_EVT_ISR                   
0     0000b6fd  _AUX_PLL_SLIP_ISR               
0     0000b707  _CANA0_ISR                      
0     0000b711  _CANA1_ISR                      
0     0000b71b  _CANB0_ISR                      
0     0000b725  _CANB1_ISR                      
0     0000b72f  _CLA1_1_ISR                     
0     0000b739  _CLA1_2_ISR                     
0     0000b743  _CLA1_3_ISR                     
0     0000b74d  _CLA1_4_ISR                     
0     0000b757  _CLA1_5_ISR                     
0     0000b761  _CLA1_6_ISR                     
0     0000b76b  _CLA1_7_ISR                     
0     0000b775  _CLA1_8_ISR                     
0     0000b77f  _CLA_OVERFLOW_ISR               
0     0000b789  _CLA_UNDERFLOW_ISR              
0     0000b793  _DATALOG_ISR                    
0     0000b79d  _DMA_CH1_ISR                    
0     0000b7a7  _DMA_CH2_ISR                    
0     0000b7b1  _DMA_CH3_ISR                    
0     0000b7bb  _DMA_CH4_ISR                    
0     0000b7c5  _DMA_CH5_ISR                    
0     0000b7cf  _DMA_CH6_ISR                    
0     0000b7d9  _ECAP1_ISR                      
0     0000b7e3  _ECAP2_ISR                      
0     0000b7ed  _ECAP3_ISR                      
0     0000b7f7  __register_unlock               
0     0000b7fb  __register_lock                 
0     0000b7ff  __nop                           
0     0000b800  _ECAP4_ISR                      
0     0000b80a  _ECAP5_ISR                      
0     0000b814  _ECAP6_ISR                      
0     0000b81e  _EMIF_ERROR_ISR                 
0     0000b828  _EMU_ISR                        
0     0000b832  _EPWM10_ISR                     
0     0000b83c  _EPWM10_TZ_ISR                  
0     0000b846  _EPWM11_ISR                     
0     0000b850  _EPWM11_TZ_ISR                  
0     0000b85a  _EPWM12_ISR                     
0     0000b864  _EPWM12_TZ_ISR                  
0     0000b86e  _EPWM1_ISR                      
0     0000b878  _EPWM1_TZ_ISR                   
0     0000b882  _EPWM2_ISR                      
0     0000b88c  _EPWM2_TZ_ISR                   
0     0000b896  _EPWM3_ISR                      
0     0000b8a0  _EPWM3_TZ_ISR                   
0     0000b8aa  _EPWM4_ISR                      
0     0000b8b4  _EPWM4_TZ_ISR                   
0     0000b8be  _EPWM5_ISR                      
0     0000b8c8  _EPWM5_TZ_ISR                   
0     0000b8d2  _EPWM6_ISR                      
0     0000b8dc  _EPWM6_TZ_ISR                   
0     0000b8e6  _EPWM7_ISR                      
0     0000b8f0  _EPWM7_TZ_ISR                   
0     0000b8fa  _EPWM8_ISR                      
0     0000b904  _EPWM8_TZ_ISR                   
0     0000b90e  _EPWM9_ISR                      
0     0000b918  _EPWM9_TZ_ISR                   
0     0000b922  _EQEP1_ISR                      
0     0000b92c  _EQEP2_ISR                      
0     0000b936  _EQEP3_ISR                      
0     0000b940  _FLASH_CORRECTABLE_ERROR_ISR    
0     0000b94a  _FPU_OVERFLOW_ISR               
0     0000b954  _FPU_UNDERFLOW_ISR              
0     0000b95e  _I2CA_FIFO_ISR                  
0     0000b968  _I2CA_ISR                       
0     0000b972  _I2CB_FIFO_ISR                  
0     0000b97c  _I2CB_ISR                       
0     0000b986  _ILLEGAL_ISR                    
0     0000b990  _IPC0_ISR                       
0     0000b99a  _IPC1_ISR                       
0     0000b9a4  _IPC2_ISR                       
0     0000b9ae  _IPC3_ISR                       
0     0000b9b8  _MCBSPA_RX_ISR                  
0     0000b9c2  _MCBSPA_TX_ISR                  
0     0000b9cc  _MCBSPB_RX_ISR                  
0     0000b9d6  _MCBSPB_TX_ISR                  
0     0000b9e0  _NMI_ISR                        
0     0000b9ea  _NOTUSED_ISR                    
0     0000b9f4  _PIE_RESERVED_ISR               
0     0000b9fe  _RAM_ACCESS_VIOLATION_ISR       
0     0000ba08  _RAM_CORRECTABLE_ERROR_ISR      
0     0000ba12  _RTOS_ISR                       
0     0000ba1c  _SCIA_RX_ISR                    
0     0000ba26  _SCIA_TX_ISR                    
0     0000ba30  _SCIB_RX_ISR                    
0     0000ba3a  _SCIB_TX_ISR                    
0     0000ba44  _SCIC_RX_ISR                    
0     0000ba4e  _SCIC_TX_ISR                    
0     0000ba58  _SCID_RX_ISR                    
0     0000ba62  _SCID_TX_ISR                    
0     0000ba6c  _SD1_ISR                        
0     0000ba76  _SD2_ISR                        
0     0000ba80  _SPIA_RX_ISR                    
0     0000ba8a  _SPIA_TX_ISR                    
0     0000ba94  _SPIB_RX_ISR                    
0     0000ba9e  _SPIB_TX_ISR                    
0     0000baa8  _SPIC_RX_ISR                    
0     0000bab2  _SPIC_TX_ISR                    
0     0000babc  _SYS_PLL_SLIP_ISR               
0     0000bac6  _TIMER0_ISR                     
0     0000bad0  _TIMER1_ISR                     
0     0000bada  _TIMER2_ISR                     
0     0000bae4  _UPPA_ISR                       
0     0000baee  _USBA_ISR                       
0     0000baf8  _USER10_ISR                     
0     0000bb02  _USER11_ISR                     
0     0000bb0c  _USER12_ISR                     
0     0000bb16  _USER1_ISR                      
0     0000bb20  _USER2_ISR                      
0     0000bb2a  _USER3_ISR                      
0     0000bb34  _USER4_ISR                      
0     0000bb3e  _USER5_ISR                      
0     0000bb48  _USER6_ISR                      
0     0000bb52  _USER7_ISR                      
0     0000bb5c  _USER8_ISR                      
0     0000bb66  _USER9_ISR                      
0     0000bb70  _VCU_ISR                        
0     0000bb7a  _WAKE_ISR                       
0     0000bb84  _XINT1_ISR                      
0     0000bb8e  _XINT2_ISR                      
0     0000bb98  _XINT3_ISR                      
0     0000bba2  _XINT4_ISR                      
0     0000bbac  _XINT5_ISR                      
0     0000bbbe  _InitSysCtrl                    
0     0000bbc3  __system_pre_init               
0     0000bbc5  __system_post_cinit             
1     00000400  __stack                         
1     00000500  __STACK_END                     
1     00000b00  _AdcaResultRegs                 
1     00000b20  _AdcbResultRegs                 
1     00000b40  _AdccResultRegs                 
1     00000b60  _AdcdResultRegs                 
1     00000c00  _CpuTimer0Regs                  
1     00000c08  _CpuTimer1Regs                  
1     00000c10  _CpuTimer2Regs                  
1     00000ce0  _PieCtrlRegs                    
1     00000d00  _PieVectTable                   
1     00001000  _DmaRegs                        
1     00001400  _Cla1Regs                       
1     00001480  _ClaToCPU                       
1     00001500  _CpuToCLA                       
1     00003000  _Clb1LogicCfgRegs               
1     00003100  _Clb1LogicCtrlRegs              
1     00003200  _Clb1DataExchRegs               
1     00003400  _Clb2LogicCfgRegs               
1     00003500  _Clb2LogicCtrlRegs              
1     00003600  _Clb2DataExchRegs               
1     00003800  _Clb3LogicCfgRegs               
1     00003900  _Clb3LogicCtrlRegs              
1     00003a00  _Clb3DataExchRegs               
1     00003c00  _Clb4LogicCfgRegs               
1     00003d00  _Clb4LogicCtrlRegs              
1     00003e00  _Clb4DataExchRegs               
1     00004000  _EPwm1Regs                      
1     00004100  _EPwm2Regs                      
1     00004200  _EPwm3Regs                      
1     00004300  _EPwm4Regs                      
1     00004400  _EPwm5Regs                      
1     00004500  _EPwm6Regs                      
1     00004600  _EPwm7Regs                      
1     00004700  _EPwm8Regs                      
1     00004800  _EPwm9Regs                      
1     00004900  _EPwm10Regs                     
1     00004a00  _EPwm11Regs                     
1     00004b00  _EPwm12Regs                     
1     00005000  _ECap1Regs                      
1     00005020  _ECap2Regs                      
1     00005040  _ECap3Regs                      
1     00005060  _ECap4Regs                      
1     00005080  _ECap5Regs                      
1     000050a0  _ECap6Regs                      
1     00005100  _EQep1Regs                      
1     00005140  _EQep2Regs                      
1     00005180  _EQep3Regs                      
1     00005c00  _DacaRegs                       
1     00005c10  _DacbRegs                       
1     00005c20  _DaccRegs                       
1     00005c80  _Cmpss1Regs                     
1     00005ca0  _Cmpss2Regs                     
1     00005cc0  _Cmpss3Regs                     
1     00005ce0  _Cmpss4Regs                     
1     00005d00  _Cmpss5Regs                     
1     00005d20  _Cmpss6Regs                     
1     00005d40  _Cmpss7Regs                     
1     00005d60  _Cmpss8Regs                     
1     00005e00  _Sdfm1Regs                      
1     00005e80  _Sdfm2Regs                      
1     00006000  _McbspaRegs                     
1     00006040  _McbspbRegs                     
1     00006100  _SpiaRegs                       
1     00006110  _SpibRegs                       
1     00006120  _SpicRegs                       
1     00007000  _WdRegs                         
1     00007060  _NmiIntruptRegs                 
1     00007070  _XintRegs                       
1     00007200  _SciaRegs                       
1     00007210  _ScibRegs                       
1     00007220  _ScicRegs                       
1     00007230  _ScidRegs                       
1     00007300  _I2caRegs                       
1     00007340  _I2cbRegs                       
1     00007400  _AdcaRegs                       
1     00007480  _AdcbRegs                       
1     00007500  _AdccRegs                       
1     00007580  _AdcdRegs                       
1     00007980  _DmaClaSrcSelRegs               
1     00007f00  _GpioDataRegs                   
1     00008000  _IsrTickerTask1                 
1     00008002  _rc1                            
1     00008010  _rc_Duty                        
1     0000801e  _rc_Phi                         
1     0000802c  _rc_VdcRef                      
1     0000803a  _rc_VcRef                       
1     00008048  _rc_IlvRef                      
1     00008056  _Kp_volt_Ubat_test              
1     00008058  _Ki_volt_Ubat_test              
1     0000805a  _Kp_volt_Udc_test               
1     0000805c  _Ki_volt_Udc_test               
1     0000805e  _pi_volt_Udc                    
1     0000807c  _pi_volt_Ubat                   
1     0000809a  _pi_volt_Ilv                    
1     000080b8  _Duty                           
1     000080ba  _detaPhi                        
1     000080bc  _theta1                         
1     000080be  _theta2                         
1     000080c0  _Phase_Q1                       
1     000080c2  _Phase_Q2                       
1     000080c4  _Phase_S1_old                   
1     000080c6  _Phase_S4_old                   
1     000080c8  _Cmpa_Q1                        
1     000080ca  _Cmpa_Q2                        
1     000080cc  _Cmpa_S1                        
1     000080ce  _Cmpa_S4                        
1     000080d0  _Cmpb_S4                        
1     000080d2  _PeriodMax                      
1     000080d4  _error_volt_Udc_controller      
1     000080d6  _start_duty                     
1     000080d8  _Cnt_duty                       
1     000080da  _Cnt_phi                        
1     000080dc  _Enable_duty                    
1     000080dd  _Enable_phi                     
1     000080de  _Flag_duty                      
1     000080df  _Flag_phi                       
1     000080e0  _AdcValue                       
1     000080ea  _adc_filter                     
1     000080f4  _adc_offset                     
1     000080fe  _START_ADC                      
1     000080ff  _OffsetCalCounter               
1     00008100  _ResetOffset                    
1     00008102  _filter_Udc_CFDAB               
1     0000810e  _filter_Ubat                    
1     0000811a  _filter_Vc                      
1     00008126  _filter_Ilv                     
1     00008132  _filter_Udc_CFDAB_pre           
1     0000813e  _filter_Vc_pre                  
1     0000814a  _Enable_filter                  
1     0000814c  _Cnt_filter                     
1     0000814e  _filterBand_Vc                  
1     00008176  _cntl_2p2z_coeff_Udc            
1     0000818a  _cntl_2p2z_coeff_Vc             
1     0000819e  _cntl_2p2z_coeff_Ilv            
1     000081b2  _cntl_2p2z_coeff_Ubat           
1     000081c6  _cntl_2p2z_var_Udc              
1     000081d8  _cntl_2p2z_var_Vc               
1     000081ea  _cntl_2p2z_var_Ilv              
1     000081fc  _cntl_2p2z_var_Ubat             
1     0000820e  _cntl_pi_Ilv                    
1     0000832e  _filterBand_Udc_CFDAB           
1     00008356  _TaskCpu2Cla1                   
1     00008357  _TaskCpu2Cla1_task2             
1     00008358  _TaskCpu2Cla1_task8             
1     0000e000  _Task8_Isr                      
1     0000e001  _StartFlag                      
1     0000e002  _START                          
1     0000e003  _Task1_Isr                      
1     0000e004  _Task2_Isr                      
1     0000e005  _ChannelAdc                     
1     0000e006  _Vout_Display                   
1     0000e008  _Vin_Display                    
1     0000e00a  _Vc_Display                     
1     0000e00c  _Setting_bat                    
1     0000e02a  _ECAP                           
1     0000e038  _EQEP                           
1     0000e040  _EPWM                           
1     0000e05a  _SPI                            
1     0000e062  _SDFM                           
1     0000e068  ___TI_enable_exit_profile_output
1     0000e06a  ___TI_cleanup_ptr               
1     0000e06c  ___TI_dtors_ptr                 
1     0000e06e  _I2C                            
1     0000e072  _MCBSP                          
1     0000e076  _SCI                            
1     0000e07a  __lock                          
1     0000e07c  __unlock                        
1     0000f000  _PieVectTableInit               
1     00047000  _Emif1Regs                      
1     00048000  _CanaRegs                       
1     0004a000  _CanbRegs                       
1     00050000  _IpcRegs                        
1     00050024  _FlashPumpSemaphoreRegs         
1     0005d200  _ClkCfgRegs                     
1     0005d300  _CpuSysRegs                     
1     0005e608  _RomPrefetchRegs                
1     0005f000  _DcsmZ1Regs                     
1     0005f040  _DcsmZ2Regs                     
1     0005f070  _DcsmCommonRegs                 
1     0005f400  _MemCfgRegs                     
1     0005f480  _Emif1ConfigRegs                
1     0005f4c0  _AccessProtectionRegs           
1     0005f500  _MemoryErrorRegs                
1     0005f800  _Flash0CtrlRegs                 
1     0005fb00  _Flash0EccRegs                  
1     000703c0  _UidRegs                        
abs   00000100  CLA_SCRATCHPAD_SIZE             
abs   00000100  __STACK_SIZE                    
abs   ffffffff  .text                           
abs   ffffffff  ___TI_pprof_out_hndl            
abs   ffffffff  ___TI_prof_data_size            
abs   ffffffff  ___TI_prof_data_start           
abs   ffffffff  ___binit__                      
abs   ffffffff  ___c_args__                     
abs   ffffffff  ___etext__                      
abs   ffffffff  ___pinit__                      
abs   ffffffff  ___text__                       
abs   ffffffff  binit                           
abs   ffffffff  etext                           
abs   ffffffff  pinit                           

[388 symbols]
